174.198.239.167 - - [09/Jun/2020:12:52:26 -0400] "GET /static/css/style-wide.css HTTP/1.1" 200 561 "https://frugally.io/" "Mozilla/5.0 (Linux; Android 9; SM-N950U1) AppleWebKit/537.36 (KHTML, like Gecko) Chrome/83.0.4103.101 Mobile Safari/537.36"
174.198.239.167 - - [09/Jun/2020:12:52:26 -0400] "GET /static/css/style.css HTTP/1.1" 200 3991 "https://frugally.io/" "Mozilla/5.0 (Linux; Android 9; SM-N950U1) AppleWebKit/537.36 (KHTML, like Gecko) Chrome/83.0.4103.101 Mobile Safari/537.36"
174.198.239.167 - - [09/Jun/2020:12:52:26 -0400] "GET /static/css/style-mobile.css HTTP/1.1" 200 710 "https://frugally.io/" "Mozilla/5.0 (Linux; Android 9; SM-N950U1) AppleWebKit/537.36 (KHTML, like Gecko) Chrome/83.0.4103.101 Mobile Safari/537.36"
174.198.239.167 - - [09/Jun/2020:12:52:27 -0400] "GET /static/css/font-awesome.min.css HTTP/1.1" 200 4414 "https://frugally.io/" "Mozilla/5.0 (Linux; Android 9; SM-N950U1) AppleWebKit/537.36 (KHTML, like Gecko) Chrome/83.0.4103.101 Mobile Safari/537.36"
174.198.239.167 - - [09/Jun/2020:12:52:27 -0400] "GET /static/css/images/toggle.svg HTTP/1.1" 404 512 "https://frugally.io/static/css/style-narrower.css" "Mozilla/5.0 (Linux; Android 9; SM-N950U1) AppleWebKit/537.36 (KHTML, like Gecko) Chrome/83.0.4103.101 Mobile Safari/537.36"
174.198.239.167 - - [09/Jun/2020:12:52:27 -0400] "GET /static/fonts/fontawesome-webfont.woff?v=4.0.3 HTTP/1.1" 200 44819 "https://frugally.io/static/css/font-awesome.min.css" "Mozilla/5.0 (Linux; Android 9; SM-N950U1) AppleWebKit/537.36 (KHTML, like Gecko) Chrome/83.0.4103.101 Mobile Safari/537.36"
174.198.239.167 - - [09/Jun/2020:12:52:28 -0400] "GET /favicon.ico HTTP/1.1" 404 465 "https://frugally.io/" "Mozilla/5.0 (Linux; Android 9; SM-N950U1) AppleWebKit/537.36 (KHTML, like Gecko) Chrome/83.0.4103.101 Mobile Safari/537.36"
174.198.239.167 - - [09/Jun/2020:12:52:47 -0400] "-" 408 527 "-" "-"
160.107.116.37 - - [09/Jun/2020:12:53:44 -0400] "POST /discount/gender%3Dall%2Bvendors%3DNordstrom_Nike HTTP/1.1" 302 4790 "https://frugally.io/discount/gender%3Dall%2Bvendors%3DNordstrom_Nike" "Mozilla/5.0 (Windows NT 10.0; WOW64) AppleWebKit/537.36 (KHTML, like Gecko) Chrome/83.0.4103.97 Safari/537.36"
160.107.116.37 - - [09/Jun/2020:12:53:45 -0400] "GET /discount/gender%3Dall%2Bvendors HTTP/1.1" 500 499 "-" "Mozilla/5.0 (Windows NT 10.0; WOW64) AppleWebKit/537.36 (KHTML, like Gecko) Chrome/83.0.4103.97 Safari/537.36"
160.107.116.37 - - [09/Jun/2020:12:53:49 -0400] "GET / HTTP/1.1" 200 14785 "-" "Mozilla/5.0 (Windows NT 10.0; WOW64) AppleWebKit/537.36 (KHTML, like Gecko) Chrome/83.0.4103.97 Safari/537.36"
160.107.116.37 - - [09/Jun/2020:12:53:52 -0400] "POST / HTTP/1.1" 302 586 "https://frugally.io/" "Mozilla/5.0 (Windows NT 10.0; WOW64) AppleWebKit/537.36 (KHTML, like Gecko) Chrome/83.0.4103.97 Safari/537.36"
160.107.116.37 - - [09/Jun/2020:12:53:52 -0400] "GET /discount/gender%3Dall%2Bvendors HTTP/1.1" 500 499 "-" "Mozilla/5.0 (Windows NT 10.0; WOW64) AppleWebKit/537.36 (KHTML, like Gecko) Chrome/83.0.4103.97 Safari/537.36"
160.107.116.37 - - [09/Jun/2020:12:58:22 -0400] "GET / HTTP/1.1" 200 18461 "-" "Mozilla/5.0 (Windows NT 10.0; WOW64) AppleWebKit/537.36 (KHTML, like Gecko) Chrome/83.0.4103.97 Safari/537.36"
160.107.116.37 - - [09/Jun/2020:12:59:08 -0400] "POST / HTTP/1.1" 302 1114 "https://frugally.io/" "Mozilla/5.0 (Windows NT 10.0; WOW64) AppleWebKit/537.36 (KHTML, like Gecko) Chrome/83.0.4103.97 Safari/537.36"
160.107.116.37 - - [09/Jun/2020:12:59:12 -0400] "GET /discount/gender%3Dall%2Bvendors HTTP/1.1" 200 13844 "-" "Mozilla/5.0 (Windows NT 10.0; WOW64) AppleWebKit/537.36 (KHTML, like Gecko) Chrome/83.0.4103.97 Safari/537.36"
193.118.53.194 - - [09/Jun/2020:13:21:47 -0400] "GET / HTTP/1.1" 200 17847 "-" "Mozilla/5.0 (Windows NT 10.0; Win64; x64) AppleWebKit/537.36 (KHTML, like Gecko) Chrome/60.0.3112.113 Safari/537.36"
128.14.134.134 - - [09/Jun/2020:13:32:16 -0400] "GET / HTTP/1.1" 200 17847 "http://108.52.23.95/" "Mozilla/5.0 (Windows NT 10.0; Win64; x64) AppleWebKit/537.36 (KHTML, like Gecko) Chrome/60.0.3112.113 Safari/537.36"
160.107.116.37 - - [09/Jun/2020:13:45:59 -0400] "GET / HTTP/1.1" 200 18461 "-" "Mozilla/5.0 (Windows NT 10.0; WOW64) AppleWebKit/537.36 (KHTML, like Gecko) Chrome/83.0.4103.97 Safari/537.36"
160.107.116.37 - - [09/Jun/2020:13:46:13 -0400] "POST / HTTP/1.1" 302 1141 "https://frugally.io/" "Mozilla/5.0 (Windows NT 10.0; WOW64) AppleWebKit/537.36 (KHTML, like Gecko) Chrome/83.0.4103.97 Safari/537.36"
3.101.0.4 - - [09/Jun/2020:13:46:14 -0400] "GET /discount/gender%3Dall%2Bvendors%3DBurberry HTTP/1.1" 500 4348 "-" "Mozilla/5.0 (Windows NT 10.0; WOW64) AppleWebKit/537.36 (KHTML, like Gecko) Chrome/83.0.4103.97 Safari/537.36"
135.14.238.250 - - [09/Jun/2020:13:46:14 -0400] "GET /discount/gender%3Dall%2Bvendors%3DBurberry HTTP/1.1" 500 4348 "-" "Mozilla/5.0 (Windows NT 10.0; WOW64) AppleWebKit/537.36 (KHTML, like Gecko) Chrome/83.0.4103.97 Safari/537.36"
160.107.116.37 - - [09/Jun/2020:13:46:14 -0400] "GET /discount/gender%3Dall%2Bvendors%3DBurberry HTTP/1.1" 500 499 "-" "Mozilla/5.0 (Windows NT 10.0; WOW64) AppleWebKit/537.36 (KHTML, like Gecko) Chrome/83.0.4103.97 Safari/537.36"
192.35.168.249 - - [09/Jun/2020:13:51:54 -0400] "GET / HTTP/1.1" 200 18026 "-" "Mozilla/5.0 zgrab/0.x"
160.107.116.37 - - [09/Jun/2020:13:54:19 -0400] "GET / HTTP/1.1" 200 18461 "-" "Mozilla/5.0 (Windows NT 10.0; WOW64) AppleWebKit/537.36 (KHTML, like Gecko) Chrome/83.0.4103.97 Safari/537.36"
160.107.116.37 - - [09/Jun/2020:13:55:15 -0400] "POST / HTTP/1.1" 302 1207 "https://frugally.io/" "Mozilla/5.0 (Windows NT 10.0; WOW64) AppleWebKit/537.36 (KHTML, like Gecko) Chrome/83.0.4103.97 Safari/537.36"
3.101.0.4 - - [09/Jun/2020:13:55:16 -0400] "GET /discount/gender%3Dall%2Bvendors%3DNordstrom_Nike%2Bbrands%3DBurberry HTTP/1.1" 200 57951 "-" "Mozilla/5.0 (Windows NT 10.0; WOW64) AppleWebKit/537.36 (KHTML, like Gecko) Chrome/83.0.4103.97 Safari/537.36"
160.107.116.37 - - [09/Jun/2020:13:55:17 -0400] "GET /discount/gender%3Dall%2Bvendors%3DNordstrom_Nike%2Bbrands%3DBurberry HTTP/1.1" 200 5206 "-" "Mozilla/5.0 (Windows NT 10.0; WOW64) AppleWebKit/537.36 (KHTML, like Gecko) Chrome/83.0.4103.97 Safari/537.36"
160.107.116.37 - - [09/Jun/2020:13:55:39 -0400] "GET /discount/gender%3Dall%2Bvendors%3DNordstrom_Nike%2Bbrands%3DBurberry?page=12 HTTP/1.1" 200 4309 "https://frugally.io/discount/gender%3Dall%2Bvendors%3DNordstrom_Nike%2Bbrands%3DBurberry" "Mozilla/5.0 (Windows NT 10.0; WOW64) AppleWebKit/537.36 (KHTML, like Gecko) Chrome/83.0.4103.97 Safari/537.36"
160.107.116.37 - - [09/Jun/2020:13:56:07 -0400] "GET / HTTP/1.1" 200 14785 "https://frugally.io/discount/gender%3Dall%2Bvendors%3DNordstrom_Nike%2Bbrands%3DBurberry?page=12" "Mozilla/5.0 (Windows NT 10.0; WOW64) AppleWebKit/537.36 (KHTML, like Gecko) Chrome/83.0.4103.97 Safari/537.36"
160.107.116.37 - - [09/Jun/2020:13:56:17 -0400] "POST / HTTP/1.1" 302 1192 "https://frugally.io/" "Mozilla/5.0 (Windows NT 10.0; WOW64) AppleWebKit/537.36 (KHTML, like Gecko) Chrome/83.0.4103.97 Safari/537.36"
3.101.0.4 - - [09/Jun/2020:13:56:18 -0400] "GET /discount/gender%3Dall%2Bvendors%3DNordstrom%2Bbrands%3DBurberry HTTP/1.1" 200 12385 "-" "Mozilla/5.0 (Windows NT 10.0; WOW64) AppleWebKit/537.36 (KHTML, like Gecko) Chrome/83.0.4103.97 Safari/537.36"
160.107.116.37 - - [09/Jun/2020:13:56:19 -0400] "GET /discount/gender%3Dall%2Bvendors%3DNordstrom%2Bbrands%3DBurberry HTTP/1.1" 200 1867 "-" "Mozilla/5.0 (Windows NT 10.0; WOW64) AppleWebKit/537.36 (KHTML, like Gecko) Chrome/83.0.4103.97 Safari/537.36"
160.107.116.37 - - [09/Jun/2020:13:57:53 -0400] "GET /discount/gender%3Dall%2Bvendors%3DNordstrom%2Bbrands%3DBurberry HTTP/1.1" 200 6071 "-" "Mozilla/5.0 (Windows NT 10.0; WOW64) AppleWebKit/537.36 (KHTML, like Gecko) Chrome/83.0.4103.97 Safari/537.36"
160.107.116.37 - - [09/Jun/2020:14:01:46 -0400] "GET /discount/gender%3Dall%2Bvendors%3DNordstrom%2Bbrands%3DBurberry HTTP/1.1" 200 6071 "-" "Mozilla/5.0 (Windows NT 10.0; WOW64) AppleWebKit/537.36 (KHTML, like Gecko) Chrome/83.0.4103.97 Safari/537.36"
160.107.116.37 - - [09/Jun/2020:14:02:42 -0400] "GET / HTTP/1.1" 200 14785 "-" "Mozilla/5.0 (Windows NT 10.0; WOW64) AppleWebKit/537.36 (KHTML, like Gecko) Chrome/83.0.4103.97 Safari/537.36"
160.107.116.37 - - [09/Jun/2020:14:02:55 -0400] "POST / HTTP/1.1" 302 1192 "https://frugally.io/" "Mozilla/5.0 (Windows NT 10.0; WOW64) AppleWebKit/537.36 (KHTML, like Gecko) Chrome/83.0.4103.97 Safari/537.36"
160.107.116.37 - - [09/Jun/2020:14:02:55 -0400] "GET /discount/gender%3Dall%2Bvendors%3DNordstrom%2Bbrands%3DBurberry HTTP/1.1" 200 1867 "-" "Mozilla/5.0 (Windows NT 10.0; WOW64) AppleWebKit/537.36 (KHTML, like Gecko) Chrome/83.0.4103.97 Safari/537.36"
160.107.116.37 - - [09/Jun/2020:14:04:54 -0400] "GET /discount/gender%3Dall%2Bvendors%3DNordstrom%2Bbrands%3DBurberry HTTP/1.1" 200 7514 "-" "Mozilla/5.0 (Windows NT 10.0; WOW64) AppleWebKit/537.36 (KHTML, like Gecko) Chrome/83.0.4103.97 Safari/537.36"
160.107.116.37 - - [09/Jun/2020:14:05:13 -0400] "GET / HTTP/1.1" 200 14785 "https://frugally.io/discount/gender%3Dall%2Bvendors%3DNordstrom%2Bbrands%3DBurberry" "Mozilla/5.0 (Windows NT 10.0; WOW64) AppleWebKit/537.36 (KHTML, like Gecko) Chrome/83.0.4103.97 Safari/537.36"
160.107.116.37 - - [09/Jun/2020:14:05:25 -0400] "POST / HTTP/1.1" 302 1279 "https://frugally.io/" "Mozilla/5.0 (Windows NT 10.0; WOW64) AppleWebKit/537.36 (KHTML, like Gecko) Chrome/83.0.4103.97 Safari/537.36"
3.101.0.4 - - [09/Jun/2020:14:05:25 -0400] "GET /discount/gender%3Dall%2Bvendors%3DNordstrom%2Bbrands%3D19%20Cooper_Blu%20Pepper_Donna%20Morgan HTTP/1.1" 200 30527 "-" "Mozilla/5.0 (Windows NT 10.0; WOW64) AppleWebKit/537.36 (KHTML, like Gecko) Chrome/83.0.4103.97 Safari/537.36"
160.107.116.37 - - [09/Jun/2020:14:05:26 -0400] "GET /discount/gender%3Dall%2Bvendors%3DNordstrom%2Bbrands%3D19%20Cooper_Blu%20Pepper_Donna%20Morgan HTTP/1.1" 200 3434 "-" "Mozilla/5.0 (Windows NT 10.0; WOW64) AppleWebKit/537.36 (KHTML, like Gecko) Chrome/83.0.4103.97 Safari/537.36"
160.107.116.37 - - [09/Jun/2020:14:05:44 -0400] "GET / HTTP/1.1" 200 14785 "https://frugally.io/discount/gender%3Dall%2Bvendors%3DNordstrom%2Bbrands%3D19%20Cooper_Blu%20Pepper_Donna%20Morgan" "Mozilla/5.0 (Windows NT 10.0; WOW64) AppleWebKit/537.36 (KHTML, like Gecko) Chrome/83.0.4103.97 Safari/537.36"
160.107.116.37 - - [09/Jun/2020:14:15:29 -0400] "GET / HTTP/1.1" 200 18482 "https://frugally.io/discount/gender%3Dall%2Bvendors%3DNordstrom%2Bbrands%3D19%20Cooper_Blu%20Pepper_Donna%20Morgan" "Mozilla/5.0 (Windows NT 10.0; WOW64) AppleWebKit/537.36 (KHTML, like Gecko) Chrome/83.0.4103.97 Safari/537.36"
160.107.116.37 - - [09/Jun/2020:14:15:30 -0400] "GET /static/css/style.css HTTP/1.1" 200 3991 "https://frugally.io/" "Mozilla/5.0 (Windows NT 10.0; WOW64) AppleWebKit/537.36 (KHTML, like Gecko) Chrome/83.0.4103.97 Safari/537.36"
160.107.116.37 - - [09/Jun/2020:14:15:34 -0400] "GET / HTTP/1.1" 200 14278 "https://frugally.io/" "Mozilla/5.0 (Windows NT 10.0; WOW64) AppleWebKit/537.36 (KHTML, like Gecko) Chrome/83.0.4103.97 Safari/537.36"
160.107.116.37 - - [09/Jun/2020:14:15:50 -0400] "POST / HTTP/1.1" 302 1156 "https://frugally.io/" "Mozilla/5.0 (Windows NT 10.0; WOW64) AppleWebKit/537.36 (KHTML, like Gecko) Chrome/83.0.4103.97 Safari/537.36"
3.101.0.4 - - [09/Jun/2020:14:15:51 -0400] "GET /discount/gender%3Dmen%2Bvendors%3D%2Bbrands%3DGUESS HTTP/1.1" 200 12455 "-" "Mozilla/5.0 (Windows NT 10.0; WOW64) AppleWebKit/537.36 (KHTML, like Gecko) Chrome/83.0.4103.97 Safari/537.36"
160.107.116.37 - - [09/Jun/2020:14:15:52 -0400] "GET /discount/gender%3Dmen%2Bvendors%3D%2Bbrands%3DGUESS HTTP/1.1" 200 1892 "-" "Mozilla/5.0 (Windows NT 10.0; WOW64) AppleWebKit/537.36 (KHTML, like Gecko) Chrome/83.0.4103.97 Safari/537.36"
160.107.116.37 - - [09/Jun/2020:14:17:47 -0400] "GET /discount/gender%3Dmen%2Bvendors%3D%2Bbrands%3DGUESS HTTP/1.1" 200 6096 "-" "Mozilla/5.0 (Windows NT 10.0; WOW64) AppleWebKit/537.36 (KHTML, like Gecko) Chrome/83.0.4103.97 Safari/537.36"
160.107.116.37 - - [09/Jun/2020:14:27:53 -0400] "GET / HTTP/1.1" 200 18482 "https://frugally.io/" "Mozilla/5.0 (Windows NT 10.0; WOW64) AppleWebKit/537.36 (KHTML, like Gecko) Chrome/83.0.4103.97 Safari/537.36"
160.107.116.37 - - [09/Jun/2020:14:28:06 -0400] "POST / HTTP/1.1" 302 1156 "https://frugally.io/" "Mozilla/5.0 (Windows NT 10.0; WOW64) AppleWebKit/537.36 (KHTML, like Gecko) Chrome/83.0.4103.97 Safari/537.36"
160.107.116.37 - - [09/Jun/2020:14:28:06 -0400] "GET /discount/gender%3Dmen%2Bvendors%3D%2Bbrands%3DGUESS HTTP/1.1" 200 1892 "-" "Mozilla/5.0 (Windows NT 10.0; WOW64) AppleWebKit/537.36 (KHTML, like Gecko) Chrome/83.0.4103.97 Safari/537.36"
160.107.116.37 - - [09/Jun/2020:14:29:24 -0400] "GET /discount/gender%3Dmen%2Bvendors%3D%2Bbrands%3DGUESS HTTP/1.1" 200 6096 "-" "Mozilla/5.0 (Windows NT 10.0; WOW64) AppleWebKit/537.36 (KHTML, like Gecko) Chrome/83.0.4103.97 Safari/537.36"
160.107.116.37 - - [09/Jun/2020:14:29:56 -0400] "GET / HTTP/1.1" 200 14806 "https://frugally.io/discount/gender%3Dmen%2Bvendors%3D%2Bbrands%3DGUESS" "Mozilla/5.0 (Windows NT 10.0; WOW64) AppleWebKit/537.36 (KHTML, like Gecko) Chrome/83.0.4103.97 Safari/537.36"
160.107.116.37 - - [09/Jun/2020:14:30:31 -0400] "POST / HTTP/1.1" 302 1183 "https://frugally.io/" "Mozilla/5.0 (Windows NT 10.0; WOW64) AppleWebKit/537.36 (KHTML, like Gecko) Chrome/83.0.4103.97 Safari/537.36"
3.101.0.4 - - [09/Jun/2020:14:30:32 -0400] "GET /discount/gender%3Dmen%2Bvendors%3DNordstrom%2Bbrands%3DGUESS HTTP/1.1" 200 12455 "-" "Mozilla/5.0 (Windows NT 10.0; WOW64) AppleWebKit/537.36 (KHTML, like Gecko) Chrome/83.0.4103.97 Safari/537.36"
160.107.116.37 - - [09/Jun/2020:14:30:33 -0400] "GET /discount/gender%3Dmen%2Bvendors%3DNordstrom%2Bbrands%3DGUESS HTTP/1.1" 200 1892 "-" "Mozilla/5.0 (Windows NT 10.0; WOW64) AppleWebKit/537.36 (KHTML, like Gecko) Chrome/83.0.4103.97 Safari/537.36"
160.107.116.37 - - [09/Jun/2020:14:34:35 -0400] "GET /discount/gender%3Dmen%2Bvendors%3DNordstrom%2Bbrands%3DGUESS HTTP/1.1" 200 6096 "-" "Mozilla/5.0 (Windows NT 10.0; WOW64) AppleWebKit/537.36 (KHTML, like Gecko) Chrome/83.0.4103.97 Safari/537.36"
160.107.116.37 - - [09/Jun/2020:14:35:04 -0400] "GET / HTTP/1.1" 200 14806 "https://frugally.io/discount/gender%3Dmen%2Bvendors%3DNordstrom%2Bbrands%3DGUESS" "Mozilla/5.0 (Windows NT 10.0; WOW64) AppleWebKit/537.36 (KHTML, like Gecko) Chrome/83.0.4103.97 Safari/537.36"
160.107.116.37 - - [09/Jun/2020:14:35:18 -0400] "POST / HTTP/1.1" 302 1156 "https://frugally.io/" "Mozilla/5.0 (Windows NT 10.0; WOW64) AppleWebKit/537.36 (KHTML, like Gecko) Chrome/83.0.4103.97 Safari/537.36"
160.107.116.37 - - [09/Jun/2020:14:35:18 -0400] "GET /discount/gender%3Dmen%2Bvendors%3D%2Bbrands%3DGUESS HTTP/1.1" 200 1892 "-" "Mozilla/5.0 (Windows NT 10.0; WOW64) AppleWebKit/537.36 (KHTML, like Gecko) Chrome/83.0.4103.97 Safari/537.36"
160.107.116.37 - - [09/Jun/2020:14:36:25 -0400] "GET /discount/gender%3Dmen%2Bvendors%3D%2Bbrands%3DGUESS HTTP/1.1" 200 6096 "-" "Mozilla/5.0 (Windows NT 10.0; WOW64) AppleWebKit/537.36 (KHTML, like Gecko) Chrome/83.0.4103.97 Safari/537.36"
160.107.116.37 - - [09/Jun/2020:14:37:43 -0400] "GET /discount/gender%3Dmen%2Bvendors%3D%2Bbrands%3DGUESS HTTP/1.1" 200 6096 "-" "Mozilla/5.0 (Windows NT 10.0; WOW64) AppleWebKit/537.36 (KHTML, like Gecko) Chrome/83.0.4103.97 Safari/537.36"
160.107.116.37 - - [09/Jun/2020:14:41:20 -0400] "GET /discount/gender%3Dmen%2Bvendors%3D%2Bbrands%3DGUESS HTTP/1.1" 200 6096 "-" "Mozilla/5.0 (Windows NT 10.0; WOW64) AppleWebKit/537.36 (KHTML, like Gecko) Chrome/83.0.4103.97 Safari/537.36"
160.107.116.37 - - [09/Jun/2020:14:41:48 -0400] "GET /discount/gender%3Dmen%2Bvendors%3D%2Bbrands%3DGUESS HTTP/1.1" 200 2420 "-" "Mozilla/5.0 (Windows NT 10.0; WOW64) AppleWebKit/537.36 (KHTML, like Gecko) Chrome/83.0.4103.97 Safari/537.36"
160.107.116.37 - - [09/Jun/2020:14:43:14 -0400] "GET / HTTP/1.1" 200 18482 "https://frugally.io/discount/gender%3Dmen%2Bvendors%3D%2Bbrands%3DGUESS" "Mozilla/5.0 (Windows NT 10.0; WOW64) AppleWebKit/537.36 (KHTML, like Gecko) Chrome/83.0.4103.97 Safari/537.36"
160.107.116.37 - - [09/Jun/2020:14:43:26 -0400] "POST / HTTP/1.1" 302 1156 "https://frugally.io/" "Mozilla/5.0 (Windows NT 10.0; WOW64) AppleWebKit/537.36 (KHTML, like Gecko) Chrome/83.0.4103.97 Safari/537.36"
160.107.116.37 - - [09/Jun/2020:14:43:26 -0400] "GET /discount/gender%3Dmen%2Bvendors%3D%2Bbrands%3DGUESS HTTP/1.1" 200 1892 "-" "Mozilla/5.0 (Windows NT 10.0; WOW64) AppleWebKit/537.36 (KHTML, like Gecko) Chrome/83.0.4103.97 Safari/537.36"
160.107.116.37 - - [09/Jun/2020:14:46:03 -0400] "GET /discount/gender%3Dmen%2Bvendors%3D%2Bbrands%3DGUESS HTTP/1.1" 200 6096 "-" "Mozilla/5.0 (Windows NT 10.0; WOW64) AppleWebKit/537.36 (KHTML, like Gecko) Chrome/83.0.4103.97 Safari/537.36"
160.107.116.37 - - [09/Jun/2020:14:49:33 -0400] "GET /discount/gender%3Dmen%2Bvendors%3D%2Bbrands%3DGUESS HTTP/1.1" 200 6096 "-" "Mozilla/5.0 (Windows NT 10.0; WOW64) AppleWebKit/537.36 (KHTML, like Gecko) Chrome/83.0.4103.97 Safari/537.36"
160.107.116.37 - - [09/Jun/2020:14:49:55 -0400] "GET / HTTP/1.1" 200 14806 "https://frugally.io/discount/gender%3Dmen%2Bvendors%3D%2Bbrands%3DGUESS" "Mozilla/5.0 (Windows NT 10.0; WOW64) AppleWebKit/537.36 (KHTML, like Gecko) Chrome/83.0.4103.97 Safari/537.36"
160.107.116.37 - - [09/Jun/2020:14:50:13 -0400] "POST / HTTP/1.1" 302 1568 "https://frugally.io/" "Mozilla/5.0 (Windows NT 10.0; WOW64) AppleWebKit/537.36 (KHTML, like Gecko) Chrome/83.0.4103.97 Safari/537.36"
3.101.0.4 - - [09/Jun/2020:14:50:14 -0400] "GET /discount/gender%3Dmen%2Bvendors%3D%2Bbrands%3D19%20Cooper_AMBSN_Barking%20Irons_Cosabella%20x%20Eloquii_Eileen%20Fisher_HAGGAR_JUDITH%20AND%20CHARLES_Knowledge%20Cotton%20Apparel_Marcelo%20Burlon HTTP/1.1" 200 58207 "-" "Mozilla/5.0 (Windows NT 10.0; WOW64) AppleWebKit/537.36 (KHTML, like Gecko) Chrome/83.0.4103.97 Safari/537.36"
160.107.116.37 - - [09/Jun/2020:14:50:14 -0400] "GET /discount/gender%3Dmen%2Bvendors%3D%2Bbrands%3D19%20Cooper_AMBSN_Barking%20Irons_Cosabella%20x%20Eloquii_Eileen%20Fisher_HAGGAR_JUDITH%20AND%20CHARLES_Knowledge%20Cotton%20Apparel_Marcelo%20Burlon HTTP/1.1" 200 4865 "-" "Mozilla/5.0 (Windows NT 10.0; WOW64) AppleWebKit/537.36 (KHTML, like Gecko) Chrome/83.0.4103.97 Safari/537.36"
160.107.116.37 - - [09/Jun/2020:14:50:28 -0400] "GET / HTTP/1.1" 200 14806 "https://frugally.io/discount/gender%3Dmen%2Bvendors%3D%2Bbrands%3D19%20Cooper_AMBSN_Barking%20Irons_Cosabella%20x%20Eloquii_Eileen%20Fisher_HAGGAR_JUDITH%20AND%20CHARLES_Knowledge%20Cotton%20Apparel_Marcelo%20Burlon" "Mozilla/5.0 (Windows NT 10.0; WOW64) AppleWebKit/537.36 (KHTML, like Gecko) Chrome/83.0.4103.97 Safari/537.36"
160.107.116.37 - - [09/Jun/2020:14:55:51 -0400] "POST / HTTP/1.1" 302 5046 "https://frugally.io/" "Mozilla/5.0 (Windows NT 10.0; WOW64) AppleWebKit/537.36 (KHTML, like Gecko) Chrome/83.0.4103.97 Safari/537.36"
3.101.0.4 - - [09/Jun/2020:14:55:51 -0400] "GET /discount/gender%3Dall%2Bvendors%3D%2Bbrands%3DBDG_CHANCE_FRANK%20%26%20EILEEN_Kappa%20Active_Nike_ROW%20A_Southern%20Tide_VYB HTTP/1.1" 200 61234 "-" "Mozilla/5.0 (Windows NT 10.0; WOW64) AppleWebKit/537.36 (KHTML, like Gecko) Chrome/83.0.4103.97 Safari/537.36"
160.107.116.37 - - [09/Jun/2020:14:55:52 -0400] "GET /discount/gender%3Dall%2Bvendors%3D%2Bbrands%3DBDG_CHANCE_FRANK%20%26%20EILEEN_Kappa%20Active_Nike_ROW%20A_Southern%20Tide_VYB HTTP/1.1" 200 5580 "-" "Mozilla/5.0 (Windows NT 10.0; WOW64) AppleWebKit/537.36 (KHTML, like Gecko) Chrome/83.0.4103.97 Safari/537.36"
160.107.116.37 - - [09/Jun/2020:14:56:18 -0400] "GET /discount/gender%3Dall%2Bvendors%3D%2Bbrands%3DBDG_CHANCE_FRANK%20%26%20EILEEN_Kappa%20Active_Nike_ROW%20A_Southern%20Tide_VYB?page=13 HTTP/1.1" 200 4607 "https://frugally.io/discount/gender%3Dall%2Bvendors%3D%2Bbrands%3DBDG_CHANCE_FRANK%20%26%20EILEEN_Kappa%20Active_Nike_ROW%20A_Southern%20Tide_VYB" "Mozilla/5.0 (Windows NT 10.0; WOW64) AppleWebKit/537.36 (KHTML, like Gecko) Chrome/83.0.4103.97 Safari/537.36"
160.107.116.37 - - [09/Jun/2020:14:56:27 -0400] "GET / HTTP/1.1" 200 14806 "https://frugally.io/discount/gender%3Dall%2Bvendors%3D%2Bbrands%3DBDG_CHANCE_FRANK%20%26%20EILEEN_Kappa%20Active_Nike_ROW%20A_Southern%20Tide_VYB?page=13" "Mozilla/5.0 (Windows NT 10.0; WOW64) AppleWebKit/537.36 (KHTML, like Gecko) Chrome/83.0.4103.97 Safari/537.36"
195.54.160.135 - - [09/Jun/2020:14:58:17 -0400] "GET /vendor/phpunit/phpunit/src/Util/PHP/eval-stdin.php HTTP/1.1" 404 4549 "http://108.52.23.95:80/vendor/phpunit/phpunit/src/Util/PHP/eval-stdin.php" "Mozilla/5.0 (Windows NT 10.0; Win64; x64) AppleWebKit/537.36 (KHTML, like Gecko) Chrome/78.0.3904.108 Safari/537.36"
160.107.116.37 - - [09/Jun/2020:15:07:12 -0400] "GET / HTTP/1.1" 500 4702 "https://frugally.io/discount/gender%3Dall%2Bvendors%3D%2Bbrands%3DBDG_CHANCE_FRANK%20%26%20EILEEN_Kappa%20Active_Nike_ROW%20A_Southern%20Tide_VYB?page=13" "Mozilla/5.0 (Windows NT 10.0; WOW64) AppleWebKit/537.36 (KHTML, like Gecko) Chrome/83.0.4103.97 Safari/537.36"
160.107.116.37 - - [09/Jun/2020:15:08:28 -0400] "GET / HTTP/1.1" 500 4702 "https://frugally.io/discount/gender%3Dall%2Bvendors%3D%2Bbrands%3DBDG_CHANCE_FRANK%20%26%20EILEEN_Kappa%20Active_Nike_ROW%20A_Southern%20Tide_VYB?page=13" "Mozilla/5.0 (Windows NT 10.0; WOW64) AppleWebKit/537.36 (KHTML, like Gecko) Chrome/83.0.4103.97 Safari/537.36"
160.107.116.37 - - [09/Jun/2020:15:08:42 -0400] "GET / HTTP/1.1" 500 4702 "https://frugally.io/discount/gender%3Dall%2Bvendors%3D%2Bbrands%3DBDG_CHANCE_FRANK%20%26%20EILEEN_Kappa%20Active_Nike_ROW%20A_Southern%20Tide_VYB?page=13" "Mozilla/5.0 (Windows NT 10.0; WOW64) AppleWebKit/537.36 (KHTML, like Gecko) Chrome/83.0.4103.97 Safari/537.36"
160.107.116.37 - - [09/Jun/2020:15:09:14 -0400] "GET / HTTP/1.1" 200 18482 "https://frugally.io/discount/gender%3Dall%2Bvendors%3D%2Bbrands%3DBDG_CHANCE_FRANK%20%26%20EILEEN_Kappa%20Active_Nike_ROW%20A_Southern%20Tide_VYB?page=13" "Mozilla/5.0 (Windows NT 10.0; WOW64) AppleWebKit/537.36 (KHTML, like Gecko) Chrome/83.0.4103.97 Safari/537.36"
162.243.137.176 - - [09/Jun/2020:15:11:28 -0400] "GET /login HTTP/1.1" 200 5654 "-" "Mozilla/5.0 zgrab/0.x"
98.4.79.199 - - [09/Jun/2020:15:19:55 -0400] "GET / HTTP/1.1" 200 18482 "-" "Mozilla/5.0 (iPhone; CPU iPhone OS 13_5 like Mac OS X) AppleWebKit/605.1.15 (KHTML, like Gecko) Version/13.1.1 Mobile/15E148 Safari/604.1"
98.4.79.199 - - [09/Jun/2020:15:19:56 -0400] "GET /static/js/jquery.dropotron.min.js HTTP/1.1" 200 2889 "https://frugally.io/" "Mozilla/5.0 (iPhone; CPU iPhone OS 13_5 like Mac OS X) AppleWebKit/605.1.15 (KHTML, like Gecko) Version/13.1.1 Mobile/15E148 Safari/604.1"
98.4.79.199 - - [09/Jun/2020:15:19:56 -0400] "GET /static/css/style-wide.css HTTP/1.1" 200 561 "https://frugally.io/" "Mozilla/5.0 (iPhone; CPU iPhone OS 13_5 like Mac OS X) AppleWebKit/605.1.15 (KHTML, like Gecko) Version/13.1.1 Mobile/15E148 Safari/604.1"
98.4.79.199 - - [09/Jun/2020:15:19:56 -0400] "GET /static/css/style-normal.css HTTP/1.1" 200 683 "https://frugally.io/" "Mozilla/5.0 (iPhone; CPU iPhone OS 13_5 like Mac OS X) AppleWebKit/605.1.15 (KHTML, like Gecko) Version/13.1.1 Mobile/15E148 Safari/604.1"
98.4.79.199 - - [09/Jun/2020:15:19:56 -0400] "GET /static/css/style.css HTTP/1.1" 200 4519 "https://frugally.io/" "Mozilla/5.0 (iPhone; CPU iPhone OS 13_5 like Mac OS X) AppleWebKit/605.1.15 (KHTML, like Gecko) Version/13.1.1 Mobile/15E148 Safari/604.1"
98.4.79.199 - - [09/Jun/2020:15:19:56 -0400] "GET /static/css/style-narrower.css HTTP/1.1" 200 6087 "https://frugally.io/" "Mozilla/5.0 (iPhone; CPU iPhone OS 13_5 like Mac OS X) AppleWebKit/605.1.15 (KHTML, like Gecko) Version/13.1.1 Mobile/15E148 Safari/604.1"
98.4.79.199 - - [09/Jun/2020:15:19:56 -0400] "GET /static/css/font-awesome.min.css HTTP/1.1" 200 4414 "https://frugally.io/" "Mozilla/5.0 (iPhone; CPU iPhone OS 13_5 like Mac OS X) AppleWebKit/605.1.15 (KHTML, like Gecko) Version/13.1.1 Mobile/15E148 Safari/604.1"
98.4.79.199 - - [09/Jun/2020:15:19:56 -0400] "GET /static/css/images/toggle.svg HTTP/1.1" 404 512 "https://frugally.io/" "Mozilla/5.0 (iPhone; CPU iPhone OS 13_5 like Mac OS X) AppleWebKit/605.1.15 (KHTML, like Gecko) Version/13.1.1 Mobile/15E148 Safari/604.1"
98.4.79.199 - - [09/Jun/2020:15:20:02 -0400] "GET / HTTP/1.1" 200 14806 "-" "Mozilla/5.0 (iPhone; CPU iPhone OS 13_5 like Mac OS X) AppleWebKit/605.1.15 (KHTML, like Gecko) Version/13.1.1 Mobile/15E148 Safari/604.1"
98.4.79.199 - - [09/Jun/2020:15:20:03 -0400] "GET /static/css/images/toggle.svg HTTP/1.1" 404 512 "https://frugally.io/" "Mozilla/5.0 (iPhone; CPU iPhone OS 13_5 like Mac OS X) AppleWebKit/605.1.15 (KHTML, like Gecko) Version/13.1.1 Mobile/15E148 Safari/604.1"
98.4.79.199 - - [09/Jun/2020:15:20:15 -0400] "-" 408 4203 "-" "-"
195.54.160.135 - - [09/Jun/2020:15:52:04 -0400] "GET /vendor/phpunit/phpunit/src/Util/PHP/eval-stdin.php HTTP/1.1" 404 4549 "http://108.52.23.95:80/vendor/phpunit/phpunit/src/Util/PHP/eval-stdin.php" "Mozilla/5.0 (Windows NT 10.0; Win64; x64) AppleWebKit/537.36 (KHTML, like Gecko) Chrome/78.0.3904.108 Safari/537.36"
68.81.202.180 - - [09/Jun/2020:16:16:48 -0400] "GET / HTTP/1.1" 200 18482 "-" "Mozilla/5.0 (Macintosh; Intel Mac OS X 10_15_4) AppleWebKit/605.1.15 (KHTML, like Gecko)"
68.81.202.180 - - [09/Jun/2020:16:16:48 -0400] "GET /apple-touch-icon-precomposed.png HTTP/1.1" 404 4669 "-" "Safari/15609.1.20.111.8 CFNetwork/1125.2 Darwin/19.4.0 (x86_64)"
68.81.202.180 - - [09/Jun/2020:16:16:48 -0400] "GET /apple-touch-icon.png HTTP/1.1" 404 465 "-" "Safari/15609.1.20.111.8 CFNetwork/1125.2 Darwin/19.4.0 (x86_64)"
68.81.202.180 - - [09/Jun/2020:16:16:49 -0400] "GET /favicon.ico HTTP/1.1" 404 465 "-" "Safari/15609.1.20.111.8 CFNetwork/1125.2 Darwin/19.4.0 (x86_64)"
68.81.202.180 - - [09/Jun/2020:16:16:49 -0400] "GET /apple-touch-icon-precomposed.png HTTP/1.1" 404 465 "-" "Safari/15609.1.20.111.8 CFNetwork/1125.2 Darwin/19.4.0 (x86_64)"
68.81.202.180 - - [09/Jun/2020:16:16:49 -0400] "GET /apple-touch-icon.png HTTP/1.1" 404 465 "-" "Safari/15609.1.20.111.8 CFNetwork/1125.2 Darwin/19.4.0 (x86_64)"
68.81.202.180 - - [09/Jun/2020:16:16:49 -0400] "GET /favicon.ico HTTP/1.1" 404 465 "-" "Safari/15609.1.20.111.8 CFNetwork/1125.2 Darwin/19.4.0 (x86_64)"
68.81.202.180 - - [09/Jun/2020:16:16:49 -0400] "GET / HTTP/1.1" 200 14278 "-" "Mozilla/5.0 (iPhone; CPU iPhone OS 13_1_3 like Mac OS X) AppleWebKit/605.1.15 (KHTML, like Gecko) Version/13.0.1 Mobile/15E148 Safari/604.1"
68.81.202.180 - - [09/Jun/2020:16:16:49 -0400] "GET /apple-touch-icon-precomposed.png HTTP/1.1" 404 465 "-" "Safari/15609.1.20.111.8 CFNetwork/1125.2 Darwin/19.4.0 (x86_64)"
68.81.202.180 - - [09/Jun/2020:16:16:49 -0400] "GET /apple-touch-icon.png HTTP/1.1" 404 465 "-" "Safari/15609.1.20.111.8 CFNetwork/1125.2 Darwin/19.4.0 (x86_64)"
68.81.202.180 - - [09/Jun/2020:16:16:49 -0400] "GET /favicon.ico HTTP/1.1" 404 465 "-" "Safari/15609.1.20.111.8 CFNetwork/1125.2 Darwin/19.4.0 (x86_64)"
68.81.202.180 - - [09/Jun/2020:16:16:50 -0400] "GET /apple-touch-icon-precomposed.png HTTP/1.1" 404 465 "-" "Safari/15609.1.20.111.8 CFNetwork/1125.2 Darwin/19.4.0 (x86_64)"
68.81.202.180 - - [09/Jun/2020:16:16:50 -0400] "GET /apple-touch-icon.png HTTP/1.1" 404 465 "-" "Safari/15609.1.20.111.8 CFNetwork/1125.2 Darwin/19.4.0 (x86_64)"
68.81.202.180 - - [09/Jun/2020:16:16:50 -0400] "GET /favicon.ico HTTP/1.1" 404 465 "-" "Safari/15609.1.20.111.8 CFNetwork/1125.2 Darwin/19.4.0 (x86_64)"
35.203.245.211 - - [09/Jun/2020:16:24:49 -0400] "GET / HTTP/1.1" 200 18057 "-" "node-fetch/1.0 (+https://github.com/bitinn/node-fetch)"
71.58.214.49 - - [09/Jun/2020:16:31:36 -0400] "GET / HTTP/1.1" 200 18482 "-" "Mozilla/5.0 (iPhone; CPU iPhone OS 13_4_1 like Mac OS X) AppleWebKit/605.1.15 (KHTML, like Gecko) FxiOS/14.0b12646 Mobile/15E148 Safari/605.1.15"
71.58.214.49 - - [09/Jun/2020:16:31:37 -0400] "GET /static/js/jquery.min.js HTTP/1.1" 200 33876 "https://frugally.io/" "Mozilla/5.0 (iPhone; CPU iPhone OS 13_4_1 like Mac OS X) AppleWebKit/605.1.15 (KHTML, like Gecko) FxiOS/14.0b12646 Mobile/15E148 Safari/605.1.15"
71.58.214.49 - - [09/Jun/2020:16:31:37 -0400] "GET /static/js/init.js HTTP/1.1" 200 1834 "https://frugally.io/" "Mozilla/5.0 (iPhone; CPU iPhone OS 13_4_1 like Mac OS X) AppleWebKit/605.1.15 (KHTML, like Gecko) FxiOS/14.0b12646 Mobile/15E148 Safari/605.1.15"
71.58.214.49 - - [09/Jun/2020:16:31:37 -0400] "GET /static/js/skel.min.js HTTP/1.1" 200 8446 "https://frugally.io/" "Mozilla/5.0 (iPhone; CPU iPhone OS 13_4_1 like Mac OS X) AppleWebKit/605.1.15 (KHTML, like Gecko) FxiOS/14.0b12646 Mobile/15E148 Safari/605.1.15"
71.58.214.49 - - [09/Jun/2020:16:31:38 -0400] "GET /static/js/skel-layers.min.js HTTP/1.1" 200 9845 "https://frugally.io/" "Mozilla/5.0 (iPhone; CPU iPhone OS 13_4_1 like Mac OS X) AppleWebKit/605.1.15 (KHTML, like Gecko) FxiOS/14.0b12646 Mobile/15E148 Safari/605.1.15"
71.58.214.49 - - [09/Jun/2020:16:31:38 -0400] "GET /static/js/jquery.dropotron.min.js HTTP/1.1" 200 6565 "https://frugally.io/" "Mozilla/5.0 (iPhone; CPU iPhone OS 13_4_1 like Mac OS X) AppleWebKit/605.1.15 (KHTML, like Gecko) FxiOS/14.0b12646 Mobile/15E148 Safari/605.1.15"
71.58.214.49 - - [09/Jun/2020:16:31:38 -0400] "GET /static/css/style.css HTTP/1.1" 200 3991 "https://frugally.io/" "Mozilla/5.0 (iPhone; CPU iPhone OS 13_4_1 like Mac OS X) AppleWebKit/605.1.15 (KHTML, like Gecko) FxiOS/14.0b12646 Mobile/15E148 Safari/605.1.15"
71.58.214.49 - - [09/Jun/2020:16:31:38 -0400] "GET /static/css/style-normal.css HTTP/1.1" 200 683 "https://frugally.io/" "Mozilla/5.0 (iPhone; CPU iPhone OS 13_4_1 like Mac OS X) AppleWebKit/605.1.15 (KHTML, like Gecko) FxiOS/14.0b12646 Mobile/15E148 Safari/605.1.15"
71.58.214.49 - - [09/Jun/2020:16:31:38 -0400] "GET /static/css/style-wide.css HTTP/1.1" 200 561 "https://frugally.io/" "Mozilla/5.0 (iPhone; CPU iPhone OS 13_4_1 like Mac OS X) AppleWebKit/605.1.15 (KHTML, like Gecko) FxiOS/14.0b12646 Mobile/15E148 Safari/605.1.15"
71.58.214.49 - - [09/Jun/2020:16:31:38 -0400] "GET /static/css/style-narrow.css HTTP/1.1" 200 544 "https://frugally.io/" "Mozilla/5.0 (iPhone; CPU iPhone OS 13_4_1 like Mac OS X) AppleWebKit/605.1.15 (KHTML, like Gecko) FxiOS/14.0b12646 Mobile/15E148 Safari/605.1.15"
71.58.214.49 - - [09/Jun/2020:16:31:38 -0400] "GET /static/css/style-mobile.css HTTP/1.1" 200 710 "https://frugally.io/" "Mozilla/5.0 (iPhone; CPU iPhone OS 13_4_1 like Mac OS X) AppleWebKit/605.1.15 (KHTML, like Gecko) FxiOS/14.0b12646 Mobile/15E148 Safari/605.1.15"
71.58.214.49 - - [09/Jun/2020:16:31:38 -0400] "GET /static/css/style-narrower.css HTTP/1.1" 200 1883 "https://frugally.io/" "Mozilla/5.0 (iPhone; CPU iPhone OS 13_4_1 like Mac OS X) AppleWebKit/605.1.15 (KHTML, like Gecko) FxiOS/14.0b12646 Mobile/15E148 Safari/605.1.15"
71.58.214.49 - - [09/Jun/2020:16:31:39 -0400] "GET /static/css/font-awesome.min.css HTTP/1.1" 200 4414 "https://frugally.io/" "Mozilla/5.0 (iPhone; CPU iPhone OS 13_4_1 like Mac OS X) AppleWebKit/605.1.15 (KHTML, like Gecko) FxiOS/14.0b12646 Mobile/15E148 Safari/605.1.15"
71.58.214.49 - - [09/Jun/2020:16:31:39 -0400] "GET /static/css/images/toggle.svg HTTP/1.1" 404 512 "https://frugally.io/" "Mozilla/5.0 (iPhone; CPU iPhone OS 13_4_1 like Mac OS X) AppleWebKit/605.1.15 (KHTML, like Gecko) FxiOS/14.0b12646 Mobile/15E148 Safari/605.1.15"
71.58.214.49 - - [09/Jun/2020:16:31:40 -0400] "GET /static/fonts/fontawesome-webfont.woff?v=4.0.3 HTTP/1.1" 200 44819 "https://frugally.io/" "Mozilla/5.0 (iPhone; CPU iPhone OS 13_4_1 like Mac OS X) AppleWebKit/605.1.15 (KHTML, like Gecko) FxiOS/14.0b12646 Mobile/15E148 Safari/605.1.15"
71.58.214.49 - - [09/Jun/2020:16:31:40 -0400] "GET /favicon.ico HTTP/1.1" 404 4669 "-" "Mozilla/5.0 (iPhone; CPU iPhone OS 13_4_1 like Mac OS X) AppleWebKit/605.1.15 (KHTML, like Gecko) FxiOS/14.0b12646 Mobile/15E148 Safari/605.1.15"
71.58.214.49 - - [09/Jun/2020:16:31:41 -0400] "GET /favicon.ico HTTP/1.1" 404 465 "-" "Mozilla/5.0 (iPhone; CPU iPhone OS 13_4_1 like Mac OS X) AppleWebKit/605.1.15 (KHTML, like Gecko) FxiOS/14.0b12646 Mobile/15E148 Safari/605.1.15"
160.107.116.37 - - [09/Jun/2020:16:33:30 -0400] "GET / HTTP/1.1" 200 18482 "-" "Mozilla/5.0 (Windows NT 10.0; WOW64) AppleWebKit/537.36 (KHTML, like Gecko) Chrome/83.0.4103.97 Safari/537.36"
160.107.116.37 - - [09/Jun/2020:16:33:31 -0400] "GET /static/css/style.css HTTP/1.1" 200 3991 "https://frugally.io/" "Mozilla/5.0 (Windows NT 10.0; WOW64) AppleWebKit/537.36 (KHTML, like Gecko) Chrome/83.0.4103.97 Safari/537.36"
98.4.79.199 - - [09/Jun/2020:16:37:41 -0400] "GET / HTTP/1.1" 200 17914 "-" "Mozilla/5.0 (Macintosh; Intel Mac OS X 10_14_3) AppleWebKit/605.1.15 (KHTML, like Gecko) Version/12.0.3 Safari/605.1.15"
98.4.79.199 - - [09/Jun/2020:16:37:42 -0400] "GET /static/js/jquery.min.js HTTP/1.1" 200 33925 "https://frugally.io/" "Mozilla/5.0 (Macintosh; Intel Mac OS X 10_14_3) AppleWebKit/605.1.15 (KHTML, like Gecko) Version/12.0.3 Safari/605.1.15"
98.4.79.199 - - [09/Jun/2020:16:37:42 -0400] "GET /static/js/jquery.dropotron.min.js HTTP/1.1" 200 2524 "https://frugally.io/" "Mozilla/5.0 (Macintosh; Intel Mac OS X 10_14_3) AppleWebKit/605.1.15 (KHTML, like Gecko) Version/12.0.3 Safari/605.1.15"
98.4.79.199 - - [09/Jun/2020:16:37:42 -0400] "GET /static/js/init.js HTTP/1.1" 200 1983 "https://frugally.io/" "Mozilla/5.0 (Macintosh; Intel Mac OS X 10_14_3) AppleWebKit/605.1.15 (KHTML, like Gecko) Version/12.0.3 Safari/605.1.15"
98.4.79.199 - - [09/Jun/2020:16:37:42 -0400] "GET /static/js/skel-layers.min.js HTTP/1.1" 200 5804 "https://frugally.io/" "Mozilla/5.0 (Macintosh; Intel Mac OS X 10_14_3) AppleWebKit/605.1.15 (KHTML, like Gecko) Version/12.0.3 Safari/605.1.15"
98.4.79.199 - - [09/Jun/2020:16:37:42 -0400] "GET /static/js/skel.min.js HTTP/1.1" 200 8081 "https://frugally.io/" "Mozilla/5.0 (Macintosh; Intel Mac OS X 10_14_3) AppleWebKit/605.1.15 (KHTML, like Gecko) Version/12.0.3 Safari/605.1.15"
98.4.79.199 - - [09/Jun/2020:16:37:42 -0400] "GET /static/css/style.css HTTP/1.1" 200 4012 "https://frugally.io/" "Mozilla/5.0 (Macintosh; Intel Mac OS X 10_14_3) AppleWebKit/605.1.15 (KHTML, like Gecko) Version/12.0.3 Safari/605.1.15"
98.4.79.199 - - [09/Jun/2020:16:37:43 -0400] "GET /static/css/style-wide.css HTTP/1.1" 200 568 "https://frugally.io/" "Mozilla/5.0 (Macintosh; Intel Mac OS X 10_14_3) AppleWebKit/605.1.15 (KHTML, like Gecko) Version/12.0.3 Safari/605.1.15"
98.4.79.199 - - [09/Jun/2020:16:37:43 -0400] "GET /static/css/font-awesome.min.css HTTP/1.1" 200 4435 "https://frugally.io/" "Mozilla/5.0 (Macintosh; Intel Mac OS X 10_14_3) AppleWebKit/605.1.15 (KHTML, like Gecko) Version/12.0.3 Safari/605.1.15"
98.4.79.199 - - [09/Jun/2020:16:37:43 -0400] "GET /static/fonts/fontawesome-webfont.woff?v=4.0.3 HTTP/1.1" 200 44847 "https://frugally.io/" "Mozilla/5.0 (Macintosh; Intel Mac OS X 10_14_3) AppleWebKit/605.1.15 (KHTML, like Gecko) Version/12.0.3 Safari/605.1.15"
160.107.116.37 - - [09/Jun/2020:16:39:57 -0400] "GET / HTTP/1.1" 200 18482 "-" "Mozilla/5.0 (Windows NT 10.0; WOW64) AppleWebKit/537.36 (KHTML, like Gecko) Chrome/83.0.4103.97 Safari/537.36"
98.4.79.199 - - [09/Jun/2020:16:40:38 -0400] "GET / HTTP/1.1" 200 17914 "-" "Mozilla/5.0 (Macintosh; Intel Mac OS X 10_14_3) AppleWebKit/605.1.15 (KHTML, like Gecko) Version/12.0.3 Safari/605.1.15"
98.4.79.199 - - [09/Jun/2020:16:40:56 -0400] "POST / HTTP/1.1" 302 651 "https://frugally.io/" "Mozilla/5.0 (Macintosh; Intel Mac OS X 10_14_3) AppleWebKit/605.1.15 (KHTML, like Gecko) Version/12.0.3 Safari/605.1.15"
160.107.116.37 - - [09/Jun/2020:16:40:57 -0400] "POST / HTTP/1.1" 302 1162 "https://frugally.io/" "Mozilla/5.0 (Windows NT 10.0; WOW64) AppleWebKit/537.36 (KHTML, like Gecko) Chrome/83.0.4103.97 Safari/537.36"
98.4.79.199 - - [09/Jun/2020:16:40:57 -0400] "GET / HTTP/1.1" 200 14348 "-" "Mozilla/5.0 (Macintosh; Intel Mac OS X 10_14_3) AppleWebKit/605.1.15 (KHTML, like Gecko) Version/12.0.3 Safari/605.1.15"
3.101.0.4 - - [09/Jun/2020:16:40:58 -0400] "GET /discount/gender%3Dmen%2Bvendors%3D%2Bbrands%3DVersace HTTP/1.1" 200 31525 "-" "Mozilla/5.0 (Windows NT 10.0; WOW64) AppleWebKit/537.36 (KHTML, like Gecko) Chrome/83.0.4103.97 Safari/537.36"
160.107.116.37 - - [09/Jun/2020:16:40:59 -0400] "GET /discount/gender%3Dmen%2Bvendors%3D%2Bbrands%3DVersace HTTP/1.1" 200 3146 "-" "Mozilla/5.0 (Windows NT 10.0; WOW64) AppleWebKit/537.36 (KHTML, like Gecko) Chrome/83.0.4103.97 Safari/537.36"
98.4.79.199 - - [09/Jun/2020:16:41:03 -0400] "POST / HTTP/1.1" 302 651 "https://frugally.io/" "Mozilla/5.0 (Macintosh; Intel Mac OS X 10_14_3) AppleWebKit/605.1.15 (KHTML, like Gecko) Version/12.0.3 Safari/605.1.15"
98.4.79.199 - - [09/Jun/2020:16:41:03 -0400] "GET / HTTP/1.1" 200 14348 "-" "Mozilla/5.0 (Macintosh; Intel Mac OS X 10_14_3) AppleWebKit/605.1.15 (KHTML, like Gecko) Version/12.0.3 Safari/605.1.15"
98.4.79.199 - - [09/Jun/2020:16:41:29 -0400] "POST / HTTP/1.1" 302 666 "https://frugally.io/" "Mozilla/5.0 (Macintosh; Intel Mac OS X 10_14_3) AppleWebKit/605.1.15 (KHTML, like Gecko) Version/12.0.3 Safari/605.1.15"
98.4.79.199 - - [09/Jun/2020:16:41:29 -0400] "GET / HTTP/1.1" 200 14348 "-" "Mozilla/5.0 (Macintosh; Intel Mac OS X 10_14_3) AppleWebKit/605.1.15 (KHTML, like Gecko) Version/12.0.3 Safari/605.1.15"
160.107.116.37 - - [09/Jun/2020:16:41:30 -0400] "GET / HTTP/1.1" 200 14806 "https://frugally.io/discount/gender%3Dmen%2Bvendors%3D%2Bbrands%3DVersace" "Mozilla/5.0 (Windows NT 10.0; WOW64) AppleWebKit/537.36 (KHTML, like Gecko) Chrome/83.0.4103.97 Safari/537.36"
98.4.79.199 - - [09/Jun/2020:16:41:34 -0400] "POST / HTTP/1.1" 302 509 "https://frugally.io/" "Mozilla/5.0 (Macintosh; Intel Mac OS X 10_14_3) AppleWebKit/605.1.15 (KHTML, like Gecko) Version/12.0.3 Safari/605.1.15"
98.4.79.199 - - [09/Jun/2020:16:41:34 -0400] "GET / HTTP/1.1" 200 14348 "-" "Mozilla/5.0 (Macintosh; Intel Mac OS X 10_14_3) AppleWebKit/605.1.15 (KHTML, like Gecko) Version/12.0.3 Safari/605.1.15"
160.107.116.37 - - [09/Jun/2020:16:41:43 -0400] "POST / HTTP/1.1" 302 1165 "https://frugally.io/" "Mozilla/5.0 (Windows NT 10.0; WOW64) AppleWebKit/537.36 (KHTML, like Gecko) Chrome/83.0.4103.97 Safari/537.36"
98.4.79.199 - - [09/Jun/2020:16:41:43 -0400] "GET /?page=848 HTTP/1.1" 200 13182 "https://frugally.io/" "Mozilla/5.0 (Macintosh; Intel Mac OS X 10_14_3) AppleWebKit/605.1.15 (KHTML, like Gecko) Version/12.0.3 Safari/605.1.15"
3.101.0.4 - - [09/Jun/2020:16:41:44 -0400] "GET /discount/gender%3Dmen%2Bvendors%3D%2Bbrands%3DChampion HTTP/1.1" 200 58598 "-" "Mozilla/5.0 (Windows NT 10.0; WOW64) AppleWebKit/537.36 (KHTML, like Gecko) Chrome/83.0.4103.97 Safari/537.36"
98.4.79.199 - - [09/Jun/2020:16:41:45 -0400] "GET /favicon.ico HTTP/1.1" 404 4038 "https://frugally.io/?page=848" "Mozilla/5.0 (Macintosh; Intel Mac OS X 10_14_3) AppleWebKit/605.1.15 (KHTML, like Gecko) Version/12.0.3 Safari/605.1.15"
135.14.238.250 - - [09/Jun/2020:16:41:45 -0400] "GET /discount/gender%3Dmen%2Bvendors%3D%2Bbrands%3DChampion HTTP/1.1" 200 58598 "-" "Mozilla/5.0 (Windows NT 10.0; WOW64) AppleWebKit/537.36 (KHTML, like Gecko) Chrome/83.0.4103.97 Safari/537.36"
160.107.116.37 - - [09/Jun/2020:16:41:45 -0400] "GET /discount/gender%3Dmen%2Bvendors%3D%2Bbrands%3DChampion HTTP/1.1" 200 4002 "-" "Mozilla/5.0 (Windows NT 10.0; WOW64) AppleWebKit/537.36 (KHTML, like Gecko) Chrome/83.0.4103.97 Safari/537.36"
98.4.79.199 - - [09/Jun/2020:16:42:51 -0400] "GET / HTTP/1.1" 200 17914 "https://frugally.io/?page=848" "Mozilla/5.0 (Macintosh; Intel Mac OS X 10_14_3) AppleWebKit/605.1.15 (KHTML, like Gecko) Version/12.0.3 Safari/605.1.15"
98.4.79.199 - - [09/Jun/2020:16:43:18 -0400] "POST / HTTP/1.1" 302 666 "https://frugally.io/" "Mozilla/5.0 (Macintosh; Intel Mac OS X 10_14_3) AppleWebKit/605.1.15 (KHTML, like Gecko) Version/12.0.3 Safari/605.1.15"
98.4.79.199 - - [09/Jun/2020:16:43:19 -0400] "GET / HTTP/1.1" 200 14348 "-" "Mozilla/5.0 (Macintosh; Intel Mac OS X 10_14_3) AppleWebKit/605.1.15 (KHTML, like Gecko) Version/12.0.3 Safari/605.1.15"
98.4.79.199 - - [09/Jun/2020:16:43:24 -0400] "GET /?page=847 HTTP/1.1" 200 13112 "https://frugally.io/" "Mozilla/5.0 (Macintosh; Intel Mac OS X 10_14_3) AppleWebKit/605.1.15 (KHTML, like Gecko) Version/12.0.3 Safari/605.1.15"
98.4.79.199 - - [09/Jun/2020:16:43:25 -0400] "GET /favicon.ico HTTP/1.1" 404 629 "https://frugally.io/?page=847" "Mozilla/5.0 (Macintosh; Intel Mac OS X 10_14_3) AppleWebKit/605.1.15 (KHTML, like Gecko) Version/12.0.3 Safari/605.1.15"
98.4.79.199 - - [09/Jun/2020:16:43:33 -0400] "GET /?page=845 HTTP/1.1" 200 13334 "https://frugally.io/?page=847" "Mozilla/5.0 (Macintosh; Intel Mac OS X 10_14_3) AppleWebKit/605.1.15 (KHTML, like Gecko) Version/12.0.3 Safari/605.1.15"
98.4.79.199 - - [09/Jun/2020:16:43:35 -0400] "GET /favicon.ico HTTP/1.1" 404 614 "https://frugally.io/?page=845" "Mozilla/5.0 (Macintosh; Intel Mac OS X 10_14_3) AppleWebKit/605.1.15 (KHTML, like Gecko) Version/12.0.3 Safari/605.1.15"
98.4.79.199 - - [09/Jun/2020:16:43:42 -0400] "GET /?page=843 HTTP/1.1" 200 12099 "https://frugally.io/?page=845" "Mozilla/5.0 (Macintosh; Intel Mac OS X 10_14_3) AppleWebKit/605.1.15 (KHTML, like Gecko) Version/12.0.3 Safari/605.1.15"
98.4.79.199 - - [09/Jun/2020:16:43:43 -0400] "GET /favicon.ico HTTP/1.1" 404 614 "https://frugally.io/?page=843" "Mozilla/5.0 (Macintosh; Intel Mac OS X 10_14_3) AppleWebKit/605.1.15 (KHTML, like Gecko) Version/12.0.3 Safari/605.1.15"
98.4.79.199 - - [09/Jun/2020:16:52:21 -0400] "GET / HTTP/1.1" 200 17914 "-" "Mozilla/5.0 (Macintosh; Intel Mac OS X 10_14_3) AppleWebKit/605.1.15 (KHTML, like Gecko) Version/12.0.3 Safari/605.1.15"
98.4.79.199 - - [09/Jun/2020:16:52:32 -0400] "GET / HTTP/1.1" 200 14490 "https://frugally.io/" "Mozilla/5.0 (Macintosh; Intel Mac OS X 10_14_3) AppleWebKit/605.1.15 (KHTML, like Gecko) Version/12.0.3 Safari/605.1.15"
98.4.79.199 - - [09/Jun/2020:17:49:14 -0400] "GET /static/css/images/toggle.svg HTTP/1.1" 404 4716 "https://frugally.io/" "Mozilla/5.0 (iPhone; CPU iPhone OS 13_5 like Mac OS X) AppleWebKit/605.1.15 (KHTML, like Gecko) Version/13.1.1 Mobile/15E148 Safari/604.1"
66.249.83.28 - - [09/Jun/2020:18:12:50 -0400] "GET / HTTP/1.1" 200 18435 "-" "Mozilla/5.0 (X11; Linux x86_64) AppleWebKit/537.36 (KHTML, like Gecko) Chrome/49.0.2623.75 Safari/537.36 Google Favicon"
66.249.83.30 - - [09/Jun/2020:18:12:51 -0400] "GET /favicon.ico HTTP/1.1" 404 4622 "-" "Mozilla/5.0 (X11; Linux x86_64) AppleWebKit/537.36 (KHTML, like Gecko) Chrome/49.0.2623.75 Safari/537.36 Google Favicon"
71.58.214.49 - - [09/Jun/2020:18:13:20 -0400] "GET /favicon.ico HTTP/1.1" 404 4669 "http://frugally.io/discount" "Mozilla/5.0 (X11; Linux x86_64) AppleWebKit/537.36 (KHTML, like Gecko) Chrome/81.0.4044.92 Safari/537.36"
69.242.45.105 - - [09/Jun/2020:18:20:39 -0400] "POST / HTTP/1.1" 302 4706 "https://frugally.io/" "Mozilla/5.0 (Macintosh; Intel Mac OS X 10_14_6) AppleWebKit/537.36 (KHTML, like Gecko) Chrome/83.0.4103.61 Safari/537.36"
69.242.45.105 - - [09/Jun/2020:18:20:40 -0400] "GET / HTTP/1.1" 200 14278 "-" "Mozilla/5.0 (Macintosh; Intel Mac OS X 10_14_6) AppleWebKit/537.36 (KHTML, like Gecko) Chrome/83.0.4103.61 Safari/537.36"
69.242.45.105 - - [09/Jun/2020:18:20:41 -0400] "GET /static/css/style.css HTTP/1.1" 200 3992 "https://frugally.io/" "Mozilla/5.0 (Macintosh; Intel Mac OS X 10_14_6) AppleWebKit/537.36 (KHTML, like Gecko) Chrome/83.0.4103.61 Safari/537.36"
69.242.45.105 - - [09/Jun/2020:18:20:48 -0400] "POST / HTTP/1.1" 302 4706 "https://frugally.io/" "Mozilla/5.0 (Macintosh; Intel Mac OS X 10_14_6) AppleWebKit/537.36 (KHTML, like Gecko) Chrome/83.0.4103.61 Safari/537.36"
69.242.45.105 - - [09/Jun/2020:18:20:48 -0400] "GET / HTTP/1.1" 200 14278 "-" "Mozilla/5.0 (Macintosh; Intel Mac OS X 10_14_6) AppleWebKit/537.36 (KHTML, like Gecko) Chrome/83.0.4103.61 Safari/537.36"
69.242.45.105 - - [09/Jun/2020:18:20:52 -0400] "POST / HTTP/1.1" 302 502 "https://frugally.io/" "Mozilla/5.0 (Macintosh; Intel Mac OS X 10_14_6) AppleWebKit/537.36 (KHTML, like Gecko) Chrome/83.0.4103.61 Safari/537.36"
69.242.45.105 - - [09/Jun/2020:18:20:52 -0400] "GET / HTTP/1.1" 200 14278 "-" "Mozilla/5.0 (Macintosh; Intel Mac OS X 10_14_6) AppleWebKit/537.36 (KHTML, like Gecko) Chrome/83.0.4103.61 Safari/537.36"
69.242.45.105 - - [09/Jun/2020:18:20:55 -0400] "POST / HTTP/1.1" 302 502 "https://frugally.io/" "Mozilla/5.0 (Macintosh; Intel Mac OS X 10_14_6) AppleWebKit/537.36 (KHTML, like Gecko) Chrome/83.0.4103.61 Safari/537.36"
69.242.45.105 - - [09/Jun/2020:18:20:55 -0400] "GET / HTTP/1.1" 200 14278 "-" "Mozilla/5.0 (Macintosh; Intel Mac OS X 10_14_6) AppleWebKit/537.36 (KHTML, like Gecko) Chrome/83.0.4103.61 Safari/537.36"
69.242.45.105 - - [09/Jun/2020:18:21:04 -0400] "POST / HTTP/1.1" 302 1030 "https://frugally.io/" "Mozilla/5.0 (Macintosh; Intel Mac OS X 10_14_6) AppleWebKit/537.36 (KHTML, like Gecko) Chrome/83.0.4103.61 Safari/537.36"
69.242.45.105 - - [09/Jun/2020:18:21:04 -0400] "GET / HTTP/1.1" 200 14278 "-" "Mozilla/5.0 (Macintosh; Intel Mac OS X 10_14_6) AppleWebKit/537.36 (KHTML, like Gecko) Chrome/83.0.4103.61 Safari/537.36"
64.41.200.105 - - [09/Jun/2020:18:24:10 -0400] "GET / HTTP/1.1" 200 194329 "-" "Mozilla/5.0 (X11; Linux x86_64; rv:45.0) Gecko/20100101 Firefox/45.0"
64.41.200.105 - - [09/Jun/2020:18:24:13 -0400] "GET /?SSL_Labs_Renegotiation_Test=User_Agent_May_Not_Show HTTP/1.0" 400 4534 "-" "-"
64.41.200.105 - - [09/Jun/2020:18:24:14 -0400] "GET /?SSL_Labs_Renegotiation_Test=User_Agent_May_Not_Show HTTP/1.0" 400 3647 "-" "-"
98.4.79.199 - - [09/Jun/2020:18:25:57 -0400] "GET / HTTP/1.1" 200 17914 "-" "Mozilla/5.0 (Macintosh; Intel Mac OS X 10_14_3) AppleWebKit/605.1.15 (KHTML, like Gecko) Version/12.0.3 Safari/605.1.15"
98.4.79.199 - - [09/Jun/2020:18:25:58 -0400] "GET /static/js/init.js HTTP/1.1" 200 1841 "https://frugally.io/" "Mozilla/5.0 (Macintosh; Intel Mac OS X 10_14_3) AppleWebKit/605.1.15 (KHTML, like Gecko) Version/12.0.3 Safari/605.1.15"
98.4.79.199 - - [09/Jun/2020:18:25:58 -0400] "GET /static/css/font-awesome.min.css HTTP/1.1" 200 4435 "https://frugally.io/" "Mozilla/5.0 (Macintosh; Intel Mac OS X 10_14_3) AppleWebKit/605.1.15 (KHTML, like Gecko) Version/12.0.3 Safari/605.1.15"
71.58.214.49 - - [09/Jun/2020:18:27:51 -0400] "GET / HTTP/1.1" 200 18482 "-" "Mozilla/5.0 (X11; Linux x86_64) AppleWebKit/537.36 (KHTML, like Gecko) Chrome/81.0.4044.92 Safari/537.36"
71.58.214.49 - - [09/Jun/2020:18:27:52 -0400] "GET /static/js/jquery.min.js HTTP/1.1" 200 33876 "https://frugally.io/" "Mozilla/5.0 (X11; Linux x86_64) AppleWebKit/537.36 (KHTML, like Gecko) Chrome/81.0.4044.92 Safari/537.36"
71.58.214.49 - - [09/Jun/2020:18:27:52 -0400] "GET /static/js/jquery.dropotron.min.js HTTP/1.1" 200 2889 "https://frugally.io/" "Mozilla/5.0 (X11; Linux x86_64) AppleWebKit/537.36 (KHTML, like Gecko) Chrome/81.0.4044.92 Safari/537.36"
71.58.214.49 - - [09/Jun/2020:18:27:52 -0400] "GET /static/js/skel-layers.min.js HTTP/1.1" 200 5641 "https://frugally.io/" "Mozilla/5.0 (X11; Linux x86_64) AppleWebKit/537.36 (KHTML, like Gecko) Chrome/81.0.4044.92 Safari/537.36"
71.58.214.49 - - [09/Jun/2020:18:27:52 -0400] "GET /static/js/skel.min.js HTTP/1.1" 200 8446 "https://frugally.io/" "Mozilla/5.0 (X11; Linux x86_64) AppleWebKit/537.36 (KHTML, like Gecko) Chrome/81.0.4044.92 Safari/537.36"
71.58.214.49 - - [09/Jun/2020:18:27:52 -0400] "GET /static/js/init.js HTTP/1.1" 200 6038 "https://frugally.io/" "Mozilla/5.0 (X11; Linux x86_64) AppleWebKit/537.36 (KHTML, like Gecko) Chrome/81.0.4044.92 Safari/537.36"
71.58.214.49 - - [09/Jun/2020:18:27:52 -0400] "GET /static/css/style.css HTTP/1.1" 200 3992 "https://frugally.io/" "Mozilla/5.0 (X11; Linux x86_64) AppleWebKit/537.36 (KHTML, like Gecko) Chrome/81.0.4044.92 Safari/537.36"
71.58.214.49 - - [09/Jun/2020:18:27:52 -0400] "GET /static/css/font-awesome.min.css HTTP/1.1" 200 4414 "https://frugally.io/" "Mozilla/5.0 (X11; Linux x86_64) AppleWebKit/537.36 (KHTML, like Gecko) Chrome/81.0.4044.92 Safari/537.36"
71.58.214.49 - - [09/Jun/2020:18:27:52 -0400] "GET /static/fonts/fontawesome-webfont.woff?v=4.0.3 HTTP/1.1" 200 44819 "https://frugally.io/static/css/font-awesome.min.css" "Mozilla/5.0 (X11; Linux x86_64) AppleWebKit/537.36 (KHTML, like Gecko) Chrome/81.0.4044.92 Safari/537.36"
71.58.214.49 - - [09/Jun/2020:18:27:52 -0400] "GET /favicon.ico HTTP/1.1" 404 465 "https://frugally.io/" "Mozilla/5.0 (X11; Linux x86_64) AppleWebKit/537.36 (KHTML, like Gecko) Chrome/81.0.4044.92 Safari/537.36"
69.242.45.105 - - [09/Jun/2020:18:27:53 -0400] "POST / HTTP/1.1" 302 4706 "https://frugally.io/" "Mozilla/5.0 (Macintosh; Intel Mac OS X 10_14_6) AppleWebKit/537.36 (KHTML, like Gecko) Chrome/83.0.4103.61 Safari/537.36"
69.242.45.105 - - [09/Jun/2020:18:27:53 -0400] "GET / HTTP/1.1" 200 14278 "-" "Mozilla/5.0 (Macintosh; Intel Mac OS X 10_14_6) AppleWebKit/537.36 (KHTML, like Gecko) Chrome/83.0.4103.61 Safari/537.36"
69.242.45.105 - - [09/Jun/2020:18:28:04 -0400] "POST / HTTP/1.1" 302 1030 "https://frugally.io/" "Mozilla/5.0 (Macintosh; Intel Mac OS X 10_14_6) AppleWebKit/537.36 (KHTML, like Gecko) Chrome/83.0.4103.61 Safari/537.36"
69.242.45.105 - - [09/Jun/2020:18:28:04 -0400] "GET / HTTP/1.1" 200 14278 "-" "Mozilla/5.0 (Macintosh; Intel Mac OS X 10_14_6) AppleWebKit/537.36 (KHTML, like Gecko) Chrome/83.0.4103.61 Safari/537.36"
71.58.214.49 - - [09/Jun/2020:18:28:12 -0400] "-" 408 4203 "-" "-"
71.58.214.49 - - [09/Jun/2020:18:28:12 -0400] "-" 408 4203 "-" "-"
98.4.79.199 - - [09/Jun/2020:18:29:10 -0400] "POST / HTTP/1.1" 302 666 "https://frugally.io/" "Mozilla/5.0 (Macintosh; Intel Mac OS X 10_14_3) AppleWebKit/605.1.15 (KHTML, like Gecko) Version/12.0.3 Safari/605.1.15"
98.4.79.199 - - [09/Jun/2020:18:29:11 -0400] "GET / HTTP/1.1" 200 14348 "-" "Mozilla/5.0 (Macintosh; Intel Mac OS X 10_14_3) AppleWebKit/605.1.15 (KHTML, like Gecko) Version/12.0.3 Safari/605.1.15"
98.4.79.199 - - [09/Jun/2020:18:29:15 -0400] "GET /static/css/style.css HTTP/1.1" 200 4013 "https://frugally.io/" "Mozilla/5.0 (Macintosh; Intel Mac OS X 10_14_3) AppleWebKit/605.1.15 (KHTML, like Gecko) Version/12.0.3 Safari/605.1.15"
71.58.214.49 - - [09/Jun/2020:18:29:15 -0400] "POST / HTTP/1.1" 302 1141 "https://frugally.io/" "Mozilla/5.0 (X11; Linux x86_64) AppleWebKit/537.36 (KHTML, like Gecko) Chrome/81.0.4044.92 Safari/537.36"
