65.99.105.146 - - [09/Jun/2020:18:29:15 -0400] "POST / HTTP/1.1" 302 4706 "https://frugally.io/" "Mozilla/5.0 (Windows NT 10.0; Win64; x64) AppleWebKit/537.36 (KHTML, like Gecko) Chrome/81.0.4044.138 Safari/537.36"
71.58.214.49 - - [09/Jun/2020:18:29:15 -0400] "GET /discount/gender%3Dmen%2Bvendors%3D%2Bbrands%3D HTTP/1.1" 200 9158 "-" "Mozilla/5.0 (X11; Linux x86_64) AppleWebKit/537.36 (KHTML, like Gecko) Chrome/81.0.4044.92 Safari/537.36"
65.99.105.146 - - [09/Jun/2020:18:29:16 -0400] "GET / HTTP/1.1" 200 14278 "-" "Mozilla/5.0 (Windows NT 10.0; Win64; x64) AppleWebKit/537.36 (KHTML, like Gecko) Chrome/81.0.4044.138 Safari/537.36"
65.99.105.146 - - [09/Jun/2020:18:29:17 -0400] "GET /static/js/jquery.min.js HTTP/1.1" 200 33876 "https://frugally.io/" "Mozilla/5.0 (Windows NT 10.0; Win64; x64) AppleWebKit/537.36 (KHTML, like Gecko) Chrome/81.0.4044.138 Safari/537.36"
65.99.105.146 - - [09/Jun/2020:18:29:17 -0400] "GET /static/js/jquery.dropotron.min.js HTTP/1.1" 200 2889 "https://frugally.io/" "Mozilla/5.0 (Windows NT 10.0; Win64; x64) AppleWebKit/537.36 (KHTML, like Gecko) Chrome/81.0.4044.138 Safari/537.36"
65.99.105.146 - - [09/Jun/2020:18:29:17 -0400] "GET /static/js/skel.min.js HTTP/1.1" 200 8446 "https://frugally.io/" "Mozilla/5.0 (Windows NT 10.0; Win64; x64) AppleWebKit/537.36 (KHTML, like Gecko) Chrome/81.0.4044.138 Safari/537.36"
65.99.105.146 - - [09/Jun/2020:18:29:17 -0400] "GET /static/js/skel-layers.min.js HTTP/1.1" 200 9845 "https://frugally.io/" "Mozilla/5.0 (Windows NT 10.0; Win64; x64) AppleWebKit/537.36 (KHTML, like Gecko) Chrome/81.0.4044.138 Safari/537.36"
65.99.105.146 - - [09/Jun/2020:18:29:17 -0400] "GET /static/js/init.js HTTP/1.1" 200 6038 "https://frugally.io/" "Mozilla/5.0 (Windows NT 10.0; Win64; x64) AppleWebKit/537.36 (KHTML, like Gecko) Chrome/81.0.4044.138 Safari/537.36"
65.99.105.146 - - [09/Jun/2020:18:29:17 -0400] "GET /static/css/style.css HTTP/1.1" 200 3992 "https://frugally.io/" "Mozilla/5.0 (Windows NT 10.0; Win64; x64) AppleWebKit/537.36 (KHTML, like Gecko) Chrome/81.0.4044.138 Safari/537.36"
65.99.105.146 - - [09/Jun/2020:18:29:17 -0400] "GET /static/css/style-wide.css HTTP/1.1" 200 561 "https://frugally.io/" "Mozilla/5.0 (Windows NT 10.0; Win64; x64) AppleWebKit/537.36 (KHTML, like Gecko) Chrome/81.0.4044.138 Safari/537.36"
65.99.105.146 - - [09/Jun/2020:18:29:17 -0400] "GET /static/css/font-awesome.min.css HTTP/1.1" 200 4414 "https://frugally.io/" "Mozilla/5.0 (Windows NT 10.0; Win64; x64) AppleWebKit/537.36 (KHTML, like Gecko) Chrome/81.0.4044.138 Safari/537.36"
65.99.105.146 - - [09/Jun/2020:18:29:18 -0400] "GET /static/fonts/fontawesome-webfont.woff?v=4.0.3 HTTP/1.1" 304 203 "https://frugally.io/static/css/font-awesome.min.css" "Mozilla/5.0 (Windows NT 10.0; Win64; x64) AppleWebKit/537.36 (KHTML, like Gecko) Chrome/81.0.4044.138 Safari/537.36"
65.99.105.146 - - [09/Jun/2020:18:29:22 -0400] "GET / HTTP/1.1" 200 14278 "-" "Mozilla/5.0 (Windows NT 10.0; Win64; x64) AppleWebKit/537.36 (KHTML, like Gecko) Chrome/81.0.4044.138 Safari/537.36"
71.58.214.49 - - [09/Jun/2020:18:29:30 -0400] "GET /discount/gender%3Dmen%2Bvendors%3D%2Bbrands%3D HTTP/1.1" 200 9686 "-" "Mozilla/5.0 (X11; Linux x86_64) AppleWebKit/537.36 (KHTML, like Gecko) Chrome/81.0.4044.92 Safari/537.36"
65.99.105.146 - - [09/Jun/2020:18:29:33 -0400] "POST / HTTP/1.1" 302 1172 "https://frugally.io/" "Mozilla/5.0 (Windows NT 10.0; Win64; x64) AppleWebKit/537.36 (KHTML, like Gecko) Chrome/81.0.4044.138 Safari/537.36"
65.99.105.146 - - [09/Jun/2020:18:29:33 -0400] "GET /discount/gender%3Dall%2Bvendors%3D%2Bbrands%3D19%20Cooper HTTP/1.1" 200 2458 "-" "Mozilla/5.0 (Windows NT 10.0; Win64; x64) AppleWebKit/537.36 (KHTML, like Gecko) Chrome/81.0.4044.138 Safari/537.36"
69.242.45.105 - - [09/Jun/2020:18:29:37 -0400] "POST / HTTP/1.1" 302 1030 "https://frugally.io/" "Mozilla/5.0 (Macintosh; Intel Mac OS X 10_14_6) AppleWebKit/537.36 (KHTML, like Gecko) Chrome/83.0.4103.61 Safari/537.36"
69.242.45.105 - - [09/Jun/2020:18:29:37 -0400] "GET / HTTP/1.1" 200 14278 "-" "Mozilla/5.0 (Macintosh; Intel Mac OS X 10_14_6) AppleWebKit/537.36 (KHTML, like Gecko) Chrome/83.0.4103.61 Safari/537.36"
69.242.45.105 - - [09/Jun/2020:18:29:45 -0400] "POST / HTTP/1.1" 302 1030 "https://frugally.io/" "Mozilla/5.0 (Macintosh; Intel Mac OS X 10_14_6) AppleWebKit/537.36 (KHTML, like Gecko) Chrome/83.0.4103.61 Safari/537.36"
69.242.45.105 - - [09/Jun/2020:18:29:45 -0400] "GET / HTTP/1.1" 200 14278 "-" "Mozilla/5.0 (Macintosh; Intel Mac OS X 10_14_6) AppleWebKit/537.36 (KHTML, like Gecko) Chrome/83.0.4103.61 Safari/537.36"
98.4.79.199 - - [09/Jun/2020:18:29:48 -0400] "POST / HTTP/1.1" 302 666 "https://frugally.io/" "Mozilla/5.0 (Macintosh; Intel Mac OS X 10_14_3) AppleWebKit/605.1.15 (KHTML, like Gecko) Version/12.0.3 Safari/605.1.15"
98.4.79.199 - - [09/Jun/2020:18:29:48 -0400] "GET / HTTP/1.1" 200 14348 "-" "Mozilla/5.0 (Macintosh; Intel Mac OS X 10_14_3) AppleWebKit/605.1.15 (KHTML, like Gecko) Version/12.0.3 Safari/605.1.15"
69.242.45.105 - - [09/Jun/2020:18:29:55 -0400] "POST / HTTP/1.1" 302 1030 "https://frugally.io/" "Mozilla/5.0 (Macintosh; Intel Mac OS X 10_14_6) AppleWebKit/537.36 (KHTML, like Gecko) Chrome/83.0.4103.61 Safari/537.36"
69.242.45.105 - - [09/Jun/2020:18:29:55 -0400] "GET / HTTP/1.1" 200 14278 "-" "Mozilla/5.0 (Macintosh; Intel Mac OS X 10_14_6) AppleWebKit/537.36 (KHTML, like Gecko) Chrome/83.0.4103.61 Safari/537.36"
65.99.105.146 - - [09/Jun/2020:18:29:56 -0400] "POST /discount/gender%3Dall%2Bvendors%3D%2Bbrands%3D19%20Cooper HTTP/1.1" 302 1153 "https://frugally.io/discount/gender%3Dall%2Bvendors%3D%2Bbrands%3D19%20Cooper" "Mozilla/5.0 (Windows NT 10.0; Win64; x64) AppleWebKit/537.36 (KHTML, like Gecko) Chrome/81.0.4044.138 Safari/537.36"
65.99.105.146 - - [09/Jun/2020:18:29:56 -0400] "GET /discount/gender%3Dall%2Bvendors%3DNike%2Bbrands%3D HTTP/1.1" 200 3708 "-" "Mozilla/5.0 (Windows NT 10.0; Win64; x64) AppleWebKit/537.36 (KHTML, like Gecko) Chrome/81.0.4044.138 Safari/537.36"
98.4.79.199 - - [09/Jun/2020:18:30:00 -0400] "POST / HTTP/1.1" 302 666 "https://frugally.io/" "Mozilla/5.0 (Macintosh; Intel Mac OS X 10_14_3) AppleWebKit/605.1.15 (KHTML, like Gecko) Version/12.0.3 Safari/605.1.15"
71.58.214.49 - - [09/Jun/2020:18:30:01 -0400] "POST /discount/gender%3Dmen%2Bvendors%3D%2Bbrands%3D HTTP/1.1" 302 1030 "https://frugally.io/discount/gender%3Dmen%2Bvendors%3D%2Bbrands%3D" "Mozilla/5.0 (X11; Linux x86_64) AppleWebKit/537.36 (KHTML, like Gecko) Chrome/81.0.4044.92 Safari/537.36"
98.4.79.199 - - [09/Jun/2020:18:30:00 -0400] "GET / HTTP/1.1" 200 14348 "-" "Mozilla/5.0 (Macintosh; Intel Mac OS X 10_14_3) AppleWebKit/605.1.15 (KHTML, like Gecko) Version/12.0.3 Safari/605.1.15"
71.58.214.49 - - [09/Jun/2020:18:30:01 -0400] "GET / HTTP/1.1" 200 14278 "-" "Mozilla/5.0 (X11; Linux x86_64) AppleWebKit/537.36 (KHTML, like Gecko) Chrome/81.0.4044.92 Safari/537.36"
69.242.45.105 - - [09/Jun/2020:18:30:03 -0400] "POST / HTTP/1.1" 302 1030 "https://frugally.io/" "Mozilla/5.0 (Macintosh; Intel Mac OS X 10_14_6) AppleWebKit/537.36 (KHTML, like Gecko) Chrome/83.0.4103.61 Safari/537.36"
69.242.45.105 - - [09/Jun/2020:18:30:03 -0400] "GET / HTTP/1.1" 200 14278 "-" "Mozilla/5.0 (Macintosh; Intel Mac OS X 10_14_6) AppleWebKit/537.36 (KHTML, like Gecko) Chrome/83.0.4103.61 Safari/537.36"
98.4.79.199 - - [09/Jun/2020:18:30:06 -0400] "POST / HTTP/1.1" 302 651 "https://frugally.io/" "Mozilla/5.0 (Macintosh; Intel Mac OS X 10_14_3) AppleWebKit/605.1.15 (KHTML, like Gecko) Version/12.0.3 Safari/605.1.15"
98.4.79.199 - - [09/Jun/2020:18:30:07 -0400] "GET / HTTP/1.1" 200 14348 "-" "Mozilla/5.0 (Macintosh; Intel Mac OS X 10_14_3) AppleWebKit/605.1.15 (KHTML, like Gecko) Version/12.0.3 Safari/605.1.15"
71.58.214.49 - - [09/Jun/2020:18:30:09 -0400] "POST / HTTP/1.1" 302 1030 "https://frugally.io/" "Mozilla/5.0 (X11; Linux x86_64) AppleWebKit/537.36 (KHTML, like Gecko) Chrome/81.0.4044.92 Safari/537.36"
71.58.214.49 - - [09/Jun/2020:18:30:09 -0400] "GET / HTTP/1.1" 200 14278 "-" "Mozilla/5.0 (X11; Linux x86_64) AppleWebKit/537.36 (KHTML, like Gecko) Chrome/81.0.4044.92 Safari/537.36"
98.4.79.199 - - [09/Jun/2020:18:30:11 -0400] "POST / HTTP/1.1" 302 509 "https://frugally.io/" "Mozilla/5.0 (Macintosh; Intel Mac OS X 10_14_3) AppleWebKit/605.1.15 (KHTML, like Gecko) Version/12.0.3 Safari/605.1.15"
98.4.79.199 - - [09/Jun/2020:18:30:11 -0400] "GET / HTTP/1.1" 200 14348 "-" "Mozilla/5.0 (Macintosh; Intel Mac OS X 10_14_3) AppleWebKit/605.1.15 (KHTML, like Gecko) Version/12.0.3 Safari/605.1.15"
98.4.79.199 - - [09/Jun/2020:18:30:15 -0400] "GET / HTTP/1.1" 200 14348 "-" "Mozilla/5.0 (Macintosh; Intel Mac OS X 10_14_3) AppleWebKit/605.1.15 (KHTML, like Gecko) Version/12.0.3 Safari/605.1.15"
69.242.45.105 - - [09/Jun/2020:18:30:16 -0400] "POST / HTTP/1.1" 302 1030 "https://frugally.io/" "Mozilla/5.0 (Macintosh; Intel Mac OS X 10_14_6) AppleWebKit/537.36 (KHTML, like Gecko) Chrome/83.0.4103.61 Safari/537.36"
69.242.45.105 - - [09/Jun/2020:18:30:16 -0400] "GET / HTTP/1.1" 200 14278 "-" "Mozilla/5.0 (Macintosh; Intel Mac OS X 10_14_6) AppleWebKit/537.36 (KHTML, like Gecko) Chrome/83.0.4103.61 Safari/537.36"
71.58.214.49 - - [09/Jun/2020:18:30:21 -0400] "POST / HTTP/1.1" 302 1030 "https://frugally.io/" "Mozilla/5.0 (X11; Linux x86_64) AppleWebKit/537.36 (KHTML, like Gecko) Chrome/81.0.4044.92 Safari/537.36"
98.4.79.199 - - [09/Jun/2020:18:30:21 -0400] "POST / HTTP/1.1" 302 651 "https://frugally.io/" "Mozilla/5.0 (Macintosh; Intel Mac OS X 10_14_3) AppleWebKit/605.1.15 (KHTML, like Gecko) Version/12.0.3 Safari/605.1.15"
71.58.214.49 - - [09/Jun/2020:18:30:21 -0400] "GET / HTTP/1.1" 200 14278 "-" "Mozilla/5.0 (X11; Linux x86_64) AppleWebKit/537.36 (KHTML, like Gecko) Chrome/81.0.4044.92 Safari/537.36"
98.4.79.199 - - [09/Jun/2020:18:30:21 -0400] "GET / HTTP/1.1" 200 14348 "-" "Mozilla/5.0 (Macintosh; Intel Mac OS X 10_14_3) AppleWebKit/605.1.15 (KHTML, like Gecko) Version/12.0.3 Safari/605.1.15"
98.4.79.199 - - [09/Jun/2020:18:30:38 -0400] "POST / HTTP/1.1" 302 666 "https://frugally.io/" "Mozilla/5.0 (Macintosh; Intel Mac OS X 10_14_3) AppleWebKit/605.1.15 (KHTML, like Gecko) Version/12.0.3 Safari/605.1.15"
98.4.79.199 - - [09/Jun/2020:18:30:38 -0400] "GET / HTTP/1.1" 200 14348 "-" "Mozilla/5.0 (Macintosh; Intel Mac OS X 10_14_3) AppleWebKit/605.1.15 (KHTML, like Gecko) Version/12.0.3 Safari/605.1.15"
65.99.105.146 - - [09/Jun/2020:18:30:39 -0400] "GET / HTTP/1.1" 200 14806 "https://frugally.io/discount/gender%3Dall%2Bvendors%3DNike%2Bbrands%3D" "Mozilla/5.0 (Windows NT 10.0; Win64; x64) AppleWebKit/537.36 (KHTML, like Gecko) Chrome/81.0.4044.138 Safari/537.36"
71.58.214.49 - - [09/Jun/2020:18:30:41 -0400] "POST / HTTP/1.1" 302 1030 "https://frugally.io/" "Mozilla/5.0 (X11; Linux x86_64) AppleWebKit/537.36 (KHTML, like Gecko) Chrome/81.0.4044.92 Safari/537.36"
98.4.79.199 - - [09/Jun/2020:18:30:41 -0400] "POST / HTTP/1.1" 302 509 "https://frugally.io/" "Mozilla/5.0 (Macintosh; Intel Mac OS X 10_14_3) AppleWebKit/605.1.15 (KHTML, like Gecko) Version/12.0.3 Safari/605.1.15"
71.58.214.49 - - [09/Jun/2020:18:30:41 -0400] "GET / HTTP/1.1" 200 14278 "-" "Mozilla/5.0 (X11; Linux x86_64) AppleWebKit/537.36 (KHTML, like Gecko) Chrome/81.0.4044.92 Safari/537.36"
98.4.79.199 - - [09/Jun/2020:18:30:41 -0400] "GET / HTTP/1.1" 200 14348 "-" "Mozilla/5.0 (Macintosh; Intel Mac OS X 10_14_3) AppleWebKit/605.1.15 (KHTML, like Gecko) Version/12.0.3 Safari/605.1.15"
71.58.214.49 - - [09/Jun/2020:18:30:54 -0400] "POST / HTTP/1.1" 302 1030 "https://frugally.io/" "Mozilla/5.0 (X11; Linux x86_64) AppleWebKit/537.36 (KHTML, like Gecko) Chrome/81.0.4044.92 Safari/537.36"
71.58.214.49 - - [09/Jun/2020:18:30:54 -0400] "GET / HTTP/1.1" 200 14278 "-" "Mozilla/5.0 (X11; Linux x86_64) AppleWebKit/537.36 (KHTML, like Gecko) Chrome/81.0.4044.92 Safari/537.36"
69.242.45.105 - - [09/Jun/2020:18:30:59 -0400] "POST / HTTP/1.1" 302 1030 "https://frugally.io/" "Mozilla/5.0 (Macintosh; Intel Mac OS X 10_14_6) AppleWebKit/537.36 (KHTML, like Gecko) Chrome/83.0.4103.61 Safari/537.36"
69.242.45.105 - - [09/Jun/2020:18:30:59 -0400] "GET / HTTP/1.1" 200 14278 "-" "Mozilla/5.0 (Macintosh; Intel Mac OS X 10_14_6) AppleWebKit/537.36 (KHTML, like Gecko) Chrome/83.0.4103.61 Safari/537.36"
69.242.45.105 - - [09/Jun/2020:18:31:00 -0400] "GET /static/css/style.css HTTP/1.1" 200 3992 "https://frugally.io/" "Mozilla/5.0 (Macintosh; Intel Mac OS X 10_14_6) AppleWebKit/537.36 (KHTML, like Gecko) Chrome/83.0.4103.61 Safari/537.36"
71.58.214.49 - - [09/Jun/2020:18:31:01 -0400] "POST / HTTP/1.1" 302 1030 "https://frugally.io/" "Mozilla/5.0 (X11; Linux x86_64) AppleWebKit/537.36 (KHTML, like Gecko) Chrome/81.0.4044.92 Safari/537.36"
71.58.214.49 - - [09/Jun/2020:18:31:01 -0400] "GET / HTTP/1.1" 200 14278 "-" "Mozilla/5.0 (X11; Linux x86_64) AppleWebKit/537.36 (KHTML, like Gecko) Chrome/81.0.4044.92 Safari/537.36"
65.99.105.146 - - [09/Jun/2020:18:31:06 -0400] "POST / HTTP/1.1" 302 1162 "https://frugally.io/" "Mozilla/5.0 (Windows NT 10.0; Win64; x64) AppleWebKit/537.36 (KHTML, like Gecko) Chrome/81.0.4044.138 Safari/537.36"
65.99.105.146 - - [09/Jun/2020:18:31:06 -0400] "GET /high/gender%3Dwomen%2Bvendors%3DNordstrom%2Bbrands%3D HTTP/1.1" 200 1892 "-" "Mozilla/5.0 (Windows NT 10.0; Win64; x64) AppleWebKit/537.36 (KHTML, like Gecko) Chrome/81.0.4044.138 Safari/537.36"
71.58.214.49 - - [09/Jun/2020:18:31:07 -0400] "GET / HTTP/1.1" 200 14806 "-" "Mozilla/5.0 (X11; Linux x86_64) AppleWebKit/537.36 (KHTML, like Gecko) Chrome/81.0.4044.92 Safari/537.36"
98.4.79.199 - - [09/Jun/2020:18:31:12 -0400] "GET / HTTP/1.1" 200 17914 "-" "Mozilla/5.0 (Macintosh; Intel Mac OS X 10_14_3) AppleWebKit/605.1.15 (KHTML, like Gecko) Version/12.0.3 Safari/605.1.15"
98.4.79.199 - - [09/Jun/2020:18:31:13 -0400] "GET /static/js/jquery.min.js HTTP/1.1" 200 33925 "https://frugally.io/" "Mozilla/5.0 (Macintosh; Intel Mac OS X 10_14_3) AppleWebKit/605.1.15 (KHTML, like Gecko) Version/12.0.3 Safari/605.1.15"
98.4.79.199 - - [09/Jun/2020:18:31:13 -0400] "GET /static/js/jquery.dropotron.min.js HTTP/1.1" 200 2524 "https://frugally.io/" "Mozilla/5.0 (Macintosh; Intel Mac OS X 10_14_3) AppleWebKit/605.1.15 (KHTML, like Gecko) Version/12.0.3 Safari/605.1.15"
98.4.79.199 - - [09/Jun/2020:18:31:13 -0400] "GET /static/js/init.js HTTP/1.1" 200 1983 "https://frugally.io/" "Mozilla/5.0 (Macintosh; Intel Mac OS X 10_14_3) AppleWebKit/605.1.15 (KHTML, like Gecko) Version/12.0.3 Safari/605.1.15"
98.4.79.199 - - [09/Jun/2020:18:31:13 -0400] "GET /static/js/skel-layers.min.js HTTP/1.1" 200 5804 "https://frugally.io/" "Mozilla/5.0 (Macintosh; Intel Mac OS X 10_14_3) AppleWebKit/605.1.15 (KHTML, like Gecko) Version/12.0.3 Safari/605.1.15"
98.4.79.199 - - [09/Jun/2020:18:31:13 -0400] "GET /static/js/skel.min.js HTTP/1.1" 200 8081 "https://frugally.io/" "Mozilla/5.0 (Macintosh; Intel Mac OS X 10_14_3) AppleWebKit/605.1.15 (KHTML, like Gecko) Version/12.0.3 Safari/605.1.15"
98.4.79.199 - - [09/Jun/2020:18:31:13 -0400] "GET /static/css/style.css HTTP/1.1" 200 4013 "https://frugally.io/" "Mozilla/5.0 (Macintosh; Intel Mac OS X 10_14_3) AppleWebKit/605.1.15 (KHTML, like Gecko) Version/12.0.3 Safari/605.1.15"
98.4.79.199 - - [09/Jun/2020:18:31:13 -0400] "GET /static/css/style-wide.css HTTP/1.1" 200 568 "https://frugally.io/" "Mozilla/5.0 (Macintosh; Intel Mac OS X 10_14_3) AppleWebKit/605.1.15 (KHTML, like Gecko) Version/12.0.3 Safari/605.1.15"
98.4.79.199 - - [09/Jun/2020:18:31:13 -0400] "GET /static/css/font-awesome.min.css HTTP/1.1" 200 4435 "https://frugally.io/" "Mozilla/5.0 (Macintosh; Intel Mac OS X 10_14_3) AppleWebKit/605.1.15 (KHTML, like Gecko) Version/12.0.3 Safari/605.1.15"
98.4.79.199 - - [09/Jun/2020:18:31:14 -0400] "GET /static/fonts/fontawesome-webfont.woff?v=4.0.3 HTTP/1.1" 200 44847 "https://frugally.io/" "Mozilla/5.0 (Macintosh; Intel Mac OS X 10_14_3) AppleWebKit/605.1.15 (KHTML, like Gecko) Version/12.0.3 Safari/605.1.15"
71.58.214.49 - - [09/Jun/2020:18:31:16 -0400] "POST / HTTP/1.1" 302 1030 "https://frugally.io/" "Mozilla/5.0 (X11; Linux x86_64) AppleWebKit/537.36 (KHTML, like Gecko) Chrome/81.0.4044.92 Safari/537.36"
98.4.79.199 - - [09/Jun/2020:18:31:16 -0400] "POST / HTTP/1.1" 302 509 "https://frugally.io/" "Mozilla/5.0 (Macintosh; Intel Mac OS X 10_14_3) AppleWebKit/605.1.15 (KHTML, like Gecko) Version/12.0.3 Safari/605.1.15"
71.58.214.49 - - [09/Jun/2020:18:31:16 -0400] "GET / HTTP/1.1" 200 14278 "-" "Mozilla/5.0 (X11; Linux x86_64) AppleWebKit/537.36 (KHTML, like Gecko) Chrome/81.0.4044.92 Safari/537.36"
98.4.79.199 - - [09/Jun/2020:18:31:16 -0400] "GET / HTTP/1.1" 200 14348 "-" "Mozilla/5.0 (Macintosh; Intel Mac OS X 10_14_3) AppleWebKit/605.1.15 (KHTML, like Gecko) Version/12.0.3 Safari/605.1.15"
65.99.105.146 - - [09/Jun/2020:18:31:29 -0400] "GET / HTTP/1.1" 200 18125 "-" "Mozilla/5.0 (Windows NT 10.0; Win64; x64) AppleWebKit/537.36 (KHTML, like Gecko) Chrome/70.0.3538.102 Safari/537.36 Edge/18.18363"
65.99.105.146 - - [09/Jun/2020:18:31:30 -0400] "GET /static/js/init.js HTTP/1.1" 200 1841 "https://frugally.io/" "Mozilla/5.0 (Windows NT 10.0; Win64; x64) AppleWebKit/537.36 (KHTML, like Gecko) Chrome/70.0.3538.102 Safari/537.36 Edge/18.18363"
65.99.105.146 - - [09/Jun/2020:18:31:30 -0400] "GET /static/js/skel-layers.min.js HTTP/1.1" 200 5787 "https://frugally.io/" "Mozilla/5.0 (Windows NT 10.0; Win64; x64) AppleWebKit/537.36 (KHTML, like Gecko) Chrome/70.0.3538.102 Safari/537.36 Edge/18.18363"
65.99.105.146 - - [09/Jun/2020:18:31:30 -0400] "GET /static/js/jquery.dropotron.min.js HTTP/1.1" 200 2507 "https://frugally.io/" "Mozilla/5.0 (Windows NT 10.0; Win64; x64) AppleWebKit/537.36 (KHTML, like Gecko) Chrome/70.0.3538.102 Safari/537.36 Edge/18.18363"
65.99.105.146 - - [09/Jun/2020:18:31:30 -0400] "GET /static/js/jquery.min.js HTTP/1.1" 200 34050 "https://frugally.io/" "Mozilla/5.0 (Windows NT 10.0; Win64; x64) AppleWebKit/537.36 (KHTML, like Gecko) Chrome/70.0.3538.102 Safari/537.36 Edge/18.18363"
65.99.105.146 - - [09/Jun/2020:18:31:30 -0400] "GET /static/js/skel.min.js HTTP/1.1" 200 7939 "https://frugally.io/" "Mozilla/5.0 (Windows NT 10.0; Win64; x64) AppleWebKit/537.36 (KHTML, like Gecko) Chrome/70.0.3538.102 Safari/537.36 Edge/18.18363"
65.99.105.146 - - [09/Jun/2020:18:31:31 -0400] "GET /static/css/style.css HTTP/1.1" 200 4013 "https://frugally.io/" "Mozilla/5.0 (Windows NT 10.0; Win64; x64) AppleWebKit/537.36 (KHTML, like Gecko) Chrome/70.0.3538.102 Safari/537.36 Edge/18.18363"
65.99.105.146 - - [09/Jun/2020:18:31:31 -0400] "GET /static/css/font-awesome.min.css HTTP/1.1" 200 4435 "https://frugally.io/" "Mozilla/5.0 (Windows NT 10.0; Win64; x64) AppleWebKit/537.36 (KHTML, like Gecko) Chrome/70.0.3538.102 Safari/537.36 Edge/18.18363"
65.99.105.146 - - [09/Jun/2020:18:31:31 -0400] "GET /static/fonts/fontawesome-webfont.woff?v=4.0.3 HTTP/1.1" 200 44847 "https://frugally.io/" "Mozilla/5.0 (Windows NT 10.0; Win64; x64) AppleWebKit/537.36 (KHTML, like Gecko) Chrome/70.0.3538.102 Safari/537.36 Edge/18.18363"
65.99.105.146 - - [09/Jun/2020:18:31:32 -0400] "GET /favicon.ico HTTP/1.1" 404 4249 "-" "Mozilla/5.0 (Windows NT 10.0; Win64; x64) AppleWebKit/537.36 (KHTML, like Gecko) Chrome/70.0.3538.102 Safari/537.36 Edge/18.18363"
98.4.79.199 - - [09/Jun/2020:18:31:32 -0400] "GET / HTTP/1.1" 200 18482 "-" "Mozilla/5.0 (Macintosh; Intel Mac OS X 10_14_3) AppleWebKit/537.36 (KHTML, like Gecko) Chrome/83.0.4103.97 Safari/537.36"
98.4.79.199 - - [09/Jun/2020:18:31:33 -0400] "GET /static/js/jquery.dropotron.min.js HTTP/1.1" 200 6565 "https://frugally.io/" "Mozilla/5.0 (Macintosh; Intel Mac OS X 10_14_3) AppleWebKit/537.36 (KHTML, like Gecko) Chrome/83.0.4103.97 Safari/537.36"
98.4.79.199 - - [09/Jun/2020:18:31:33 -0400] "GET /static/js/jquery.min.js HTTP/1.1" 200 33876 "https://frugally.io/" "Mozilla/5.0 (Macintosh; Intel Mac OS X 10_14_3) AppleWebKit/537.36 (KHTML, like Gecko) Chrome/83.0.4103.97 Safari/537.36"
98.4.79.199 - - [09/Jun/2020:18:31:33 -0400] "GET /static/js/skel.min.js HTTP/1.1" 200 7918 "https://frugally.io/" "Mozilla/5.0 (Macintosh; Intel Mac OS X 10_14_3) AppleWebKit/537.36 (KHTML, like Gecko) Chrome/83.0.4103.97 Safari/537.36"
98.4.79.199 - - [09/Jun/2020:18:31:33 -0400] "GET /static/js/skel-layers.min.js HTTP/1.1" 200 6169 "https://frugally.io/" "Mozilla/5.0 (Macintosh; Intel Mac OS X 10_14_3) AppleWebKit/537.36 (KHTML, like Gecko) Chrome/83.0.4103.97 Safari/537.36"
98.4.79.199 - - [09/Jun/2020:18:31:33 -0400] "GET /static/js/init.js HTTP/1.1" 200 2362 "https://frugally.io/" "Mozilla/5.0 (Macintosh; Intel Mac OS X 10_14_3) AppleWebKit/537.36 (KHTML, like Gecko) Chrome/83.0.4103.97 Safari/537.36"
98.4.79.199 - - [09/Jun/2020:18:31:33 -0400] "GET /static/css/style-normal.css HTTP/1.1" 200 683 "https://frugally.io/" "Mozilla/5.0 (Macintosh; Intel Mac OS X 10_14_3) AppleWebKit/537.36 (KHTML, like Gecko) Chrome/83.0.4103.97 Safari/537.36"
98.4.79.199 - - [09/Jun/2020:18:31:33 -0400] "GET /static/css/style.css HTTP/1.1" 200 3992 "https://frugally.io/" "Mozilla/5.0 (Macintosh; Intel Mac OS X 10_14_3) AppleWebKit/537.36 (KHTML, like Gecko) Chrome/83.0.4103.97 Safari/537.36"
98.4.79.199 - - [09/Jun/2020:18:31:33 -0400] "GET /static/css/style-wide.css HTTP/1.1" 200 561 "https://frugally.io/" "Mozilla/5.0 (Macintosh; Intel Mac OS X 10_14_3) AppleWebKit/537.36 (KHTML, like Gecko) Chrome/83.0.4103.97 Safari/537.36"
98.4.79.199 - - [09/Jun/2020:18:31:34 -0400] "GET /static/css/font-awesome.min.css HTTP/1.1" 200 4414 "https://frugally.io/" "Mozilla/5.0 (Macintosh; Intel Mac OS X 10_14_3) AppleWebKit/537.36 (KHTML, like Gecko) Chrome/83.0.4103.97 Safari/537.36"
98.4.79.199 - - [09/Jun/2020:18:31:35 -0400] "GET /static/fonts/fontawesome-webfont.woff?v=4.0.3 HTTP/1.1" 200 44819 "https://frugally.io/static/css/font-awesome.min.css" "Mozilla/5.0 (Macintosh; Intel Mac OS X 10_14_3) AppleWebKit/537.36 (KHTML, like Gecko) Chrome/83.0.4103.97 Safari/537.36"
98.4.79.199 - - [09/Jun/2020:18:31:35 -0400] "GET /favicon.ico HTTP/1.1" 404 465 "https://frugally.io/" "Mozilla/5.0 (Macintosh; Intel Mac OS X 10_14_3) AppleWebKit/537.36 (KHTML, like Gecko) Chrome/83.0.4103.97 Safari/537.36"
98.4.79.199 - - [09/Jun/2020:18:31:37 -0400] "POST / HTTP/1.1" 302 502 "https://frugally.io/" "Mozilla/5.0 (Macintosh; Intel Mac OS X 10_14_3) AppleWebKit/537.36 (KHTML, like Gecko) Chrome/83.0.4103.97 Safari/537.36"
98.4.79.199 - - [09/Jun/2020:18:31:37 -0400] "GET / HTTP/1.1" 200 14278 "-" "Mozilla/5.0 (Macintosh; Intel Mac OS X 10_14_3) AppleWebKit/537.36 (KHTML, like Gecko) Chrome/83.0.4103.97 Safari/537.36"
65.99.105.146 - - [09/Jun/2020:18:31:38 -0400] "POST / HTTP/1.1" 302 757 "https://frugally.io/" "Mozilla/5.0 (Windows NT 10.0; Win64; x64) AppleWebKit/537.36 (KHTML, like Gecko) Chrome/70.0.3538.102 Safari/537.36 Edge/18.18363"
65.99.105.146 - - [09/Jun/2020:18:31:38 -0400] "GET /discount/gender%3Dmen%2Bvendors%3DNike%2Bbrands%3D HTTP/1.1" 200 4130 "-" "Mozilla/5.0 (Windows NT 10.0; Win64; x64) AppleWebKit/537.36 (KHTML, like Gecko) Chrome/70.0.3538.102 Safari/537.36 Edge/18.18363"
71.58.214.49 - - [09/Jun/2020:18:31:41 -0400] "GET / HTTP/1.1" 200 14806 "-" "Mozilla/5.0 (X11; Linux x86_64) AppleWebKit/537.36 (KHTML, like Gecko) Chrome/81.0.4044.92 Safari/537.36"
98.4.79.199 - - [09/Jun/2020:18:31:42 -0400] "POST / HTTP/1.1" 302 502 "https://frugally.io/" "Mozilla/5.0 (Macintosh; Intel Mac OS X 10_14_3) AppleWebKit/537.36 (KHTML, like Gecko) Chrome/83.0.4103.97 Safari/537.36"
98.4.79.199 - - [09/Jun/2020:18:31:42 -0400] "GET / HTTP/1.1" 200 14278 "-" "Mozilla/5.0 (Macintosh; Intel Mac OS X 10_14_3) AppleWebKit/537.36 (KHTML, like Gecko) Chrome/83.0.4103.97 Safari/537.36"
71.58.214.49 - - [09/Jun/2020:18:31:44 -0400] "POST / HTTP/1.1" 302 502 "https://frugally.io/" "Mozilla/5.0 (X11; Linux x86_64) AppleWebKit/537.36 (KHTML, like Gecko) Chrome/81.0.4044.92 Safari/537.36"
71.58.214.49 - - [09/Jun/2020:18:31:44 -0400] "GET / HTTP/1.1" 200 14278 "-" "Mozilla/5.0 (X11; Linux x86_64) AppleWebKit/537.36 (KHTML, like Gecko) Chrome/81.0.4044.92 Safari/537.36"
98.4.79.199 - - [09/Jun/2020:18:31:46 -0400] "POST / HTTP/1.1" 302 502 "https://frugally.io/" "Mozilla/5.0 (Macintosh; Intel Mac OS X 10_14_3) AppleWebKit/537.36 (KHTML, like Gecko) Chrome/83.0.4103.97 Safari/537.36"
98.4.79.199 - - [09/Jun/2020:18:31:46 -0400] "GET / HTTP/1.1" 200 14278 "-" "Mozilla/5.0 (Macintosh; Intel Mac OS X 10_14_3) AppleWebKit/537.36 (KHTML, like Gecko) Chrome/83.0.4103.97 Safari/537.36"
71.58.214.49 - - [09/Jun/2020:18:31:49 -0400] "POST / HTTP/1.1" 302 502 "https://frugally.io/" "Mozilla/5.0 (X11; Linux x86_64) AppleWebKit/537.36 (KHTML, like Gecko) Chrome/81.0.4044.92 Safari/537.36"
71.58.214.49 - - [09/Jun/2020:18:31:49 -0400] "GET / HTTP/1.1" 200 14278 "-" "Mozilla/5.0 (X11; Linux x86_64) AppleWebKit/537.36 (KHTML, like Gecko) Chrome/81.0.4044.92 Safari/537.36"
98.4.79.199 - - [09/Jun/2020:18:31:50 -0400] "POST / HTTP/1.1" 302 502 "https://frugally.io/" "Mozilla/5.0 (Macintosh; Intel Mac OS X 10_14_3) AppleWebKit/537.36 (KHTML, like Gecko) Chrome/83.0.4103.97 Safari/537.36"
65.99.105.146 - - [09/Jun/2020:18:31:50 -0400] "-" 408 124 "-" "-"
98.4.79.199 - - [09/Jun/2020:18:31:50 -0400] "GET / HTTP/1.1" 200 14278 "-" "Mozilla/5.0 (Macintosh; Intel Mac OS X 10_14_3) AppleWebKit/537.36 (KHTML, like Gecko) Chrome/83.0.4103.97 Safari/537.36"
65.99.105.146 - - [09/Jun/2020:18:31:52 -0400] "-" 408 3776 "-" "-"
65.99.105.146 - - [09/Jun/2020:18:31:54 -0400] "GET / HTTP/1.1" 200 18482 "-" "Mozilla/5.0 (Windows NT 10.0; Win64; x64) AppleWebKit/537.36 (KHTML, like Gecko) Chrome/83.0.4103.97 Safari/537.36"
65.99.105.146 - - [09/Jun/2020:18:31:55 -0400] "GET /static/js/jquery.min.js HTTP/1.1" 200 33876 "https://frugally.io/" "Mozilla/5.0 (Windows NT 10.0; Win64; x64) AppleWebKit/537.36 (KHTML, like Gecko) Chrome/83.0.4103.97 Safari/537.36"
65.99.105.146 - - [09/Jun/2020:18:31:55 -0400] "GET /static/js/skel-layers.min.js HTTP/1.1" 200 6169 "https://frugally.io/" "Mozilla/5.0 (Windows NT 10.0; Win64; x64) AppleWebKit/537.36 (KHTML, like Gecko) Chrome/83.0.4103.97 Safari/537.36"
65.99.105.146 - - [09/Jun/2020:18:31:55 -0400] "GET /static/js/jquery.dropotron.min.js HTTP/1.1" 200 2361 "https://frugally.io/" "Mozilla/5.0 (Windows NT 10.0; Win64; x64) AppleWebKit/537.36 (KHTML, like Gecko) Chrome/83.0.4103.97 Safari/537.36"
65.99.105.146 - - [09/Jun/2020:18:31:55 -0400] "GET /static/js/skel.min.js HTTP/1.1" 200 8446 "https://frugally.io/" "Mozilla/5.0 (Windows NT 10.0; Win64; x64) AppleWebKit/537.36 (KHTML, like Gecko) Chrome/83.0.4103.97 Safari/537.36"
65.99.105.146 - - [09/Jun/2020:18:31:55 -0400] "GET /static/js/init.js HTTP/1.1" 200 6038 "https://frugally.io/" "Mozilla/5.0 (Windows NT 10.0; Win64; x64) AppleWebKit/537.36 (KHTML, like Gecko) Chrome/83.0.4103.97 Safari/537.36"
65.99.105.146 - - [09/Jun/2020:18:31:55 -0400] "GET /static/css/style.css HTTP/1.1" 200 3992 "https://frugally.io/" "Mozilla/5.0 (Windows NT 10.0; Win64; x64) AppleWebKit/537.36 (KHTML, like Gecko) Chrome/83.0.4103.97 Safari/537.36"
65.99.105.146 - - [09/Jun/2020:18:31:56 -0400] "GET /static/css/font-awesome.min.css HTTP/1.1" 200 4414 "https://frugally.io/" "Mozilla/5.0 (Windows NT 10.0; Win64; x64) AppleWebKit/537.36 (KHTML, like Gecko) Chrome/83.0.4103.97 Safari/537.36"
65.99.105.146 - - [09/Jun/2020:18:31:56 -0400] "GET /static/fonts/fontawesome-webfont.woff?v=4.0.3 HTTP/1.1" 200 44819 "https://frugally.io/static/css/font-awesome.min.css" "Mozilla/5.0 (Windows NT 10.0; Win64; x64) AppleWebKit/537.36 (KHTML, like Gecko) Chrome/83.0.4103.97 Safari/537.36"
65.99.105.146 - - [09/Jun/2020:18:31:57 -0400] "GET /favicon.ico HTTP/1.1" 404 465 "https://frugally.io/" "Mozilla/5.0 (Windows NT 10.0; Win64; x64) AppleWebKit/537.36 (KHTML, like Gecko) Chrome/83.0.4103.97 Safari/537.36"
65.99.105.146 - - [09/Jun/2020:18:32:03 -0400] "POST / HTTP/1.1" 302 4829 "https://frugally.io/" "Mozilla/5.0 (Windows NT 10.0; Win64; x64) AppleWebKit/537.36 (KHTML, like Gecko) Chrome/83.0.4103.97 Safari/537.36"
65.99.105.146 - - [09/Jun/2020:18:32:03 -0400] "GET /low/gender%3Dmen%2Bvendors%3DNordstrom%2Bbrands%3D HTTP/1.1" 200 1892 "-" "Mozilla/5.0 (Windows NT 10.0; Win64; x64) AppleWebKit/537.36 (KHTML, like Gecko) Chrome/83.0.4103.97 Safari/537.36"
98.4.79.199 - - [09/Jun/2020:18:32:05 -0400] "POST / HTTP/1.1" 302 1030 "https://frugally.io/" "Mozilla/5.0 (Macintosh; Intel Mac OS X 10_14_3) AppleWebKit/537.36 (KHTML, like Gecko) Chrome/83.0.4103.97 Safari/537.36"
98.4.79.199 - - [09/Jun/2020:18:32:05 -0400] "GET / HTTP/1.1" 200 14278 "-" "Mozilla/5.0 (Macintosh; Intel Mac OS X 10_14_3) AppleWebKit/537.36 (KHTML, like Gecko) Chrome/83.0.4103.97 Safari/537.36"
65.99.105.146 - - [09/Jun/2020:18:32:15 -0400] "POST /low/gender%3Dmen%2Bvendors%3DNordstrom%2Bbrands%3D HTTP/1.1" 302 1141 "https://frugally.io/low/gender%3Dmen%2Bvendors%3DNordstrom%2Bbrands%3D" "Mozilla/5.0 (Windows NT 10.0; Win64; x64) AppleWebKit/537.36 (KHTML, like Gecko) Chrome/83.0.4103.97 Safari/537.36"
65.99.105.146 - - [09/Jun/2020:18:32:15 -0400] "GET /discount/gender%3Dall%2Bvendors%3D%2Bbrands%3D HTTP/1.1" 200 13878 "-" "Mozilla/5.0 (Windows NT 10.0; Win64; x64) AppleWebKit/537.36 (KHTML, like Gecko) Chrome/83.0.4103.97 Safari/537.36"
71.58.214.49 - - [09/Jun/2020:18:32:34 -0400] "GET / HTTP/1.1" 200 14806 "-" "Mozilla/5.0 (X11; Linux x86_64) AppleWebKit/537.36 (KHTML, like Gecko) Chrome/81.0.4044.92 Safari/537.36"
71.58.214.49 - - [09/Jun/2020:18:32:35 -0400] "GET /static/js/jquery.min.js HTTP/1.1" 200 34404 "https://frugally.io/" "Mozilla/5.0 (X11; Linux x86_64) AppleWebKit/537.36 (KHTML, like Gecko) Chrome/81.0.4044.92 Safari/537.36"
71.58.214.49 - - [09/Jun/2020:18:32:35 -0400] "GET /static/js/jquery.dropotron.min.js HTTP/1.1" 200 2361 "https://frugally.io/" "Mozilla/5.0 (X11; Linux x86_64) AppleWebKit/537.36 (KHTML, like Gecko) Chrome/81.0.4044.92 Safari/537.36"
71.58.214.49 - - [09/Jun/2020:18:32:35 -0400] "GET /static/js/skel.min.js HTTP/1.1" 200 7918 "https://frugally.io/" "Mozilla/5.0 (X11; Linux x86_64) AppleWebKit/537.36 (KHTML, like Gecko) Chrome/81.0.4044.92 Safari/537.36"
71.58.214.49 - - [09/Jun/2020:18:32:35 -0400] "GET /static/js/skel-layers.min.js HTTP/1.1" 200 5641 "https://frugally.io/" "Mozilla/5.0 (X11; Linux x86_64) AppleWebKit/537.36 (KHTML, like Gecko) Chrome/81.0.4044.92 Safari/537.36"
71.58.214.49 - - [09/Jun/2020:18:32:35 -0400] "GET /static/js/init.js HTTP/1.1" 200 1834 "https://frugally.io/" "Mozilla/5.0 (X11; Linux x86_64) AppleWebKit/537.36 (KHTML, like Gecko) Chrome/81.0.4044.92 Safari/537.36"
71.58.214.49 - - [09/Jun/2020:18:32:35 -0400] "GET /static/css/style.css HTTP/1.1" 200 3992 "https://frugally.io/" "Mozilla/5.0 (X11; Linux x86_64) AppleWebKit/537.36 (KHTML, like Gecko) Chrome/81.0.4044.92 Safari/537.36"
71.58.214.49 - - [09/Jun/2020:18:32:35 -0400] "GET /static/css/font-awesome.min.css HTTP/1.1" 200 4414 "https://frugally.io/" "Mozilla/5.0 (X11; Linux x86_64) AppleWebKit/537.36 (KHTML, like Gecko) Chrome/81.0.4044.92 Safari/537.36"
71.58.214.49 - - [09/Jun/2020:18:32:35 -0400] "GET /static/fonts/fontawesome-webfont.woff?v=4.0.3 HTTP/1.1" 200 44819 "https://frugally.io/static/css/font-awesome.min.css" "Mozilla/5.0 (X11; Linux x86_64) AppleWebKit/537.36 (KHTML, like Gecko) Chrome/81.0.4044.92 Safari/537.36"
71.58.214.49 - - [09/Jun/2020:18:32:39 -0400] "POST / HTTP/1.1" 302 502 "https://frugally.io/" "Mozilla/5.0 (X11; Linux x86_64) AppleWebKit/537.36 (KHTML, like Gecko) Chrome/81.0.4044.92 Safari/537.36"
71.58.214.49 - - [09/Jun/2020:18:32:39 -0400] "GET / HTTP/1.1" 200 14278 "-" "Mozilla/5.0 (X11; Linux x86_64) AppleWebKit/537.36 (KHTML, like Gecko) Chrome/81.0.4044.92 Safari/537.36"
71.58.214.49 - - [09/Jun/2020:18:32:44 -0400] "POST / HTTP/1.1" 302 502 "https://frugally.io/" "Mozilla/5.0 (X11; Linux x86_64) AppleWebKit/537.36 (KHTML, like Gecko) Chrome/81.0.4044.92 Safari/537.36"
71.58.214.49 - - [09/Jun/2020:18:32:44 -0400] "GET / HTTP/1.1" 200 14278 "-" "Mozilla/5.0 (X11; Linux x86_64) AppleWebKit/537.36 (KHTML, like Gecko) Chrome/81.0.4044.92 Safari/537.36"
98.4.79.199 - - [09/Jun/2020:18:33:06 -0400] "GET /?page=848 HTTP/1.1" 200 16606 "https://frugally.io/" "Mozilla/5.0 (Macintosh; Intel Mac OS X 10_14_3) AppleWebKit/605.1.15 (KHTML, like Gecko) Version/12.0.3 Safari/605.1.15"
172.58.206.222 - - [09/Jun/2020:18:33:21 -0400] "GET /favicon.ico HTTP/1.1" 404 4669 "-" "Mozilla/5.0 (iPhone; CPU iPhone OS 13_4_1 like Mac OS X) AppleWebKit/605.1.15 (KHTML, like Gecko) FxiOS/14.0b12646 Mobile/15E148 Safari/605.1.15"
172.58.206.222 - - [09/Jun/2020:18:33:22 -0400] "GET /favicon.ico HTTP/1.1" 404 4669 "-" "Mozilla/5.0 (iPhone; CPU iPhone OS 13_4_1 like Mac OS X) AppleWebKit/605.1.15 (KHTML, like Gecko) FxiOS/14.0b12646 Mobile/15E148 Safari/605.1.15"
172.58.206.222 - - [09/Jun/2020:18:33:22 -0400] "GET /static/css/style-narrower.css HTTP/1.1" 200 2411 "https://frugally.io/" "Mozilla/5.0 (iPhone; CPU iPhone OS 13_4_1 like Mac OS X) AppleWebKit/605.1.15 (KHTML, like Gecko) FxiOS/14.0b12646 Mobile/15E148 Safari/605.1.15"
172.58.206.222 - - [09/Jun/2020:18:33:21 -0400] "GET / HTTP/1.1" 200 18482 "-" "Mozilla/5.0 (iPhone; CPU iPhone OS 13_4_1 like Mac OS X) AppleWebKit/605.1.15 (KHTML, like Gecko) FxiOS/14.0b12646 Mobile/15E148 Safari/605.1.15"
172.58.206.222 - - [09/Jun/2020:18:33:22 -0400] "GET /static/css/images/toggle.svg HTTP/1.1" 404 512 "https://frugally.io/" "Mozilla/5.0 (iPhone; CPU iPhone OS 13_4_1 like Mac OS X) AppleWebKit/605.1.15 (KHTML, like Gecko) FxiOS/14.0b12646 Mobile/15E148 Safari/605.1.15"
172.58.206.222 - - [09/Jun/2020:18:33:22 -0400] "GET /static/css/style.css HTTP/1.1" 200 3992 "https://frugally.io/" "Mozilla/5.0 (iPhone; CPU iPhone OS 13_4_1 like Mac OS X) AppleWebKit/605.1.15 (KHTML, like Gecko) FxiOS/14.0b12646 Mobile/15E148 Safari/605.1.15"
172.58.206.222 - - [09/Jun/2020:18:33:22 -0400] "GET /static/css/font-awesome.min.css HTTP/1.1" 200 4414 "https://frugally.io/" "Mozilla/5.0 (iPhone; CPU iPhone OS 13_4_1 like Mac OS X) AppleWebKit/605.1.15 (KHTML, like Gecko) FxiOS/14.0b12646 Mobile/15E148 Safari/605.1.15"
172.58.206.222 - - [09/Jun/2020:18:33:23 -0400] "GET /static/css/images/toggle.svg HTTP/1.1" 404 512 "https://frugally.io/" "Mozilla/5.0 (iPhone; CPU iPhone OS 13_4_1 like Mac OS X) AppleWebKit/605.1.15 (KHTML, like Gecko) FxiOS/14.0b12646 Mobile/15E148 Safari/605.1.15"
172.58.206.222 - - [09/Jun/2020:18:33:23 -0400] "GET /favicon.ico HTTP/1.1" 404 465 "-" "Mozilla/5.0 (iPhone; CPU iPhone OS 13_4_1 like Mac OS X) AppleWebKit/605.1.15 (KHTML, like Gecko) FxiOS/14.0b12646 Mobile/15E148 Safari/605.1.15"
172.58.206.222 - - [09/Jun/2020:18:33:23 -0400] "GET /favicon.ico HTTP/1.1" 404 465 "-" "Mozilla/5.0 (iPhone; CPU iPhone OS 13_4_1 like Mac OS X) AppleWebKit/605.1.15 (KHTML, like Gecko) FxiOS/14.0b12646 Mobile/15E148 Safari/605.1.15"
98.4.79.199 - - [09/Jun/2020:18:33:31 -0400] "GET / HTTP/1.1" 200 14505 "https://frugally.io/?page=848" "Mozilla/5.0 (Macintosh; Intel Mac OS X 10_14_3) AppleWebKit/605.1.15 (KHTML, like Gecko) Version/12.0.3 Safari/605.1.15"
172.58.206.222 - - [09/Jun/2020:18:33:33 -0400] "GET / HTTP/1.1" 200 14806 "-" "Mozilla/5.0 (iPhone; CPU iPhone OS 13_4_1 like Mac OS X) AppleWebKit/605.1.15 (KHTML, like Gecko) FxiOS/14.0b12646 Mobile/15E148 Safari/605.1.15"
172.58.206.222 - - [09/Jun/2020:18:33:34 -0400] "GET /static/css/images/toggle.svg HTTP/1.1" 404 512 "https://frugally.io/" "Mozilla/5.0 (iPhone; CPU iPhone OS 13_4_1 like Mac OS X) AppleWebKit/605.1.15 (KHTML, like Gecko) FxiOS/14.0b12646 Mobile/15E148 Safari/605.1.15"
172.58.206.222 - - [09/Jun/2020:18:33:34 -0400] "GET /favicon.ico HTTP/1.1" 404 993 "-" "Mozilla/5.0 (iPhone; CPU iPhone OS 13_4_1 like Mac OS X) AppleWebKit/605.1.15 (KHTML, like Gecko) FxiOS/14.0b12646 Mobile/15E148 Safari/605.1.15"
172.58.206.222 - - [09/Jun/2020:18:33:34 -0400] "GET /favicon.ico HTTP/1.1" 404 465 "-" "Mozilla/5.0 (iPhone; CPU iPhone OS 13_4_1 like Mac OS X) AppleWebKit/605.1.15 (KHTML, like Gecko) FxiOS/14.0b12646 Mobile/15E148 Safari/605.1.15"
172.58.206.222 - - [09/Jun/2020:18:33:34 -0400] "GET /favicon.ico HTTP/1.1" 404 465 "-" "Mozilla/5.0 (iPhone; CPU iPhone OS 13_4_1 like Mac OS X) AppleWebKit/605.1.15 (KHTML, like Gecko) FxiOS/14.0b12646 Mobile/15E148 Safari/605.1.15"
172.58.206.222 - - [09/Jun/2020:18:33:34 -0400] "GET /favicon.ico HTTP/1.1" 404 465 "-" "Mozilla/5.0 (iPhone; CPU iPhone OS 13_4_1 like Mac OS X) AppleWebKit/605.1.15 (KHTML, like Gecko) FxiOS/14.0b12646 Mobile/15E148 Safari/605.1.15"
98.4.79.199 - - [09/Jun/2020:18:33:35 -0400] "POST / HTTP/1.1" 302 509 "https://frugally.io/" "Mozilla/5.0 (Macintosh; Intel Mac OS X 10_14_3) AppleWebKit/605.1.15 (KHTML, like Gecko) Version/12.0.3 Safari/605.1.15"
98.4.79.199 - - [09/Jun/2020:18:33:36 -0400] "GET / HTTP/1.1" 200 14348 "-" "Mozilla/5.0 (Macintosh; Intel Mac OS X 10_14_3) AppleWebKit/605.1.15 (KHTML, like Gecko) Version/12.0.3 Safari/605.1.15"
69.242.45.105 - - [09/Jun/2020:18:34:34 -0400] "POST / HTTP/1.1" 302 1030 "https://frugally.io/" "Mozilla/5.0 (Macintosh; Intel Mac OS X 10_14_6) AppleWebKit/537.36 (KHTML, like Gecko) Chrome/83.0.4103.61 Safari/537.36"
69.242.45.105 - - [09/Jun/2020:18:34:34 -0400] "GET / HTTP/1.1" 200 14278 "-" "Mozilla/5.0 (Macintosh; Intel Mac OS X 10_14_6) AppleWebKit/537.36 (KHTML, like Gecko) Chrome/83.0.4103.61 Safari/537.36"
69.242.45.105 - - [09/Jun/2020:18:34:35 -0400] "GET /static/js/jquery.dropotron.min.js HTTP/1.1" 200 2889 "https://frugally.io/" "Mozilla/5.0 (Macintosh; Intel Mac OS X 10_14_6) AppleWebKit/537.36 (KHTML, like Gecko) Chrome/83.0.4103.61 Safari/537.36"
69.242.45.105 - - [09/Jun/2020:18:34:35 -0400] "GET /static/js/jquery.min.js HTTP/1.1" 200 33876 "https://frugally.io/" "Mozilla/5.0 (Macintosh; Intel Mac OS X 10_14_6) AppleWebKit/537.36 (KHTML, like Gecko) Chrome/83.0.4103.61 Safari/537.36"
69.242.45.105 - - [09/Jun/2020:18:34:35 -0400] "GET /static/js/skel.min.js HTTP/1.1" 200 8446 "https://frugally.io/" "Mozilla/5.0 (Macintosh; Intel Mac OS X 10_14_6) AppleWebKit/537.36 (KHTML, like Gecko) Chrome/83.0.4103.61 Safari/537.36"
69.242.45.105 - - [09/Jun/2020:18:34:35 -0400] "GET /static/js/skel-layers.min.js HTTP/1.1" 200 5641 "https://frugally.io/" "Mozilla/5.0 (Macintosh; Intel Mac OS X 10_14_6) AppleWebKit/537.36 (KHTML, like Gecko) Chrome/83.0.4103.61 Safari/537.36"
69.242.45.105 - - [09/Jun/2020:18:34:35 -0400] "GET /static/js/init.js HTTP/1.1" 200 2362 "https://frugally.io/" "Mozilla/5.0 (Macintosh; Intel Mac OS X 10_14_6) AppleWebKit/537.36 (KHTML, like Gecko) Chrome/83.0.4103.61 Safari/537.36"
69.242.45.105 - - [09/Jun/2020:18:34:35 -0400] "GET /static/css/style.css HTTP/1.1" 200 3992 "https://frugally.io/" "Mozilla/5.0 (Macintosh; Intel Mac OS X 10_14_6) AppleWebKit/537.36 (KHTML, like Gecko) Chrome/83.0.4103.61 Safari/537.36"
69.242.45.105 - - [09/Jun/2020:18:34:35 -0400] "GET /static/css/style-wide.css HTTP/1.1" 200 561 "https://frugally.io/" "Mozilla/5.0 (Macintosh; Intel Mac OS X 10_14_6) AppleWebKit/537.36 (KHTML, like Gecko) Chrome/83.0.4103.61 Safari/537.36"
69.242.45.105 - - [09/Jun/2020:18:34:35 -0400] "GET /static/css/font-awesome.min.css HTTP/1.1" 200 4414 "https://frugally.io/" "Mozilla/5.0 (Macintosh; Intel Mac OS X 10_14_6) AppleWebKit/537.36 (KHTML, like Gecko) Chrome/83.0.4103.61 Safari/537.36"
69.242.45.105 - - [09/Jun/2020:18:34:36 -0400] "GET /static/fonts/fontawesome-webfont.woff?v=4.0.3 HTTP/1.1" 200 44819 "https://frugally.io/static/css/font-awesome.min.css" "Mozilla/5.0 (Macintosh; Intel Mac OS X 10_14_6) AppleWebKit/537.36 (KHTML, like Gecko) Chrome/83.0.4103.61 Safari/537.36"
71.58.214.49 - - [09/Jun/2020:18:34:43 -0400] "POST / HTTP/1.1" 302 1030 "https://frugally.io/" "Mozilla/5.0 (X11; Linux x86_64) AppleWebKit/537.36 (KHTML, like Gecko) Chrome/81.0.4044.92 Safari/537.36"
71.58.214.49 - - [09/Jun/2020:18:34:43 -0400] "GET / HTTP/1.1" 200 14278 "-" "Mozilla/5.0 (X11; Linux x86_64) AppleWebKit/537.36 (KHTML, like Gecko) Chrome/81.0.4044.92 Safari/537.36"
71.58.214.49 - - [09/Jun/2020:18:34:44 -0400] "GET /static/js/jquery.min.js HTTP/1.1" 200 33876 "https://frugally.io/" "Mozilla/5.0 (X11; Linux x86_64) AppleWebKit/537.36 (KHTML, like Gecko) Chrome/81.0.4044.92 Safari/537.36"
71.58.214.49 - - [09/Jun/2020:18:34:44 -0400] "GET /static/js/jquery.dropotron.min.js HTTP/1.1" 200 2889 "https://frugally.io/" "Mozilla/5.0 (X11; Linux x86_64) AppleWebKit/537.36 (KHTML, like Gecko) Chrome/81.0.4044.92 Safari/537.36"
71.58.214.49 - - [09/Jun/2020:18:34:44 -0400] "GET /static/js/skel.min.js HTTP/1.1" 200 7918 "https://frugally.io/" "Mozilla/5.0 (X11; Linux x86_64) AppleWebKit/537.36 (KHTML, like Gecko) Chrome/81.0.4044.92 Safari/537.36"
71.58.214.49 - - [09/Jun/2020:18:34:44 -0400] "GET /static/js/skel-layers.min.js HTTP/1.1" 200 5641 "https://frugally.io/" "Mozilla/5.0 (X11; Linux x86_64) AppleWebKit/537.36 (KHTML, like Gecko) Chrome/81.0.4044.92 Safari/537.36"
71.58.214.49 - - [09/Jun/2020:18:34:44 -0400] "GET /static/js/init.js HTTP/1.1" 200 2362 "https://frugally.io/" "Mozilla/5.0 (X11; Linux x86_64) AppleWebKit/537.36 (KHTML, like Gecko) Chrome/81.0.4044.92 Safari/537.36"
71.58.214.49 - - [09/Jun/2020:18:34:44 -0400] "GET /static/css/style.css HTTP/1.1" 200 3992 "https://frugally.io/" "Mozilla/5.0 (X11; Linux x86_64) AppleWebKit/537.36 (KHTML, like Gecko) Chrome/81.0.4044.92 Safari/537.36"
71.58.214.49 - - [09/Jun/2020:18:34:44 -0400] "GET /static/css/font-awesome.min.css HTTP/1.1" 200 4414 "https://frugally.io/" "Mozilla/5.0 (X11; Linux x86_64) AppleWebKit/537.36 (KHTML, like Gecko) Chrome/81.0.4044.92 Safari/537.36"
71.58.214.49 - - [09/Jun/2020:18:34:45 -0400] "GET /static/fonts/fontawesome-webfont.woff?v=4.0.3 HTTP/1.1" 200 44819 "https://frugally.io/static/css/font-awesome.min.css" "Mozilla/5.0 (X11; Linux x86_64) AppleWebKit/537.36 (KHTML, like Gecko) Chrome/81.0.4044.92 Safari/537.36"
69.242.45.105 - - [09/Jun/2020:18:34:46 -0400] "GET / HTTP/1.1" 200 18482 "-" "Mozilla/5.0 (iPhone; CPU iPhone OS 13_4_1 like Mac OS X) AppleWebKit/605.1.15 (KHTML, like Gecko) Version/13.1 Mobile/15E148 Safari/604.1"
69.242.45.105 - - [09/Jun/2020:18:34:47 -0400] "GET /static/js/jquery.min.js HTTP/1.1" 200 33876 "https://frugally.io/" "Mozilla/5.0 (iPhone; CPU iPhone OS 13_4_1 like Mac OS X) AppleWebKit/605.1.15 (KHTML, like Gecko) Version/13.1 Mobile/15E148 Safari/604.1"
69.242.45.105 - - [09/Jun/2020:18:34:47 -0400] "GET /static/js/init.js HTTP/1.1" 200 1834 "https://frugally.io/" "Mozilla/5.0 (iPhone; CPU iPhone OS 13_4_1 like Mac OS X) AppleWebKit/605.1.15 (KHTML, like Gecko) Version/13.1 Mobile/15E148 Safari/604.1"
69.242.45.105 - - [09/Jun/2020:18:34:47 -0400] "GET /static/js/jquery.dropotron.min.js HTTP/1.1" 200 2889 "https://frugally.io/" "Mozilla/5.0 (iPhone; CPU iPhone OS 13_4_1 like Mac OS X) AppleWebKit/605.1.15 (KHTML, like Gecko) Version/13.1 Mobile/15E148 Safari/604.1"
69.242.45.105 - - [09/Jun/2020:18:34:47 -0400] "GET /static/js/skel.min.js HTTP/1.1" 200 12122 "https://frugally.io/" "Mozilla/5.0 (iPhone; CPU iPhone OS 13_4_1 like Mac OS X) AppleWebKit/605.1.15 (KHTML, like Gecko) Version/13.1 Mobile/15E148 Safari/604.1"
69.242.45.105 - - [09/Jun/2020:18:34:47 -0400] "GET /static/js/skel-layers.min.js HTTP/1.1" 200 9845 "https://frugally.io/" "Mozilla/5.0 (iPhone; CPU iPhone OS 13_4_1 like Mac OS X) AppleWebKit/605.1.15 (KHTML, like Gecko) Version/13.1 Mobile/15E148 Safari/604.1"
69.242.45.105 - - [09/Jun/2020:18:34:47 -0400] "GET /static/css/style.css HTTP/1.1" 200 3992 "https://frugally.io/" "Mozilla/5.0 (iPhone; CPU iPhone OS 13_4_1 like Mac OS X) AppleWebKit/605.1.15 (KHTML, like Gecko) Version/13.1 Mobile/15E148 Safari/604.1"
69.242.45.105 - - [09/Jun/2020:18:34:47 -0400] "GET /static/css/style-normal.css HTTP/1.1" 200 683 "https://frugally.io/" "Mozilla/5.0 (iPhone; CPU iPhone OS 13_4_1 like Mac OS X) AppleWebKit/605.1.15 (KHTML, like Gecko) Version/13.1 Mobile/15E148 Safari/604.1"
69.242.45.105 - - [09/Jun/2020:18:34:47 -0400] "GET /static/css/style-wide.css HTTP/1.1" 200 561 "https://frugally.io/" "Mozilla/5.0 (iPhone; CPU iPhone OS 13_4_1 like Mac OS X) AppleWebKit/605.1.15 (KHTML, like Gecko) Version/13.1 Mobile/15E148 Safari/604.1"
69.242.45.105 - - [09/Jun/2020:18:34:47 -0400] "GET /static/css/style-narrow.css HTTP/1.1" 200 544 "https://frugally.io/" "Mozilla/5.0 (iPhone; CPU iPhone OS 13_4_1 like Mac OS X) AppleWebKit/605.1.15 (KHTML, like Gecko) Version/13.1 Mobile/15E148 Safari/604.1"
69.242.45.105 - - [09/Jun/2020:18:34:47 -0400] "GET /static/css/style-narrower.css HTTP/1.1" 200 1883 "https://frugally.io/" "Mozilla/5.0 (iPhone; CPU iPhone OS 13_4_1 like Mac OS X) AppleWebKit/605.1.15 (KHTML, like Gecko) Version/13.1 Mobile/15E148 Safari/604.1"
69.242.45.105 - - [09/Jun/2020:18:34:47 -0400] "GET /static/css/style-mobile.css HTTP/1.1" 200 710 "https://frugally.io/" "Mozilla/5.0 (iPhone; CPU iPhone OS 13_4_1 like Mac OS X) AppleWebKit/605.1.15 (KHTML, like Gecko) Version/13.1 Mobile/15E148 Safari/604.1"
69.242.45.105 - - [09/Jun/2020:18:34:47 -0400] "GET / HTTP/1.1" 200 14278 "-" "Mozilla/5.0 (iPhone; CPU iPhone OS 13_4_1 like Mac OS X) AppleWebKit/605.1.15 (KHTML, like Gecko) Version/13.1 Mobile/15E148 Safari/604.1"
69.242.45.105 - - [09/Jun/2020:18:34:48 -0400] "GET /static/css/font-awesome.min.css HTTP/1.1" 200 4414 "https://frugally.io/" "Mozilla/5.0 (iPhone; CPU iPhone OS 13_4_1 like Mac OS X) AppleWebKit/605.1.15 (KHTML, like Gecko) Version/13.1 Mobile/15E148 Safari/604.1"
69.242.45.105 - - [09/Jun/2020:18:34:49 -0400] "GET /static/css/images/toggle.svg HTTP/1.1" 404 512 "https://frugally.io/" "Mozilla/5.0 (iPhone; CPU iPhone OS 13_4_1 like Mac OS X) AppleWebKit/605.1.15 (KHTML, like Gecko) Version/13.1 Mobile/15E148 Safari/604.1"
69.242.45.105 - - [09/Jun/2020:18:34:49 -0400] "GET /static/fonts/fontawesome-webfont.woff?v=4.0.3 HTTP/1.1" 200 44819 "https://frugally.io/" "Mozilla/5.0 (iPhone; CPU iPhone OS 13_4_1 like Mac OS X) AppleWebKit/605.1.15 (KHTML, like Gecko) Version/13.1 Mobile/15E148 Safari/604.1"
69.242.45.105 - - [09/Jun/2020:18:34:49 -0400] "GET /favicon.ico HTTP/1.1" 404 4669 "https://frugally.io/" "Mozilla/5.0 (iPhone; CPU iPhone OS 13_4_1 like Mac OS X) AppleWebKit/605.1.15 (KHTML, like Gecko) Version/13.1 Mobile/15E148 Safari/604.1"
71.58.214.49 - - [09/Jun/2020:18:34:51 -0400] "POST / HTTP/1.1" 302 1030 "https://frugally.io/" "Mozilla/5.0 (X11; Linux x86_64) AppleWebKit/537.36 (KHTML, like Gecko) Chrome/81.0.4044.92 Safari/537.36"
71.58.214.49 - - [09/Jun/2020:18:34:51 -0400] "GET / HTTP/1.1" 200 14278 "-" "Mozilla/5.0 (X11; Linux x86_64) AppleWebKit/537.36 (KHTML, like Gecko) Chrome/81.0.4044.92 Safari/537.36"
69.242.45.105 - - [09/Jun/2020:18:34:55 -0400] "-" 408 4203 "-" "-"
71.58.214.49 - - [09/Jun/2020:18:34:55 -0400] "POST / HTTP/1.1" 302 502 "https://frugally.io/" "Mozilla/5.0 (X11; Linux x86_64) AppleWebKit/537.36 (KHTML, like Gecko) Chrome/81.0.4044.92 Safari/537.36"
71.58.214.49 - - [09/Jun/2020:18:34:55 -0400] "GET / HTTP/1.1" 200 14278 "-" "Mozilla/5.0 (X11; Linux x86_64) AppleWebKit/537.36 (KHTML, like Gecko) Chrome/81.0.4044.92 Safari/537.36"
71.58.214.49 - - [09/Jun/2020:18:35:00 -0400] "POST / HTTP/1.1" 302 613 "https://frugally.io/" "Mozilla/5.0 (X11; Linux x86_64) AppleWebKit/537.36 (KHTML, like Gecko) Chrome/81.0.4044.92 Safari/537.36"
71.58.214.49 - - [09/Jun/2020:18:35:00 -0400] "GET /discount/gender%3Dmen%2Bvendors%3D%2Bbrands%3D HTTP/1.1" 200 9158 "-" "Mozilla/5.0 (X11; Linux x86_64) AppleWebKit/537.36 (KHTML, like Gecko) Chrome/81.0.4044.92 Safari/537.36"
69.242.45.105 - - [09/Jun/2020:18:35:10 -0400] "POST / HTTP/1.1" 302 1030 "https://frugally.io/" "Mozilla/5.0 (Macintosh; Intel Mac OS X 10_14_6) AppleWebKit/537.36 (KHTML, like Gecko) Chrome/83.0.4103.61 Safari/537.36"
71.58.214.49 - - [09/Jun/2020:18:35:10 -0400] "POST /discount/gender%3Dmen%2Bvendors%3D%2Bbrands%3D HTTP/1.1" 302 1129 "https://frugally.io/discount/gender%3Dmen%2Bvendors%3D%2Bbrands%3D" "Mozilla/5.0 (X11; Linux x86_64) AppleWebKit/537.36 (KHTML, like Gecko) Chrome/81.0.4044.92 Safari/537.36"
69.242.45.105 - - [09/Jun/2020:18:35:10 -0400] "GET / HTTP/1.1" 200 14278 "-" "Mozilla/5.0 (Macintosh; Intel Mac OS X 10_14_6) AppleWebKit/537.36 (KHTML, like Gecko) Chrome/83.0.4103.61 Safari/537.36"
71.58.214.49 - - [09/Jun/2020:18:35:11 -0400] "GET /high/gender%3Dmen%2Bvendors%3D%2Bbrands%3D HTTP/1.1" 200 9135 "-" "Mozilla/5.0 (X11; Linux x86_64) AppleWebKit/537.36 (KHTML, like Gecko) Chrome/81.0.4044.92 Safari/537.36"
65.99.105.146 - - [09/Jun/2020:18:35:12 -0400] "GET / HTTP/1.1" 200 14806 "-" "Mozilla/5.0 (Windows NT 10.0; Win64; x64) AppleWebKit/537.36 (KHTML, like Gecko) Chrome/81.0.4044.138 Safari/537.36"
65.99.105.146 - - [09/Jun/2020:18:35:13 -0400] "GET /static/css/style-narrow.css HTTP/1.1" 200 544 "https://frugally.io/" "Mozilla/5.0 (Windows NT 10.0; Win64; x64) AppleWebKit/537.36 (KHTML, like Gecko) Chrome/81.0.4044.138 Safari/537.36"
71.58.214.49 - - [09/Jun/2020:18:35:19 -0400] "POST /high/gender%3Dmen%2Bvendors%3D%2Bbrands%3D HTTP/1.1" 302 1147 "https://frugally.io/high/gender%3Dmen%2Bvendors%3D%2Bbrands%3D" "Mozilla/5.0 (X11; Linux x86_64) AppleWebKit/537.36 (KHTML, like Gecko) Chrome/81.0.4044.92 Safari/537.36"
69.242.45.105 - - [09/Jun/2020:18:35:19 -0400] "POST / HTTP/1.1" 302 1030 "https://frugally.io/" "Mozilla/5.0 (Macintosh; Intel Mac OS X 10_14_6) AppleWebKit/537.36 (KHTML, like Gecko) Chrome/83.0.4103.61 Safari/537.36"
69.242.45.105 - - [09/Jun/2020:18:35:19 -0400] "GET / HTTP/1.1" 200 14278 "-" "Mozilla/5.0 (Macintosh; Intel Mac OS X 10_14_6) AppleWebKit/537.36 (KHTML, like Gecko) Chrome/83.0.4103.61 Safari/537.36"
65.99.105.146 - - [09/Jun/2020:18:35:22 -0400] "POST / HTTP/1.1" 302 1030 "https://frugally.io/" "Mozilla/5.0 (Windows NT 10.0; Win64; x64) AppleWebKit/537.36 (KHTML, like Gecko) Chrome/81.0.4044.138 Safari/537.36"
71.58.214.49 - - [09/Jun/2020:18:35:19 -0400] "GET /discount/gender%3Dwomen%2Bvendors%3D%2Bbrands%3D HTTP/1.1" 200 11426 "-" "Mozilla/5.0 (X11; Linux x86_64) AppleWebKit/537.36 (KHTML, like Gecko) Chrome/81.0.4044.92 Safari/537.36"
