65.99.105.146 - - [09/Jun/2020:18:35:22 -0400] "GET / HTTP/1.1" 200 14278 "-" "Mozilla/5.0 (Windows NT 10.0; Win64; x64) AppleWebKit/537.36 (KHTML, like Gecko) Chrome/81.0.4044.138 Safari/537.36"
71.58.214.49 - - [09/Jun/2020:18:35:33 -0400] "POST /discount/gender%3Dwomen%2Bvendors%3D%2Bbrands%3D HTTP/1.1" 302 1030 "https://frugally.io/discount/gender%3Dwomen%2Bvendors%3D%2Bbrands%3D" "Mozilla/5.0 (X11; Linux x86_64) AppleWebKit/537.36 (KHTML, like Gecko) Chrome/81.0.4044.92 Safari/537.36"
71.58.214.49 - - [09/Jun/2020:18:35:33 -0400] "GET / HTTP/1.1" 200 14278 "-" "Mozilla/5.0 (X11; Linux x86_64) AppleWebKit/537.36 (KHTML, like Gecko) Chrome/81.0.4044.92 Safari/537.36"
71.58.214.49 - - [09/Jun/2020:18:35:43 -0400] "POST / HTTP/1.1" 302 1030 "https://frugally.io/" "Mozilla/5.0 (X11; Linux x86_64) AppleWebKit/537.36 (KHTML, like Gecko) Chrome/81.0.4044.92 Safari/537.36"
71.58.214.49 - - [09/Jun/2020:18:35:43 -0400] "GET / HTTP/1.1" 200 14278 "-" "Mozilla/5.0 (X11; Linux x86_64) AppleWebKit/537.36 (KHTML, like Gecko) Chrome/81.0.4044.92 Safari/537.36"
65.99.105.146 - - [09/Jun/2020:18:35:52 -0400] "POST / HTTP/1.1" 302 1165 "https://frugally.io/" "Mozilla/5.0 (Windows NT 10.0; Win64; x64) AppleWebKit/537.36 (KHTML, like Gecko) Chrome/81.0.4044.138 Safari/537.36"
65.99.105.146 - - [09/Jun/2020:18:35:52 -0400] "GET /discount/gender%3Dmen%2Bvendors%3D%2Bbrands%3DBurberry HTTP/1.1" 200 3328 "-" "Mozilla/5.0 (Windows NT 10.0; Win64; x64) AppleWebKit/537.36 (KHTML, like Gecko) Chrome/81.0.4044.138 Safari/537.36"
69.242.45.105 - - [09/Jun/2020:18:36:09 -0400] "POST / HTTP/1.1" 302 1126 "https://frugally.io/" "Mozilla/5.0 (Macintosh; Intel Mac OS X 10_14_6) AppleWebKit/537.36 (KHTML, like Gecko) Chrome/83.0.4103.61 Safari/537.36"
69.242.45.105 - - [09/Jun/2020:18:36:09 -0400] "GET /low/gender%3Dmen%2Bvendors%3D%2Bbrands%3D HTTP/1.1" 200 9008 "-" "Mozilla/5.0 (Macintosh; Intel Mac OS X 10_14_6) AppleWebKit/537.36 (KHTML, like Gecko) Chrome/83.0.4103.61 Safari/537.36"
65.99.105.146 - - [09/Jun/2020:18:36:12 -0400] "GET / HTTP/1.1" 200 14806 "https://frugally.io/discount/gender%3Dmen%2Bvendors%3D%2Bbrands%3DBurberry" "Mozilla/5.0 (Windows NT 10.0; Win64; x64) AppleWebKit/537.36 (KHTML, like Gecko) Chrome/81.0.4044.138 Safari/537.36"
65.99.105.146 - - [09/Jun/2020:18:36:17 -0400] "GET / HTTP/1.1" 200 14806 "https://frugally.io/discount/gender%3Dmen%2Bvendors%3D%2Bbrands%3DBurberry" "Mozilla/5.0 (Windows NT 10.0; Win64; x64) AppleWebKit/537.36 (KHTML, like Gecko) Chrome/81.0.4044.138 Safari/537.36"
65.99.105.146 - - [09/Jun/2020:18:36:27 -0400] "POST / HTTP/1.1" 302 1153 "https://frugally.io/" "Mozilla/5.0 (Windows NT 10.0; Win64; x64) AppleWebKit/537.36 (KHTML, like Gecko) Chrome/81.0.4044.138 Safari/537.36"
65.99.105.146 - - [09/Jun/2020:18:36:27 -0400] "GET /discount/gender%3Dmen%2Bvendors%3DNike%2Bbrands%3D HTTP/1.1" 200 4102 "-" "Mozilla/5.0 (Windows NT 10.0; Win64; x64) AppleWebKit/537.36 (KHTML, like Gecko) Chrome/81.0.4044.138 Safari/537.36"
69.242.45.105 - - [09/Jun/2020:18:36:37 -0400] "POST /low/gender%3Dmen%2Bvendors%3D%2Bbrands%3D HTTP/1.1" 302 1141 "https://frugally.io/low/gender%3Dmen%2Bvendors%3D%2Bbrands%3D" "Mozilla/5.0 (Macintosh; Intel Mac OS X 10_14_6) AppleWebKit/537.36 (KHTML, like Gecko) Chrome/83.0.4103.61 Safari/537.36"
69.242.45.105 - - [09/Jun/2020:18:36:37 -0400] "GET /discount/gender%3Dmen%2Bvendors%3D%2Bbrands%3D HTTP/1.1" 200 9158 "-" "Mozilla/5.0 (Macintosh; Intel Mac OS X 10_14_6) AppleWebKit/537.36 (KHTML, like Gecko) Chrome/83.0.4103.61 Safari/537.36"
98.4.79.199 - - [09/Jun/2020:18:37:01 -0400] "GET / HTTP/1.1" 200 17914 "-" "Mozilla/5.0 (Macintosh; Intel Mac OS X 10_14_3) AppleWebKit/605.1.15 (KHTML, like Gecko) Version/12.0.3 Safari/605.1.15"
98.4.79.199 - - [09/Jun/2020:18:37:09 -0400] "POST / HTTP/1.1" 302 651 "https://frugally.io/" "Mozilla/5.0 (Macintosh; Intel Mac OS X 10_14_3) AppleWebKit/605.1.15 (KHTML, like Gecko) Version/12.0.3 Safari/605.1.15"
98.4.79.199 - - [09/Jun/2020:18:37:09 -0400] "GET / HTTP/1.1" 200 14348 "-" "Mozilla/5.0 (Macintosh; Intel Mac OS X 10_14_3) AppleWebKit/605.1.15 (KHTML, like Gecko) Version/12.0.3 Safari/605.1.15"
98.4.79.199 - - [09/Jun/2020:18:37:29 -0400] "POST / HTTP/1.1" 302 651 "https://frugally.io/" "Mozilla/5.0 (Macintosh; Intel Mac OS X 10_14_3) AppleWebKit/605.1.15 (KHTML, like Gecko) Version/12.0.3 Safari/605.1.15"
98.4.79.199 - - [09/Jun/2020:18:37:29 -0400] "GET / HTTP/1.1" 200 14348 "-" "Mozilla/5.0 (Macintosh; Intel Mac OS X 10_14_3) AppleWebKit/605.1.15 (KHTML, like Gecko) Version/12.0.3 Safari/605.1.15"
98.4.79.199 - - [09/Jun/2020:18:37:35 -0400] "GET / HTTP/1.1" 200 17914 "-" "Mozilla/5.0 (Macintosh; Intel Mac OS X 10_14_3) AppleWebKit/605.1.15 (KHTML, like Gecko) Version/12.0.3 Safari/605.1.15"
98.4.79.199 - - [09/Jun/2020:18:37:36 -0400] "GET /static/js/jquery.min.js HTTP/1.1" 200 33925 "https://frugally.io/" "Mozilla/5.0 (Macintosh; Intel Mac OS X 10_14_3) AppleWebKit/605.1.15 (KHTML, like Gecko) Version/12.0.3 Safari/605.1.15"
98.4.79.199 - - [09/Jun/2020:18:37:36 -0400] "GET /static/js/jquery.dropotron.min.js HTTP/1.1" 200 2524 "https://frugally.io/" "Mozilla/5.0 (Macintosh; Intel Mac OS X 10_14_3) AppleWebKit/605.1.15 (KHTML, like Gecko) Version/12.0.3 Safari/605.1.15"
98.4.79.199 - - [09/Jun/2020:18:37:36 -0400] "GET /static/js/skel-layers.min.js HTTP/1.1" 200 5804 "https://frugally.io/" "Mozilla/5.0 (Macintosh; Intel Mac OS X 10_14_3) AppleWebKit/605.1.15 (KHTML, like Gecko) Version/12.0.3 Safari/605.1.15"
98.4.79.199 - - [09/Jun/2020:18:37:36 -0400] "GET /static/js/init.js HTTP/1.1" 200 1983 "https://frugally.io/" "Mozilla/5.0 (Macintosh; Intel Mac OS X 10_14_3) AppleWebKit/605.1.15 (KHTML, like Gecko) Version/12.0.3 Safari/605.1.15"
98.4.79.199 - - [09/Jun/2020:18:37:36 -0400] "GET /static/js/skel.min.js HTTP/1.1" 200 8081 "https://frugally.io/" "Mozilla/5.0 (Macintosh; Intel Mac OS X 10_14_3) AppleWebKit/605.1.15 (KHTML, like Gecko) Version/12.0.3 Safari/605.1.15"
98.4.79.199 - - [09/Jun/2020:18:37:37 -0400] "GET /static/css/style.css HTTP/1.1" 200 4013 "https://frugally.io/" "Mozilla/5.0 (Macintosh; Intel Mac OS X 10_14_3) AppleWebKit/605.1.15 (KHTML, like Gecko) Version/12.0.3 Safari/605.1.15"
98.4.79.199 - - [09/Jun/2020:18:37:37 -0400] "GET /static/css/style-wide.css HTTP/1.1" 200 568 "https://frugally.io/" "Mozilla/5.0 (Macintosh; Intel Mac OS X 10_14_3) AppleWebKit/605.1.15 (KHTML, like Gecko) Version/12.0.3 Safari/605.1.15"
98.4.79.199 - - [09/Jun/2020:18:37:37 -0400] "GET /static/css/font-awesome.min.css HTTP/1.1" 200 4435 "https://frugally.io/" "Mozilla/5.0 (Macintosh; Intel Mac OS X 10_14_3) AppleWebKit/605.1.15 (KHTML, like Gecko) Version/12.0.3 Safari/605.1.15"
98.4.79.199 - - [09/Jun/2020:18:37:37 -0400] "GET /static/fonts/fontawesome-webfont.woff?v=4.0.3 HTTP/1.1" 200 44847 "https://frugally.io/" "Mozilla/5.0 (Macintosh; Intel Mac OS X 10_14_3) AppleWebKit/605.1.15 (KHTML, like Gecko) Version/12.0.3 Safari/605.1.15"
98.4.79.199 - - [09/Jun/2020:18:37:41 -0400] "POST / HTTP/1.1" 302 509 "https://frugally.io/" "Mozilla/5.0 (Macintosh; Intel Mac OS X 10_14_3) AppleWebKit/605.1.15 (KHTML, like Gecko) Version/12.0.3 Safari/605.1.15"
98.4.79.199 - - [09/Jun/2020:18:37:41 -0400] "GET / HTTP/1.1" 200 14348 "-" "Mozilla/5.0 (Macintosh; Intel Mac OS X 10_14_3) AppleWebKit/605.1.15 (KHTML, like Gecko) Version/12.0.3 Safari/605.1.15"
98.4.79.199 - - [09/Jun/2020:18:37:47 -0400] "GET / HTTP/1.1" 200 14490 "-" "Mozilla/5.0 (Macintosh; Intel Mac OS X 10_14_3) AppleWebKit/605.1.15 (KHTML, like Gecko) Version/12.0.3 Safari/605.1.15"
98.4.79.199 - - [09/Jun/2020:18:37:50 -0400] "POST / HTTP/1.1" 302 509 "https://frugally.io/" "Mozilla/5.0 (Macintosh; Intel Mac OS X 10_14_3) AppleWebKit/605.1.15 (KHTML, like Gecko) Version/12.0.3 Safari/605.1.15"
98.4.79.199 - - [09/Jun/2020:18:37:50 -0400] "GET / HTTP/1.1" 200 14348 "-" "Mozilla/5.0 (Macintosh; Intel Mac OS X 10_14_3) AppleWebKit/605.1.15 (KHTML, like Gecko) Version/12.0.3 Safari/605.1.15"
71.58.214.49 - - [09/Jun/2020:18:37:57 -0400] "POST / HTTP/1.1" 302 1030 "https://frugally.io/" "Mozilla/5.0 (X11; Linux x86_64) AppleWebKit/537.36 (KHTML, like Gecko) Chrome/81.0.4044.92 Safari/537.36"
71.58.214.49 - - [09/Jun/2020:18:37:57 -0400] "GET / HTTP/1.1" 200 14278 "-" "Mozilla/5.0 (X11; Linux x86_64) AppleWebKit/537.36 (KHTML, like Gecko) Chrome/81.0.4044.92 Safari/537.36"
71.58.214.49 - - [09/Jun/2020:18:38:06 -0400] "POST / HTTP/1.1" 302 1030 "https://frugally.io/" "Mozilla/5.0 (X11; Linux x86_64) AppleWebKit/537.36 (KHTML, like Gecko) Chrome/81.0.4044.92 Safari/537.36"
69.242.45.105 - - [09/Jun/2020:18:38:06 -0400] "POST /discount/gender%3Dmen%2Bvendors%3D%2Bbrands%3D HTTP/1.1" 302 1153 "https://frugally.io/discount/gender%3Dmen%2Bvendors%3D%2Bbrands%3D" "Mozilla/5.0 (Macintosh; Intel Mac OS X 10_14_6) AppleWebKit/537.36 (KHTML, like Gecko) Chrome/83.0.4103.61 Safari/537.36"
71.58.214.49 - - [09/Jun/2020:18:38:06 -0400] "GET / HTTP/1.1" 200 14278 "-" "Mozilla/5.0 (X11; Linux x86_64) AppleWebKit/537.36 (KHTML, like Gecko) Chrome/81.0.4044.92 Safari/537.36"
69.242.45.105 - - [09/Jun/2020:18:38:07 -0400] "GET /discount/gender%3Dmen%2Bvendors%3DNike%2Bbrands%3D HTTP/1.1" 200 4102 "-" "Mozilla/5.0 (Macintosh; Intel Mac OS X 10_14_6) AppleWebKit/537.36 (KHTML, like Gecko) Chrome/83.0.4103.61 Safari/537.36"
71.58.214.49 - - [09/Jun/2020:18:38:10 -0400] "GET / HTTP/1.1" 200 14278 "https://frugally.io/" "Mozilla/5.0 (X11; Linux x86_64) AppleWebKit/537.36 (KHTML, like Gecko) Chrome/81.0.4044.92 Safari/537.36"
71.58.214.49 - - [09/Jun/2020:18:38:19 -0400] "POST / HTTP/1.1" 302 1153 "https://frugally.io/" "Mozilla/5.0 (X11; Linux x86_64) AppleWebKit/537.36 (KHTML, like Gecko) Chrome/81.0.4044.92 Safari/537.36"
71.58.214.49 - - [09/Jun/2020:18:38:19 -0400] "GET /discount/gender%3Dmen%2Bvendors%3DNike%2Bbrands%3D HTTP/1.1" 200 4102 "-" "Mozilla/5.0 (X11; Linux x86_64) AppleWebKit/537.36 (KHTML, like Gecko) Chrome/81.0.4044.92 Safari/537.36"
98.4.79.199 - - [09/Jun/2020:18:38:19 -0400] "POST / HTTP/1.1" 302 828 "https://frugally.io/" "Mozilla/5.0 (Macintosh; Intel Mac OS X 10_14_3) AppleWebKit/605.1.15 (KHTML, like Gecko) Version/12.0.3 Safari/605.1.15"
98.4.79.199 - - [09/Jun/2020:18:38:19 -0400] "GET /high/gender%3Dmen%2Bvendors%3DNordstrom_Nike%2Bbrands%3D...Lost HTTP/1.1" 200 1906 "-" "Mozilla/5.0 (Macintosh; Intel Mac OS X 10_14_3) AppleWebKit/605.1.15 (KHTML, like Gecko) Version/12.0.3 Safari/605.1.15"
98.4.79.199 - - [09/Jun/2020:18:38:20 -0400] "GET /favicon.ico HTTP/1.1" 404 4038 "https://frugally.io/high/gender%3Dmen%2Bvendors%3DNordstrom_Nike%2Bbrands%3D...Lost" "Mozilla/5.0 (Macintosh; Intel Mac OS X 10_14_3) AppleWebKit/605.1.15 (KHTML, like Gecko) Version/12.0.3 Safari/605.1.15"
98.4.79.199 - - [09/Jun/2020:18:38:29 -0400] "POST /high/gender%3Dmen%2Bvendors%3DNordstrom_Nike%2Bbrands%3D...Lost HTTP/1.1" 302 651 "https://frugally.io/high/gender%3Dmen%2Bvendors%3DNordstrom_Nike%2Bbrands%3D...Lost" "Mozilla/5.0 (Macintosh; Intel Mac OS X 10_14_3) AppleWebKit/605.1.15 (KHTML, like Gecko) Version/12.0.3 Safari/605.1.15"
98.4.79.199 - - [09/Jun/2020:18:38:29 -0400] "GET / HTTP/1.1" 200 14348 "-" "Mozilla/5.0 (Macintosh; Intel Mac OS X 10_14_3) AppleWebKit/605.1.15 (KHTML, like Gecko) Version/12.0.3 Safari/605.1.15"
71.58.214.49 - - [09/Jun/2020:18:38:39 -0400] "-" 408 527 "-" "-"
98.4.79.199 - - [09/Jun/2020:18:38:39 -0400] "POST / HTTP/1.1" 302 762 "https://frugally.io/" "Mozilla/5.0 (Macintosh; Intel Mac OS X 10_14_3) AppleWebKit/605.1.15 (KHTML, like Gecko) Version/12.0.3 Safari/605.1.15"
98.4.79.199 - - [09/Jun/2020:18:38:39 -0400] "GET /high/gender%3Dmen%2Bvendors%3DNike%2Bbrands%3D HTTP/1.1" 200 4146 "-" "Mozilla/5.0 (Macintosh; Intel Mac OS X 10_14_3) AppleWebKit/605.1.15 (KHTML, like Gecko) Version/12.0.3 Safari/605.1.15"
98.4.79.199 - - [09/Jun/2020:18:38:40 -0400] "GET /favicon.ico HTTP/1.1" 404 614 "https://frugally.io/high/gender%3Dmen%2Bvendors%3DNike%2Bbrands%3D" "Mozilla/5.0 (Macintosh; Intel Mac OS X 10_14_3) AppleWebKit/605.1.15 (KHTML, like Gecko) Version/12.0.3 Safari/605.1.15"
65.99.105.146 - - [09/Jun/2020:18:39:14 -0400] "GET /discount/gender%3Dmen%2Bvendors%3DNike%2Bbrands%3D HTTP/1.1" 200 8306 "-" "Mozilla/5.0 (Windows NT 10.0; Win64; x64) AppleWebKit/537.36 (KHTML, like Gecko) Chrome/81.0.4044.138 Safari/537.36"
65.99.105.146 - - [09/Jun/2020:18:39:25 -0400] "GET / HTTP/1.1" 200 14806 "https://frugally.io/discount/gender%3Dmen%2Bvendors%3DNike%2Bbrands%3D" "Mozilla/5.0 (Windows NT 10.0; Win64; x64) AppleWebKit/537.36 (KHTML, like Gecko) Chrome/81.0.4044.138 Safari/537.36"
65.99.105.146 - - [09/Jun/2020:18:39:31 -0400] "POST / HTTP/1.1" 500 1026 "https://frugally.io/" "Mozilla/5.0 (Windows NT 10.0; Win64; x64) AppleWebKit/537.36 (KHTML, like Gecko) Chrome/81.0.4044.138 Safari/537.36"
71.58.214.49 - - [09/Jun/2020:18:39:33 -0400] "GET / HTTP/1.1" 200 18482 "https://frugally.io/discount/gender%3Dmen%2Bvendors%3DNike%2Bbrands%3D" "Mozilla/5.0 (X11; Linux x86_64) AppleWebKit/537.36 (KHTML, like Gecko) Chrome/81.0.4044.92 Safari/537.36"
98.4.79.199 - - [09/Jun/2020:18:39:34 -0400] "GET / HTTP/1.1" 200 17914 "https://frugally.io/high/gender%3Dmen%2Bvendors%3DNike%2Bbrands%3D" "Mozilla/5.0 (Macintosh; Intel Mac OS X 10_14_3) AppleWebKit/605.1.15 (KHTML, like Gecko) Version/12.0.3 Safari/605.1.15"
65.99.105.146 - - [09/Jun/2020:18:39:37 -0400] "GET / HTTP/1.1" 200 14806 "-" "Mozilla/5.0 (Windows NT 10.0; Win64; x64) AppleWebKit/537.36 (KHTML, like Gecko) Chrome/81.0.4044.138 Safari/537.36"
71.58.214.49 - - [09/Jun/2020:18:39:39 -0400] "POST / HTTP/1.1" 500 499 "https://frugally.io/" "Mozilla/5.0 (X11; Linux x86_64) AppleWebKit/537.36 (KHTML, like Gecko) Chrome/81.0.4044.92 Safari/537.36"
98.4.79.199 - - [09/Jun/2020:18:39:40 -0400] "POST / HTTP/1.1" 302 789 "https://frugally.io/" "Mozilla/5.0 (Macintosh; Intel Mac OS X 10_14_3) AppleWebKit/605.1.15 (KHTML, like Gecko) Version/12.0.3 Safari/605.1.15"
98.4.79.199 - - [09/Jun/2020:18:39:40 -0400] "GET /discount/gender%3Dmen%2Bvendors%3DNordstrom%2Bbrands%3D HTTP/1.1" 200 1906 "-" "Mozilla/5.0 (Macintosh; Intel Mac OS X 10_14_3) AppleWebKit/605.1.15 (KHTML, like Gecko) Version/12.0.3 Safari/605.1.15"
98.4.79.199 - - [09/Jun/2020:18:39:41 -0400] "GET /favicon.ico HTTP/1.1" 404 4038 "https://frugally.io/discount/gender%3Dmen%2Bvendors%3DNordstrom%2Bbrands%3D" "Mozilla/5.0 (Macintosh; Intel Mac OS X 10_14_3) AppleWebKit/605.1.15 (KHTML, like Gecko) Version/12.0.3 Safari/605.1.15"
71.58.214.49 - - [09/Jun/2020:18:39:44 -0400] "POST / HTTP/1.1" 500 1026 "https://frugally.io/" "Mozilla/5.0 (X11; Linux x86_64) AppleWebKit/537.36 (KHTML, like Gecko) Chrome/81.0.4044.92 Safari/537.36"
65.99.105.146 - - [09/Jun/2020:18:39:44 -0400] "POST / HTTP/1.1" 302 1141 "https://frugally.io/" "Mozilla/5.0 (Windows NT 10.0; Win64; x64) AppleWebKit/537.36 (KHTML, like Gecko) Chrome/81.0.4044.138 Safari/537.36"
65.99.105.146 - - [09/Jun/2020:18:39:44 -0400] "GET /discount/gender%3Dmen%2Bvendors%3D%2Bbrands%3D HTTP/1.1" 200 9158 "-" "Mozilla/5.0 (Windows NT 10.0; Win64; x64) AppleWebKit/537.36 (KHTML, like Gecko) Chrome/81.0.4044.138 Safari/537.36"
71.58.214.49 - - [09/Jun/2020:18:39:50 -0400] "POST / HTTP/1.1" 302 1153 "https://frugally.io/" "Mozilla/5.0 (X11; Linux x86_64) AppleWebKit/537.36 (KHTML, like Gecko) Chrome/81.0.4044.92 Safari/537.36"
71.58.214.49 - - [09/Jun/2020:18:39:50 -0400] "GET /discount/gender%3Dmen%2Bvendors%3DNike%2Bbrands%3D HTTP/1.1" 200 4102 "-" "Mozilla/5.0 (X11; Linux x86_64) AppleWebKit/537.36 (KHTML, like Gecko) Chrome/81.0.4044.92 Safari/537.36"
98.4.79.199 - - [09/Jun/2020:18:39:57 -0400] "GET /discount/gender%3Dmen%2Bvendors%3DNordstrom%2Bbrands%3D HTTP/1.1" 200 2048 "-" "Mozilla/5.0 (Macintosh; Intel Mac OS X 10_14_3) AppleWebKit/605.1.15 (KHTML, like Gecko) Version/12.0.3 Safari/605.1.15"
65.99.105.146 - - [09/Jun/2020:18:39:58 -0400] "POST /discount/gender%3Dmen%2Bvendors%3D%2Bbrands%3D HTTP/1.1" 302 1168 "https://frugally.io/discount/gender%3Dmen%2Bvendors%3D%2Bbrands%3D" "Mozilla/5.0 (Windows NT 10.0; Win64; x64) AppleWebKit/537.36 (KHTML, like Gecko) Chrome/81.0.4044.138 Safari/537.36"
65.99.105.146 - - [09/Jun/2020:18:39:59 -0400] "GET /discount/gender%3Dall%2Bvendors%3DNordstrom%2Bbrands%3D HTTP/1.1" 200 1892 "-" "Mozilla/5.0 (Windows NT 10.0; Win64; x64) AppleWebKit/537.36 (KHTML, like Gecko) Chrome/81.0.4044.138 Safari/537.36"
98.4.79.199 - - [09/Jun/2020:18:40:01 -0400] "POST /discount/gender%3Dmen%2Bvendors%3DNordstrom%2Bbrands%3D HTTP/1.1" 500 506 "https://frugally.io/discount/gender%3Dmen%2Bvendors%3DNordstrom%2Bbrands%3D" "Mozilla/5.0 (Macintosh; Intel Mac OS X 10_14_3) AppleWebKit/605.1.15 (KHTML, like Gecko) Version/12.0.3 Safari/605.1.15"
71.58.214.49 - - [09/Jun/2020:18:40:06 -0400] "-" 408 527 "-" "-"
98.4.79.199 - - [09/Jun/2020:18:40:07 -0400] "GET / HTTP/1.1" 200 14505 "-" "Mozilla/5.0 (Macintosh; Intel Mac OS X 10_14_3) AppleWebKit/605.1.15 (KHTML, like Gecko) Version/12.0.3 Safari/605.1.15"
98.4.79.199 - - [09/Jun/2020:18:40:18 -0400] "POST / HTTP/1.1" 302 789 "https://frugally.io/" "Mozilla/5.0 (Macintosh; Intel Mac OS X 10_14_3) AppleWebKit/605.1.15 (KHTML, like Gecko) Version/12.0.3 Safari/605.1.15"
98.4.79.199 - - [09/Jun/2020:18:40:18 -0400] "GET /discount/gender%3Dmen%2Bvendors%3DNordstrom%2Bbrands%3D HTTP/1.1" 200 1906 "-" "Mozilla/5.0 (Macintosh; Intel Mac OS X 10_14_3) AppleWebKit/605.1.15 (KHTML, like Gecko) Version/12.0.3 Safari/605.1.15"
98.4.79.199 - - [09/Jun/2020:18:40:19 -0400] "GET /static/css/style.css HTTP/1.1" 200 4013 "https://frugally.io/discount/gender%3Dmen%2Bvendors%3DNordstrom%2Bbrands%3D" "Mozilla/5.0 (Macintosh; Intel Mac OS X 10_14_3) AppleWebKit/605.1.15 (KHTML, like Gecko) Version/12.0.3 Safari/605.1.15"
98.4.79.199 - - [09/Jun/2020:18:40:24 -0400] "GET / HTTP/1.1" 200 14348 "https://frugally.io/discount/gender%3Dmen%2Bvendors%3DNordstrom%2Bbrands%3D" "Mozilla/5.0 (Macintosh; Intel Mac OS X 10_14_3) AppleWebKit/605.1.15 (KHTML, like Gecko) Version/12.0.3 Safari/605.1.15"
65.99.105.146 - - [09/Jun/2020:18:40:43 -0400] "GET / HTTP/1.1" 200 14806 "https://frugally.io/discount/gender%3Dall%2Bvendors%3DNordstrom%2Bbrands%3D" "Mozilla/5.0 (Windows NT 10.0; Win64; x64) AppleWebKit/537.36 (KHTML, like Gecko) Chrome/81.0.4044.138 Safari/537.36"
65.99.105.146 - - [09/Jun/2020:18:40:44 -0400] "GET /static/css/style.css HTTP/1.1" 200 3992 "https://frugally.io/" "Mozilla/5.0 (Windows NT 10.0; Win64; x64) AppleWebKit/537.36 (KHTML, like Gecko) Chrome/81.0.4044.138 Safari/537.36"
98.4.79.199 - - [09/Jun/2020:18:40:54 -0400] "GET / HTTP/1.1" 200 14505 "-" "Mozilla/5.0 (Macintosh; Intel Mac OS X 10_14_3) AppleWebKit/605.1.15 (KHTML, like Gecko) Version/12.0.3 Safari/605.1.15"
71.58.214.49 - - [09/Jun/2020:18:43:50 -0400] "POST /discount/gender%3Dmen%2Bvendors%3DNike%2Bbrands%3D HTTP/1.1" 500 1026 "https://frugally.io/discount/gender%3Dmen%2Bvendors%3DNike%2Bbrands%3D" "Mozilla/5.0 (X11; Linux x86_64) AppleWebKit/537.36 (KHTML, like Gecko) Chrome/81.0.4044.92 Safari/537.36"
71.58.214.49 - - [09/Jun/2020:18:43:54 -0400] "POST /discount/gender%3Dmen%2Bvendors%3DNike%2Bbrands%3D HTTP/1.1" 500 1026 "https://frugally.io/discount/gender%3Dmen%2Bvendors%3DNike%2Bbrands%3D" "Mozilla/5.0 (X11; Linux x86_64) AppleWebKit/537.36 (KHTML, like Gecko) Chrome/81.0.4044.92 Safari/537.36"
71.58.214.49 - - [09/Jun/2020:18:44:10 -0400] "-" 408 4203 "-" "-"
71.58.214.49 - - [09/Jun/2020:18:44:10 -0400] "-" 408 4203 "-" "-"
98.4.79.199 - - [09/Jun/2020:18:44:33 -0400] "GET / HTTP/1.1" 200 17914 "-" "Mozilla/5.0 (Macintosh; Intel Mac OS X 10_14_3) AppleWebKit/605.1.15 (KHTML, like Gecko) Version/12.0.3 Safari/605.1.15"
69.242.45.105 - - [09/Jun/2020:18:45:07 -0400] "POST /discount/gender%3Dmen%2Bvendors%3DNike%2Bbrands%3D HTTP/1.1" 500 4702 "https://frugally.io/discount/gender%3Dmen%2Bvendors%3DNike%2Bbrands%3D" "Mozilla/5.0 (Macintosh; Intel Mac OS X 10_14_6) AppleWebKit/537.36 (KHTML, like Gecko) Chrome/83.0.4103.61 Safari/537.36"
65.99.105.146 - - [09/Jun/2020:18:45:07 -0400] "GET / HTTP/1.1" 200 18482 "https://frugally.io/discount/gender%3Dall%2Bvendors%3DNordstrom%2Bbrands%3D" "Mozilla/5.0 (Windows NT 10.0; Win64; x64) AppleWebKit/537.36 (KHTML, like Gecko) Chrome/81.0.4044.138 Safari/537.36"
65.99.105.146 - - [09/Jun/2020:18:45:13 -0400] "POST / HTTP/1.1" 500 499 "https://frugally.io/" "Mozilla/5.0 (Windows NT 10.0; Win64; x64) AppleWebKit/537.36 (KHTML, like Gecko) Chrome/81.0.4044.138 Safari/537.36"
65.99.105.146 - - [09/Jun/2020:18:46:03 -0400] "POST / HTTP/1.1" 302 4817 "https://frugally.io/" "Mozilla/5.0 (Windows NT 10.0; Win64; x64) AppleWebKit/537.36 (KHTML, like Gecko) Chrome/81.0.4044.138 Safari/537.36"
65.99.105.146 - - [09/Jun/2020:18:46:03 -0400] "GET /discount/gender%3Dmen%2Bvendors%3D%2Bbrands%3D HTTP/1.1" 200 9158 "-" "Mozilla/5.0 (Windows NT 10.0; Win64; x64) AppleWebKit/537.36 (KHTML, like Gecko) Chrome/81.0.4044.138 Safari/537.36"
65.99.105.146 - - [09/Jun/2020:18:46:09 -0400] "POST /discount/gender%3Dmen%2Bvendors%3D%2Bbrands%3D HTTP/1.1" 302 613 "https://frugally.io/discount/gender%3Dmen%2Bvendors%3D%2Bbrands%3D" "Mozilla/5.0 (Windows NT 10.0; Win64; x64) AppleWebKit/537.36 (KHTML, like Gecko) Chrome/81.0.4044.138 Safari/537.36"
65.99.105.146 - - [09/Jun/2020:18:46:09 -0400] "GET /discount/gender%3Dmen%2Bvendors%3D%2Bbrands%3D HTTP/1.1" 200 9158 "-" "Mozilla/5.0 (Windows NT 10.0; Win64; x64) AppleWebKit/537.36 (KHTML, like Gecko) Chrome/81.0.4044.138 Safari/537.36"
65.99.105.146 - - [09/Jun/2020:18:46:16 -0400] "POST /discount/gender%3Dmen%2Bvendors%3D%2Bbrands%3D HTTP/1.1" 500 1026 "https://frugally.io/discount/gender%3Dmen%2Bvendors%3D%2Bbrands%3D" "Mozilla/5.0 (Windows NT 10.0; Win64; x64) AppleWebKit/537.36 (KHTML, like Gecko) Chrome/81.0.4044.138 Safari/537.36"
65.99.105.146 - - [09/Jun/2020:18:48:47 -0400] "GET / HTTP/1.1" 200 18482 "-" "Mozilla/5.0 (Windows NT 10.0; Win64; x64) AppleWebKit/537.36 (KHTML, like Gecko) Chrome/81.0.4044.138 Safari/537.36"
65.99.105.146 - - [09/Jun/2020:18:48:54 -0400] "POST / HTTP/1.1" 302 1141 "https://frugally.io/" "Mozilla/5.0 (Windows NT 10.0; Win64; x64) AppleWebKit/537.36 (KHTML, like Gecko) Chrome/81.0.4044.138 Safari/537.36"
65.99.105.146 - - [09/Jun/2020:18:48:54 -0400] "GET /discount/gender%3Dall%2Bvendors%3D%2Bbrands%3D HTTP/1.1" 200 13878 "-" "Mozilla/5.0 (Windows NT 10.0; Win64; x64) AppleWebKit/537.36 (KHTML, like Gecko) Chrome/81.0.4044.138 Safari/537.36"
98.4.79.199 - - [09/Jun/2020:18:49:26 -0400] "GET / HTTP/1.1" 200 17914 "-" "Mozilla/5.0 (Macintosh; Intel Mac OS X 10_14_3) AppleWebKit/605.1.15 (KHTML, like Gecko) Version/12.0.3 Safari/605.1.15"
98.4.79.199 - - [09/Jun/2020:18:49:35 -0400] "POST / HTTP/1.1" 302 789 "https://frugally.io/" "Mozilla/5.0 (Macintosh; Intel Mac OS X 10_14_3) AppleWebKit/605.1.15 (KHTML, like Gecko) Version/12.0.3 Safari/605.1.15"
98.4.79.199 - - [09/Jun/2020:18:49:35 -0400] "GET /Discount/gender%3Dmen%2Bvendors%3DNordstrom%2Bbrands%3D HTTP/1.1" 404 472 "-" "Mozilla/5.0 (Macintosh; Intel Mac OS X 10_14_3) AppleWebKit/605.1.15 (KHTML, like Gecko) Version/12.0.3 Safari/605.1.15"
98.4.79.199 - - [09/Jun/2020:18:49:36 -0400] "GET /favicon.ico HTTP/1.1" 404 4038 "https://frugally.io/Discount/gender%3Dmen%2Bvendors%3DNordstrom%2Bbrands%3D" "Mozilla/5.0 (Macintosh; Intel Mac OS X 10_14_3) AppleWebKit/605.1.15 (KHTML, like Gecko) Version/12.0.3 Safari/605.1.15"
98.4.79.199 - - [09/Jun/2020:18:49:38 -0400] "GET /Discount/gender%3Dmen%2Bvendors%3DNordstrom%2Bbrands%3D HTTP/1.1" 404 472 "-" "Mozilla/5.0 (Macintosh; Intel Mac OS X 10_14_3) AppleWebKit/605.1.15 (KHTML, like Gecko) Version/12.0.3 Safari/605.1.15"
98.4.79.199 - - [09/Jun/2020:18:49:40 -0400] "GET /Discount/gender%3Dmen%2Bvendors%3DNordstrom%2Bbrands%3D HTTP/1.1" 404 472 "-" "Mozilla/5.0 (Macintosh; Intel Mac OS X 10_14_3) AppleWebKit/605.1.15 (KHTML, like Gecko) Version/12.0.3 Safari/605.1.15"
98.4.79.199 - - [09/Jun/2020:18:49:42 -0400] "GET /Discount/gender%3Dmen%2Bvendors%3DNordstrom%2Bbrands%3D HTTP/1.1" 404 472 "-" "Mozilla/5.0 (Macintosh; Intel Mac OS X 10_14_3) AppleWebKit/605.1.15 (KHTML, like Gecko) Version/12.0.3 Safari/605.1.15"
98.4.79.199 - - [09/Jun/2020:18:49:47 -0400] "GET / HTTP/1.1" 200 14490 "-" "Mozilla/5.0 (Macintosh; Intel Mac OS X 10_14_3) AppleWebKit/605.1.15 (KHTML, like Gecko) Version/12.0.3 Safari/605.1.15"
98.4.79.199 - - [09/Jun/2020:18:49:48 -0400] "GET / HTTP/1.1" 200 14490 "-" "Mozilla/5.0 (Macintosh; Intel Mac OS X 10_14_3) AppleWebKit/605.1.15 (KHTML, like Gecko) Version/12.0.3 Safari/605.1.15"
98.4.79.199 - - [09/Jun/2020:18:49:48 -0400] "GET / HTTP/1.1" 200 14490 "-" "Mozilla/5.0 (Macintosh; Intel Mac OS X 10_14_3) AppleWebKit/605.1.15 (KHTML, like Gecko) Version/12.0.3 Safari/605.1.15"
98.4.79.199 - - [09/Jun/2020:18:49:58 -0400] "POST / HTTP/1.1" 302 774 "https://frugally.io/" "Mozilla/5.0 (Macintosh; Intel Mac OS X 10_14_3) AppleWebKit/605.1.15 (KHTML, like Gecko) Version/12.0.3 Safari/605.1.15"
98.4.79.199 - - [09/Jun/2020:18:49:58 -0400] "GET /Discount/gender%3Dall%2Bvendors%3DNike%2Bbrands%3D HTTP/1.1" 404 472 "-" "Mozilla/5.0 (Macintosh; Intel Mac OS X 10_14_3) AppleWebKit/605.1.15 (KHTML, like Gecko) Version/12.0.3 Safari/605.1.15"
98.4.79.199 - - [09/Jun/2020:18:49:58 -0400] "GET /favicon.ico HTTP/1.1" 404 614 "https://frugally.io/Discount/gender%3Dall%2Bvendors%3DNike%2Bbrands%3D" "Mozilla/5.0 (Macintosh; Intel Mac OS X 10_14_3) AppleWebKit/605.1.15 (KHTML, like Gecko) Version/12.0.3 Safari/605.1.15"
69.242.45.105 - - [09/Jun/2020:18:49:59 -0400] "GET / HTTP/1.1" 200 18482 "-" "Mozilla/5.0 (Macintosh; Intel Mac OS X 10_14_6) AppleWebKit/537.36 (KHTML, like Gecko) Chrome/83.0.4103.61 Safari/537.36"
69.242.45.105 - - [09/Jun/2020:18:50:00 -0400] "GET /static/css/style.css HTTP/1.1" 200 3992 "https://frugally.io/" "Mozilla/5.0 (Macintosh; Intel Mac OS X 10_14_6) AppleWebKit/537.36 (KHTML, like Gecko) Chrome/83.0.4103.61 Safari/537.36"
98.4.79.199 - - [09/Jun/2020:18:50:00 -0400] "GET / HTTP/1.1" 200 14348 "-" "Mozilla/5.0 (Macintosh; Intel Mac OS X 10_14_3) AppleWebKit/605.1.15 (KHTML, like Gecko) Version/12.0.3 Safari/605.1.15"
69.242.45.105 - - [09/Jun/2020:18:50:02 -0400] "POST / HTTP/1.1" 302 613 "https://frugally.io/" "Mozilla/5.0 (Macintosh; Intel Mac OS X 10_14_6) AppleWebKit/537.36 (KHTML, like Gecko) Chrome/83.0.4103.61 Safari/537.36"
98.4.79.199 - - [09/Jun/2020:18:50:02 -0400] "GET / HTTP/1.1" 200 14348 "-" "Mozilla/5.0 (Macintosh; Intel Mac OS X 10_14_3) AppleWebKit/605.1.15 (KHTML, like Gecko) Version/12.0.3 Safari/605.1.15"
69.242.45.105 - - [09/Jun/2020:18:50:02 -0400] "GET /discount/gender%3Dall%2Bvendors%3D%2Bbrands%3D HTTP/1.1" 200 13878 "-" "Mozilla/5.0 (Macintosh; Intel Mac OS X 10_14_6) AppleWebKit/537.36 (KHTML, like Gecko) Chrome/83.0.4103.61 Safari/537.36"
69.242.45.105 - - [09/Jun/2020:18:50:09 -0400] "POST /discount/gender%3Dall%2Bvendors%3D%2Bbrands%3D HTTP/1.1" 302 613 "https://frugally.io/discount/gender%3Dall%2Bvendors%3D%2Bbrands%3D" "Mozilla/5.0 (Macintosh; Intel Mac OS X 10_14_6) AppleWebKit/537.36 (KHTML, like Gecko) Chrome/83.0.4103.61 Safari/537.36"
69.242.45.105 - - [09/Jun/2020:18:50:09 -0400] "GET /discount/gender%3Dall%2Bvendors%3D%2Bbrands%3D HTTP/1.1" 200 13878 "-" "Mozilla/5.0 (Macintosh; Intel Mac OS X 10_14_6) AppleWebKit/537.36 (KHTML, like Gecko) Chrome/83.0.4103.61 Safari/537.36"
98.4.79.199 - - [09/Jun/2020:18:50:11 -0400] "POST / HTTP/1.1" 302 804 "https://frugally.io/" "Mozilla/5.0 (Macintosh; Intel Mac OS X 10_14_3) AppleWebKit/605.1.15 (KHTML, like Gecko) Version/12.0.3 Safari/605.1.15"
98.4.79.199 - - [09/Jun/2020:18:50:12 -0400] "GET /Discount/gender%3Dall%2Bvendors%3DNordstrom%2Bbrands%3D HTTP/1.1" 404 472 "-" "Mozilla/5.0 (Macintosh; Intel Mac OS X 10_14_3) AppleWebKit/605.1.15 (KHTML, like Gecko) Version/12.0.3 Safari/605.1.15"
98.4.79.199 - - [09/Jun/2020:18:50:12 -0400] "GET /favicon.ico HTTP/1.1" 404 629 "https://frugally.io/Discount/gender%3Dall%2Bvendors%3DNordstrom%2Bbrands%3D" "Mozilla/5.0 (Macintosh; Intel Mac OS X 10_14_3) AppleWebKit/605.1.15 (KHTML, like Gecko) Version/12.0.3 Safari/605.1.15"
98.4.79.199 - - [09/Jun/2020:18:50:16 -0400] "GET / HTTP/1.1" 200 14348 "-" "Mozilla/5.0 (Macintosh; Intel Mac OS X 10_14_3) AppleWebKit/605.1.15 (KHTML, like Gecko) Version/12.0.3 Safari/605.1.15"
98.4.79.199 - - [09/Jun/2020:18:50:22 -0400] "POST / HTTP/1.1" 302 774 "https://frugally.io/" "Mozilla/5.0 (Macintosh; Intel Mac OS X 10_14_3) AppleWebKit/605.1.15 (KHTML, like Gecko) Version/12.0.3 Safari/605.1.15"
98.4.79.199 - - [09/Jun/2020:18:50:23 -0400] "GET /Discount/gender%3Dall%2Bvendors%3DNike%2Bbrands%3D HTTP/1.1" 404 472 "-" "Mozilla/5.0 (Macintosh; Intel Mac OS X 10_14_3) AppleWebKit/605.1.15 (KHTML, like Gecko) Version/12.0.3 Safari/605.1.15"
69.242.45.105 - - [09/Jun/2020:18:50:36 -0400] "POST /discount/gender%3Dall%2Bvendors%3D%2Bbrands%3D HTTP/1.1" 302 1147 "https://frugally.io/discount/gender%3Dall%2Bvendors%3D%2Bbrands%3D" "Mozilla/5.0 (Macintosh; Intel Mac OS X 10_14_6) AppleWebKit/537.36 (KHTML, like Gecko) Chrome/83.0.4103.61 Safari/537.36"
69.242.45.105 - - [09/Jun/2020:18:50:36 -0400] "GET /Discount/gender%3Dwomen%2Bvendors%3D%2Bbrands%3D HTTP/1.1" 404 465 "-" "Mozilla/5.0 (Macintosh; Intel Mac OS X 10_14_6) AppleWebKit/537.36 (KHTML, like Gecko) Chrome/83.0.4103.61 Safari/537.36"
69.242.45.105 - - [09/Jun/2020:18:50:40 -0400] "GET /discount/gender%3Dall%2Bvendors%3D%2Bbrands%3D HTTP/1.1" 200 13878 "-" "Mozilla/5.0 (Macintosh; Intel Mac OS X 10_14_6) AppleWebKit/537.36 (KHTML, like Gecko) Chrome/83.0.4103.61 Safari/537.36"
69.242.45.105 - - [09/Jun/2020:18:50:45 -0400] "POST /discount/gender%3Dall%2Bvendors%3D%2Bbrands%3D HTTP/1.1" 302 604 "https://frugally.io/discount/gender%3Dall%2Bvendors%3D%2Bbrands%3D" "Mozilla/5.0 (Macintosh; Intel Mac OS X 10_14_6) AppleWebKit/537.36 (KHTML, like Gecko) Chrome/83.0.4103.61 Safari/537.36"
69.242.45.105 - - [09/Jun/2020:18:50:46 -0400] "GET /Low/gender%3Dwomen%2Bvendors%3D%2Bbrands%3D HTTP/1.1" 404 465 "-" "Mozilla/5.0 (Macintosh; Intel Mac OS X 10_14_6) AppleWebKit/537.36 (KHTML, like Gecko) Chrome/83.0.4103.61 Safari/537.36"
69.242.45.105 - - [09/Jun/2020:18:50:54 -0400] "GET /Low/gender%3Dwomen%2Bvendors%3D%2Bbrands%3D HTTP/1.1" 404 993 "-" "Mozilla/5.0 (Macintosh; Intel Mac OS X 10_14_6) AppleWebKit/537.36 (KHTML, like Gecko) Chrome/83.0.4103.61 Safari/537.36"
69.242.45.105 - - [09/Jun/2020:18:52:10 -0400] "GET / HTTP/1.1" 200 14806 "-" "Mozilla/5.0 (Macintosh; Intel Mac OS X 10_14_6) AppleWebKit/537.36 (KHTML, like Gecko) Chrome/83.0.4103.61 Safari/537.36"
98.4.79.199 - - [09/Jun/2020:18:52:22 -0400] "GET / HTTP/1.1" 200 14505 "-" "Mozilla/5.0 (Macintosh; Intel Mac OS X 10_14_3) AppleWebKit/605.1.15 (KHTML, like Gecko) Version/12.0.3 Safari/605.1.15"
98.4.79.199 - - [09/Jun/2020:18:52:27 -0400] "POST / HTTP/1.1" 302 765 "https://frugally.io/" "Mozilla/5.0 (Macintosh; Intel Mac OS X 10_14_3) AppleWebKit/605.1.15 (KHTML, like Gecko) Version/12.0.3 Safari/605.1.15"
98.4.79.199 - - [09/Jun/2020:18:52:31 -0400] "GET /Low/gender%3Dwomen%2Bvendors%3DNike%2Bbrands%3D HTTP/1.1" 404 472 "-" "Mozilla/5.0 (Macintosh; Intel Mac OS X 10_14_3) AppleWebKit/605.1.15 (KHTML, like Gecko) Version/12.0.3 Safari/605.1.15"
98.4.79.199 - - [09/Jun/2020:18:52:31 -0400] "GET /favicon.ico HTTP/1.1" 404 629 "https://frugally.io/Low/gender%3Dwomen%2Bvendors%3DNike%2Bbrands%3D" "Mozilla/5.0 (Macintosh; Intel Mac OS X 10_14_3) AppleWebKit/605.1.15 (KHTML, like Gecko) Version/12.0.3 Safari/605.1.15"
98.4.79.199 - - [09/Jun/2020:18:52:35 -0400] "GET /Low/gender%3Dwomen%2Bvendors%3DNike%2Bbrands%3D HTTP/1.1" 404 472 "-" "Mozilla/5.0 (Macintosh; Intel Mac OS X 10_14_3) AppleWebKit/605.1.15 (KHTML, like Gecko) Version/12.0.3 Safari/605.1.15"
69.242.45.105 - - [09/Jun/2020:18:52:37 -0400] "GET / HTTP/1.1" 200 14806 "-" "Mozilla/5.0 (Macintosh; Intel Mac OS X 10_14_6) AppleWebKit/537.36 (KHTML, like Gecko) Chrome/83.0.4103.61 Safari/537.36"
98.4.79.199 - - [09/Jun/2020:18:52:41 -0400] "GET /Low/gender%3Dwomen%2Bvendors%3DNike%2Bbrands%3D HTTP/1.1" 404 614 "-" "Mozilla/5.0 (Macintosh; Intel Mac OS X 10_14_3) AppleWebKit/605.1.15 (KHTML, like Gecko) Version/12.0.3 Safari/605.1.15"
69.242.45.105 - - [09/Jun/2020:18:52:44 -0400] "POST / HTTP/1.1" 302 1141 "https://frugally.io/" "Mozilla/5.0 (Macintosh; Intel Mac OS X 10_14_6) AppleWebKit/537.36 (KHTML, like Gecko) Chrome/83.0.4103.61 Safari/537.36"
69.242.45.105 - - [09/Jun/2020:18:52:44 -0400] "GET /Discount/gender%3Dall%2Bvendors%3D%2Bbrands%3D HTTP/1.1" 404 465 "-" "Mozilla/5.0 (Macintosh; Intel Mac OS X 10_14_6) AppleWebKit/537.36 (KHTML, like Gecko) Chrome/83.0.4103.61 Safari/537.36"
98.4.79.199 - - [09/Jun/2020:18:52:46 -0400] "GET /Low/gender%3Dwomen%2Bvendors%3DNike%2Bbrands%3D HTTP/1.1" 404 614 "-" "Mozilla/5.0 (Macintosh; Intel Mac OS X 10_14_3) AppleWebKit/605.1.15 (KHTML, like Gecko) Version/12.0.3 Safari/605.1.15"
69.242.45.105 - - [09/Jun/2020:18:52:48 -0400] "GET /Discount/gender%3Dall%2Bvendors%3D%2Bbrands%3D HTTP/1.1" 404 465 "-" "Mozilla/5.0 (Macintosh; Intel Mac OS X 10_14_6) AppleWebKit/537.36 (KHTML, like Gecko) Chrome/83.0.4103.61 Safari/537.36"
69.242.45.105 - - [09/Jun/2020:18:52:51 -0400] "GET / HTTP/1.1" 200 14278 "-" "Mozilla/5.0 (Macintosh; Intel Mac OS X 10_14_6) AppleWebKit/537.36 (KHTML, like Gecko) Chrome/83.0.4103.61 Safari/537.36"
69.242.45.105 - - [09/Jun/2020:18:52:53 -0400] "POST / HTTP/1.1" 302 613 "https://frugally.io/" "Mozilla/5.0 (Macintosh; Intel Mac OS X 10_14_6) AppleWebKit/537.36 (KHTML, like Gecko) Chrome/83.0.4103.61 Safari/537.36"
69.242.45.105 - - [09/Jun/2020:18:52:53 -0400] "GET /discount/gender%3Dall%2Bvendors%3D%2Bbrands%3D HTTP/1.1" 200 13878 "-" "Mozilla/5.0 (Macintosh; Intel Mac OS X 10_14_6) AppleWebKit/537.36 (KHTML, like Gecko) Chrome/83.0.4103.61 Safari/537.36"
69.242.45.105 - - [09/Jun/2020:18:52:58 -0400] "GET / HTTP/1.1" 200 14278 "https://frugally.io/discount/gender%3Dall%2Bvendors%3D%2Bbrands%3D" "Mozilla/5.0 (Macintosh; Intel Mac OS X 10_14_6) AppleWebKit/537.36 (KHTML, like Gecko) Chrome/83.0.4103.61 Safari/537.36"
98.4.79.199 - - [09/Jun/2020:18:53:03 -0400] "POST / HTTP/1.1" 302 780 "https://frugally.io/" "Mozilla/5.0 (Macintosh; Intel Mac OS X 10_14_3) AppleWebKit/605.1.15 (KHTML, like Gecko) Version/12.0.3 Safari/605.1.15"
98.4.79.199 - - [09/Jun/2020:18:53:04 -0400] "GET /Low/gender%3Dwomen%2Bvendors%3DNordstrom%2Bbrands%3D HTTP/1.1" 404 472 "-" "Mozilla/5.0 (Macintosh; Intel Mac OS X 10_14_3) AppleWebKit/605.1.15 (KHTML, like Gecko) Version/12.0.3 Safari/605.1.15"
98.4.79.199 - - [09/Jun/2020:18:53:04 -0400] "GET /favicon.ico HTTP/1.1" 404 629 "https://frugally.io/Low/gender%3Dwomen%2Bvendors%3DNordstrom%2Bbrands%3D" "Mozilla/5.0 (Macintosh; Intel Mac OS X 10_14_3) AppleWebKit/605.1.15 (KHTML, like Gecko) Version/12.0.3 Safari/605.1.15"
69.242.45.105 - - [09/Jun/2020:18:53:06 -0400] "POST / HTTP/1.1" 302 1141 "https://frugally.io/" "Mozilla/5.0 (Macintosh; Intel Mac OS X 10_14_6) AppleWebKit/537.36 (KHTML, like Gecko) Chrome/83.0.4103.61 Safari/537.36"
69.242.45.105 - - [09/Jun/2020:18:53:06 -0400] "GET /Discount/gender%3Dall%2Bvendors%3D%2Bbrands%3D HTTP/1.1" 404 465 "-" "Mozilla/5.0 (Macintosh; Intel Mac OS X 10_14_6) AppleWebKit/537.36 (KHTML, like Gecko) Chrome/83.0.4103.61 Safari/537.36"
98.4.79.199 - - [09/Jun/2020:18:53:17 -0400] "GET /static/css/style.css HTTP/1.1" 200 4155 "https://frugally.io/" "Mozilla/5.0 (Macintosh; Intel Mac OS X 10_14_3) AppleWebKit/605.1.15 (KHTML, like Gecko) Version/12.0.3 Safari/605.1.15"
98.4.79.199 - - [09/Jun/2020:18:53:17 -0400] "GET / HTTP/1.1" 200 14490 "-" "Mozilla/5.0 (Macintosh; Intel Mac OS X 10_14_3) AppleWebKit/605.1.15 (KHTML, like Gecko) Version/12.0.3 Safari/605.1.15"
98.4.79.199 - - [09/Jun/2020:18:53:18 -0400] "GET /static/css/style.css HTTP/1.1" 200 4013 "https://frugally.io/" "Mozilla/5.0 (Macintosh; Intel Mac OS X 10_14_3) AppleWebKit/605.1.15 (KHTML, like Gecko) Version/12.0.3 Safari/605.1.15"
69.242.45.105 - - [09/Jun/2020:18:55:57 -0400] "GET / HTTP/1.1" 200 14806 "-" "Mozilla/5.0 (Macintosh; Intel Mac OS X 10_14_6) AppleWebKit/537.36 (KHTML, like Gecko) Chrome/83.0.4103.61 Safari/537.36"
69.242.45.105 - - [09/Jun/2020:18:56:06 -0400] "POST / HTTP/1.1" 302 1141 "https://frugally.io/" "Mozilla/5.0 (Macintosh; Intel Mac OS X 10_14_6) AppleWebKit/537.36 (KHTML, like Gecko) Chrome/83.0.4103.61 Safari/537.36"
69.242.45.105 - - [09/Jun/2020:18:56:06 -0400] "GET /Discount/gender%3Dall%2Bvendors%3D%2Bbrands%3D HTTP/1.1" 404 465 "-" "Mozilla/5.0 (Macintosh; Intel Mac OS X 10_14_6) AppleWebKit/537.36 (KHTML, like Gecko) Chrome/83.0.4103.61 Safari/537.36"
69.242.45.105 - - [09/Jun/2020:18:56:07 -0400] "GET / HTTP/1.1" 200 14278 "-" "Mozilla/5.0 (Macintosh; Intel Mac OS X 10_14_6) AppleWebKit/537.36 (KHTML, like Gecko) Chrome/83.0.4103.61 Safari/537.36"
69.242.45.105 - - [09/Jun/2020:18:56:23 -0400] "POST / HTTP/1.1" 302 1141 "https://frugally.io/" "Mozilla/5.0 (Macintosh; Intel Mac OS X 10_14_6) AppleWebKit/537.36 (KHTML, like Gecko) Chrome/83.0.4103.61 Safari/537.36"
69.242.45.105 - - [09/Jun/2020:18:56:23 -0400] "GET /Discount/gender%3Dall%2Bvendors%3D%2Bbrands%3D HTTP/1.1" 404 465 "-" "Mozilla/5.0 (Macintosh; Intel Mac OS X 10_14_6) AppleWebKit/537.36 (KHTML, like Gecko) Chrome/83.0.4103.61 Safari/537.36"
98.4.79.199 - - [09/Jun/2020:18:56:39 -0400] "POST / HTTP/1.1" 302 4186 "https://frugally.io/" "Mozilla/5.0 (Macintosh; Intel Mac OS X 10_14_3) AppleWebKit/605.1.15 (KHTML, like Gecko) Version/12.0.3 Safari/605.1.15"
98.4.79.199 - - [09/Jun/2020:18:56:40 -0400] "GET /High/gender%3Dall%2Bvendors%3DNike%2Bbrands%3D HTTP/1.1" 404 472 "-" "Mozilla/5.0 (Macintosh; Intel Mac OS X 10_14_3) AppleWebKit/605.1.15 (KHTML, like Gecko) Version/12.0.3 Safari/605.1.15"
98.4.79.199 - - [09/Jun/2020:18:56:40 -0400] "GET /favicon.ico HTTP/1.1" 404 4038 "https://frugally.io/High/gender%3Dall%2Bvendors%3DNike%2Bbrands%3D" "Mozilla/5.0 (Macintosh; Intel Mac OS X 10_14_3) AppleWebKit/605.1.15 (KHTML, like Gecko) Version/12.0.3 Safari/605.1.15"
71.58.214.49 - - [09/Jun/2020:18:56:43 -0400] "POST /discount/gender%3Dmen%2Bvendors%3DNike%2Bbrands%3D HTTP/1.1" 302 4844 "https://frugally.io/discount/gender%3Dmen%2Bvendors%3DNike%2Bbrands%3D" "Mozilla/5.0 (X11; Linux x86_64) AppleWebKit/537.36 (KHTML, like Gecko) Chrome/81.0.4044.92 Safari/537.36"
71.58.214.49 - - [09/Jun/2020:18:56:43 -0400] "GET /Discount/gender%3Dmen%2Bvendors%3DNordstrom%2Bbrands%3D HTTP/1.1" 404 465 "-" "Mozilla/5.0 (X11; Linux x86_64) AppleWebKit/537.36 (KHTML, like Gecko) Chrome/81.0.4044.92 Safari/537.36"
71.58.214.49 - - [09/Jun/2020:18:56:48 -0400] "GET /discount/gender%3Dmen%2Bvendors%3DNike%2Bbrands%3D HTTP/1.1" 200 8306 "-" "Mozilla/5.0 (X11; Linux x86_64) AppleWebKit/537.36 (KHTML, like Gecko) Chrome/81.0.4044.92 Safari/537.36"
69.242.45.105 - - [09/Jun/2020:18:56:50 -0400] "GET / HTTP/1.1" 200 14806 "-" "Mozilla/5.0 (Macintosh; Intel Mac OS X 10_14_6) AppleWebKit/537.36 (KHTML, like Gecko) Chrome/83.0.4103.61 Safari/537.36"
98.4.79.199 - - [09/Jun/2020:18:56:51 -0400] "GET / HTTP/1.1" 200 14505 "-" "Mozilla/5.0 (Macintosh; Intel Mac OS X 10_14_3) AppleWebKit/605.1.15 (KHTML, like Gecko) Version/12.0.3 Safari/605.1.15"
71.58.214.49 - - [09/Jun/2020:18:56:53 -0400] "GET / HTTP/1.1" 200 14278 "https://frugally.io/discount/gender%3Dmen%2Bvendors%3DNike%2Bbrands%3D" "Mozilla/5.0 (X11; Linux x86_64) AppleWebKit/537.36 (KHTML, like Gecko) Chrome/81.0.4044.92 Safari/537.36"
71.58.214.49 - - [09/Jun/2020:18:56:53 -0400] "GET /static/css/style.css HTTP/1.1" 200 3992 "https://frugally.io/" "Mozilla/5.0 (X11; Linux x86_64) AppleWebKit/537.36 (KHTML, like Gecko) Chrome/81.0.4044.92 Safari/537.36"
71.58.214.49 - - [09/Jun/2020:18:57:00 -0400] "POST / HTTP/1.1" 302 1168 "https://frugally.io/" "Mozilla/5.0 (X11; Linux x86_64) AppleWebKit/537.36 (KHTML, like Gecko) Chrome/81.0.4044.92 Safari/537.36"
71.58.214.49 - - [09/Jun/2020:18:57:00 -0400] "GET /Discount/gender%3Dmen%2Bvendors%3DNordstrom%2Bbrands%3D HTTP/1.1" 404 465 "-" "Mozilla/5.0 (X11; Linux x86_64) AppleWebKit/537.36 (KHTML, like Gecko) Chrome/81.0.4044.92 Safari/537.36"
71.58.214.49 - - [09/Jun/2020:18:57:03 -0400] "GET / HTTP/1.1" 200 14278 "https://frugally.io/discount/gender%3Dmen%2Bvendors%3DNike%2Bbrands%3D" "Mozilla/5.0 (X11; Linux x86_64) AppleWebKit/537.36 (KHTML, like Gecko) Chrome/81.0.4044.92 Safari/537.36"
65.99.105.146 - - [09/Jun/2020:18:57:04 -0400] "GET /Discount/gender%3Dall%2Bvendors%3D%2Bbrands%3D HTTP/1.1" 404 4669 "-" "Mozilla/5.0 (Linux; Android 10; SM-G973F) AppleWebKit/537.36 (KHTML, like Gecko) Chrome/83.0.4103.96 Mobile Safari/537.36"
65.99.105.146 - - [09/Jun/2020:18:57:05 -0400] "GET /favicon.ico HTTP/1.1" 404 465 "https://frugally.io/Discount/gender%3Dall%2Bvendors%3D%2Bbrands%3D" "Mozilla/5.0 (Linux; Android 10; SM-G973F) AppleWebKit/537.36 (KHTML, like Gecko) Chrome/83.0.4103.96 Mobile Safari/537.36"
71.58.214.49 - - [09/Jun/2020:18:57:11 -0400] "POST / HTTP/1.1" 302 1141 "https://frugally.io/" "Mozilla/5.0 (X11; Linux x86_64) AppleWebKit/537.36 (KHTML, like Gecko) Chrome/81.0.4044.92 Safari/537.36"
71.58.214.49 - - [09/Jun/2020:18:57:12 -0400] "GET /Discount/gender%3Dmen%2Bvendors%3D%2Bbrands%3D HTTP/1.1" 404 465 "-" "Mozilla/5.0 (X11; Linux x86_64) AppleWebKit/537.36 (KHTML, like Gecko) Chrome/81.0.4044.92 Safari/537.36"
71.58.214.49 - - [09/Jun/2020:18:57:14 -0400] "GET / HTTP/1.1" 200 14278 "https://frugally.io/discount/gender%3Dmen%2Bvendors%3DNike%2Bbrands%3D" "Mozilla/5.0 (X11; Linux x86_64) AppleWebKit/537.36 (KHTML, like Gecko) Chrome/81.0.4044.92 Safari/537.36"
71.58.214.49 - - [09/Jun/2020:18:57:20 -0400] "GET / HTTP/1.1" 200 14806 "https://frugally.io/" "Mozilla/5.0 (X11; Linux x86_64) AppleWebKit/537.36 (KHTML, like Gecko) Chrome/81.0.4044.92 Safari/537.36"
65.99.105.146 - - [09/Jun/2020:18:57:24 -0400] "-" 408 4203 "-" "-"
98.4.79.199 - - [09/Jun/2020:18:57:30 -0400] "GET / HTTP/1.1" 200 17914 "-" "Mozilla/5.0 (Macintosh; Intel Mac OS X 10_14_3) AppleWebKit/605.1.15 (KHTML, like Gecko) Version/12.0.3 Safari/605.1.15"
98.4.79.199 - - [09/Jun/2020:18:57:39 -0400] "POST / HTTP/1.1" 302 774 "https://frugally.io/" "Mozilla/5.0 (Macintosh; Intel Mac OS X 10_14_3) AppleWebKit/605.1.15 (KHTML, like Gecko) Version/12.0.3 Safari/605.1.15"
98.4.79.199 - - [09/Jun/2020:18:57:39 -0400] "GET /Discount/gender%3Dmen%2Bvendors%3DNike%2Bbrands%3D HTTP/1.1" 404 472 "-" "Mozilla/5.0 (Macintosh; Intel Mac OS X 10_14_3) AppleWebKit/605.1.15 (KHTML, like Gecko) Version/12.0.3 Safari/605.1.15"
98.4.79.199 - - [09/Jun/2020:18:57:39 -0400] "GET /favicon.ico HTTP/1.1" 404 4038 "https://frugally.io/Discount/gender%3Dmen%2Bvendors%3DNike%2Bbrands%3D" "Mozilla/5.0 (Macintosh; Intel Mac OS X 10_14_3) AppleWebKit/605.1.15 (KHTML, like Gecko) Version/12.0.3 Safari/605.1.15"
98.4.79.199 - - [09/Jun/2020:18:57:42 -0400] "GET /discount/gender%3Dmen%2Bvendors%3DNike%2Bbrands%3D HTTP/1.1" 200 4130 "-" "Mozilla/5.0 (Macintosh; Intel Mac OS X 10_14_3) AppleWebKit/605.1.15 (KHTML, like Gecko) Version/12.0.3 Safari/605.1.15"
98.4.79.199 - - [09/Jun/2020:18:57:43 -0400] "GET /favicon.ico HTTP/1.1" 404 472 "https://frugally.io/discount/gender%3Dmen%2Bvendors%3DNike%2Bbrands%3D" "Mozilla/5.0 (Macintosh; Intel Mac OS X 10_14_3) AppleWebKit/605.1.15 (KHTML, like Gecko) Version/12.0.3 Safari/605.1.15"
69.242.45.105 - - [09/Jun/2020:18:58:11 -0400] "GET / HTTP/1.1" 200 14806 "https://frugally.io/" "Mozilla/5.0 (Macintosh; Intel Mac OS X 10_14_6) AppleWebKit/537.36 (KHTML, like Gecko) Chrome/83.0.4103.61 Safari/537.36"
69.242.45.105 - - [09/Jun/2020:18:58:25 -0400] "POST / HTTP/1.1" 302 1141 "https://frugally.io/" "Mozilla/5.0 (Macintosh; Intel Mac OS X 10_14_6) AppleWebKit/537.36 (KHTML, like Gecko) Chrome/83.0.4103.61 Safari/537.36"
69.242.45.105 - - [09/Jun/2020:18:58:25 -0400] "GET /Discount/gender%3Dall%2Bvendors%3D%2Bbrands%3D HTTP/1.1" 404 465 "-" "Mozilla/5.0 (Macintosh; Intel Mac OS X 10_14_6) AppleWebKit/537.36 (KHTML, like Gecko) Chrome/83.0.4103.61 Safari/537.36"
98.4.79.199 - - [09/Jun/2020:18:58:26 -0400] "GET / HTTP/1.1" 200 14505 "-" "Mozilla/5.0 (Macintosh; Intel Mac OS X 10_14_3) AppleWebKit/605.1.15 (KHTML, like Gecko) Version/12.0.3 Safari/605.1.15"
69.242.45.105 - - [09/Jun/2020:18:58:32 -0400] "GET /discount/gender%3Dall%2Bvendors%3D%2Bbrands%3D HTTP/1.1" 200 14406 "-" "Mozilla/5.0 (Macintosh; Intel Mac OS X 10_14_6) AppleWebKit/537.36 (KHTML, like Gecko) Chrome/83.0.4103.61 Safari/537.36"
69.242.45.105 - - [09/Jun/2020:18:58:40 -0400] "POST /discount/gender%3Dall%2Bvendors%3D%2Bbrands%3D HTTP/1.1" 302 1147 "https://frugally.io/discount/gender%3Dall%2Bvendors%3D%2Bbrands%3D" "Mozilla/5.0 (Macintosh; Intel Mac OS X 10_14_6) AppleWebKit/537.36 (KHTML, like Gecko) Chrome/83.0.4103.61 Safari/537.36"
69.242.45.105 - - [09/Jun/2020:18:58:40 -0400] "GET /discount/gender%3Dwomen%2Bvendors%3D%2Bbrands%3D HTTP/1.1" 200 11426 "-" "Mozilla/5.0 (Macintosh; Intel Mac OS X 10_14_6) AppleWebKit/537.36 (KHTML, like Gecko) Chrome/83.0.4103.61 Safari/537.36"
69.242.45.105 - - [09/Jun/2020:18:59:06 -0400] "POST /discount/gender%3Dwomen%2Bvendors%3D%2Bbrands%3D HTTP/1.1" 302 1153 "https://frugally.io/discount/gender%3Dwomen%2Bvendors%3D%2Bbrands%3D" "Mozilla/5.0 (Macintosh; Intel Mac OS X 10_14_6) AppleWebKit/537.36 (KHTML, like Gecko) Chrome/83.0.4103.61 Safari/537.36"
69.242.45.105 - - [09/Jun/2020:18:59:06 -0400] "GET /discount/gender%3Dall%2Bvendors%3DNike%2Bbrands%3D HTTP/1.1" 200 3708 "-" "Mozilla/5.0 (Macintosh; Intel Mac OS X 10_14_6) AppleWebKit/537.36 (KHTML, like Gecko) Chrome/83.0.4103.61 Safari/537.36"
65.99.105.146 - - [09/Jun/2020:18:59:14 -0400] "GET /discount/gender%3Dall%2Bvendors%3D%2Bbrands%3D HTTP/1.1" 200 18082 "-" "Mozilla/5.0 (Windows NT 10.0; Win64; x64) AppleWebKit/537.36 (KHTML, like Gecko) Chrome/81.0.4044.138 Safari/537.36"
65.99.105.146 - - [09/Jun/2020:18:59:16 -0400] "GET /static/css/style.css HTTP/1.1" 200 3992 "https://frugally.io/discount/gender%3Dall%2Bvendors%3D%2Bbrands%3D" "Mozilla/5.0 (Windows NT 10.0; Win64; x64) AppleWebKit/537.36 (KHTML, like Gecko) Chrome/81.0.4044.138 Safari/537.36"
65.99.105.146 - - [09/Jun/2020:18:59:19 -0400] "GET / HTTP/1.1" 200 14278 "https://frugally.io/discount/gender%3Dall%2Bvendors%3D%2Bbrands%3D" "Mozilla/5.0 (Windows NT 10.0; Win64; x64) AppleWebKit/537.36 (KHTML, like Gecko) Chrome/81.0.4044.138 Safari/537.36"
98.4.79.199 - - [09/Jun/2020:19:00:10 -0400] "GET / HTTP/1.1" 200 17914 "-" "Mozilla/5.0 (Macintosh; Intel Mac OS X 10_14_3) AppleWebKit/605.1.15 (KHTML, like Gecko) Version/12.0.3 Safari/605.1.15"
98.4.79.199 - - [09/Jun/2020:19:00:19 -0400] "POST / HTTP/1.1" 302 777 "https://frugally.io/" "Mozilla/5.0 (Macintosh; Intel Mac OS X 10_14_3) AppleWebKit/605.1.15 (KHTML, like Gecko) Version/12.0.3 Safari/605.1.15"
98.4.79.199 - - [09/Jun/2020:19:00:19 -0400] "GET /high/gender%3Dall%2Bvendors%3DNike%2Bbrands%3D HTTP/1.1" 200 3875 "-" "Mozilla/5.0 (Macintosh; Intel Mac OS X 10_14_3) AppleWebKit/605.1.15 (KHTML, like Gecko) Version/12.0.3 Safari/605.1.15"
98.4.79.199 - - [09/Jun/2020:19:00:20 -0400] "GET /favicon.ico HTTP/1.1" 404 4038 "https://frugally.io/high/gender%3Dall%2Bvendors%3DNike%2Bbrands%3D" "Mozilla/5.0 (Macintosh; Intel Mac OS X 10_14_3) AppleWebKit/605.1.15 (KHTML, like Gecko) Version/12.0.3 Safari/605.1.15"
98.4.79.199 - - [09/Jun/2020:19:00:25 -0400] "GET /high/gender%3Dall%2Bvendors%3DNike%2Bbrands%3D?page=2 HTTP/1.1" 200 3850 "https://frugally.io/high/gender%3Dall%2Bvendors%3DNike%2Bbrands%3D" "Mozilla/5.0 (Macintosh; Intel Mac OS X 10_14_3) AppleWebKit/605.1.15 (KHTML, like Gecko) Version/12.0.3 Safari/605.1.15"
98.4.79.199 - - [09/Jun/2020:19:00:26 -0400] "GET /favicon.ico HTTP/1.1" 404 614 "https://frugally.io/high/gender%3Dall%2Bvendors%3DNike%2Bbrands%3D?page=2" "Mozilla/5.0 (Macintosh; Intel Mac OS X 10_14_3) AppleWebKit/605.1.15 (KHTML, like Gecko) Version/12.0.3 Safari/605.1.15"
98.4.79.199 - - [09/Jun/2020:19:00:32 -0400] "GET /high/gender%3Dall%2Bvendors%3DNike%2Bbrands%3D?page=4 HTTP/1.1" 200 3904 "https://frugally.io/high/gender%3Dall%2Bvendors%3DNike%2Bbrands%3D?page=2" "Mozilla/5.0 (Macintosh; Intel Mac OS X 10_14_3) AppleWebKit/605.1.15 (KHTML, like Gecko) Version/12.0.3 Safari/605.1.15"
98.4.79.199 - - [09/Jun/2020:19:00:33 -0400] "GET /favicon.ico HTTP/1.1" 404 614 "https://frugally.io/high/gender%3Dall%2Bvendors%3DNike%2Bbrands%3D?page=4" "Mozilla/5.0 (Macintosh; Intel Mac OS X 10_14_3) AppleWebKit/605.1.15 (KHTML, like Gecko) Version/12.0.3 Safari/605.1.15"
98.4.79.199 - - [09/Jun/2020:19:11:37 -0400] "GET /static/css/style.css HTTP/1.1" 200 4155 "https://frugally.io/" "Mozilla/5.0 (Macintosh; Intel Mac OS X 10_14_3) AppleWebKit/605.1.15 (KHTML, like Gecko) Version/12.0.3 Safari/605.1.15"
98.4.79.199 - - [09/Jun/2020:19:11:37 -0400] "GET / HTTP/1.1" 200 17914 "-" "Mozilla/5.0 (Macintosh; Intel Mac OS X 10_14_3) AppleWebKit/605.1.15 (KHTML, like Gecko) Version/12.0.3 Safari/605.1.15"
69.242.45.105 - - [09/Jun/2020:19:12:25 -0400] "POST /discount/gender%3Dall%2Bvendors%3DNike%2Bbrands%3D HTTP/1.1" 302 4817 "https://frugally.io/discount/gender%3Dall%2Bvendors%3DNike%2Bbrands%3D" "Mozilla/5.0 (Macintosh; Intel Mac OS X 10_14_6) AppleWebKit/537.36 (KHTML, like Gecko) Chrome/83.0.4103.61 Safari/537.36"
69.242.45.105 - - [09/Jun/2020:19:12:25 -0400] "GET /discount/gender%3Dall%2Bvendors%3D%2Bbrands%3D HTTP/1.1" 200 13878 "-" "Mozilla/5.0 (Macintosh; Intel Mac OS X 10_14_6) AppleWebKit/537.36 (KHTML, like Gecko) Chrome/83.0.4103.61 Safari/537.36"
69.242.45.105 - - [09/Jun/2020:19:12:26 -0400] "GET /static/css/style.css HTTP/1.1" 200 3992 "https://frugally.io/discount/gender%3Dall%2Bvendors%3D%2Bbrands%3D" "Mozilla/5.0 (Macintosh; Intel Mac OS X 10_14_6) AppleWebKit/537.36 (KHTML, like Gecko) Chrome/83.0.4103.61 Safari/537.36"
98.4.79.199 - - [09/Jun/2020:19:12:53 -0400] "GET / HTTP/1.1" 200 14505 "-" "Mozilla/5.0 (Macintosh; Intel Mac OS X 10_14_3) AppleWebKit/605.1.15 (KHTML, like Gecko) Version/12.0.3 Safari/605.1.15"
